  [sf5000] g000 mate plies=11 med_nodes=5002  [6s]
  [sf5000] g001 mate plies=17 med_nodes=5002  [6s]
  [sf5000] g002 mate plies=15 med_nodes=5001  [6s]
  [sf5000] g003 mate plies=11 med_nodes=5001  [6s]
  [sf5000] g004 mate plies=13 med_nodes=5001  [6s]
  [sf5000] g005 mate plies=15 med_nodes=5002  [6s]
  [sf5000] g006 mate plies=19 med_nodes=5002  [6s]
  [sf5000] g007 mate plies=13 med_nodes=5002  [6s]
  [sf5000] g008 mate plies=15 med_nodes=5001  [6s]
  [sf5000] g009 mate plies=7 med_nodes=5001  [6s]
  [sf5000] g010 mate plies=5 med_nodes=5000  [6s]
  [sf5000] g011 mate plies=15 med_nodes=5001  [6s]
  [sf5000] g012 mate plies=5 med_nodes=5003  [6s]
  [sf5000] g013 mate plies=21 med_nodes=5002  [7s]
  [sf5000] g014 mate plies=11 med_nodes=5001  [7s]
  [sf5000] g015 mate plies=9 med_nodes=5001  [7s]
  [sf5000] g016 mate plies=9 med_nodes=5003  [7s]
  [sf5000] g017 mate plies=9 med_nodes=5001  [7s]
  [sf5000] g018 mate plies=7 med_nodes=5002  [7s]
  [sf5000] g019 mate plies=13 med_nodes=5001  [7s]
  [sf5000] g020 mate plies=15 med_nodes=5001  [7s]
  [sf5000] g021 mate plies=13 med_nodes=5001  [7s]
  [sf5000] g022 mate plies=9 med_nodes=5001  [7s]
  [sf5000] g023 mate plies=13 med_nodes=5002  [7s]
  [sf5000] g024 mate plies=7 med_nodes=5001  [7s]
  [sf5000] g025 mate plies=17 med_nodes=5001  [7s]
  [sf5000] g026 mate plies=13 med_nodes=5002  [7s]
  [sf5000] g027 mate plies=17 med_nodes=5001  [7s]
  [sf5000] g028 mate plies=13 med_nodes=5003  [7s]
  [sf5000] g029 mate plies=11 med_nodes=5002  [7s]
  [sf5000] g030 mate plies=5 med_nodes=5001  [7s]
  [sf5000] g031 mate plies=9 med_nodes=5002  [7s]
  [sf5000] g032 mate plies=9 med_nodes=5002  [7s]
  [sf5000] g033 mate plies=9 med_nodes=5003  [7s]
  [sf5000] g034 mate plies=13 med_nodes=5000  [7s]
  [sf5000] g035 mate plies=15 med_nodes=5003  [7s]
  [sf5000] g036 mate plies=9 med_nodes=5002  [7s]
  [sf5000] g037 mate plies=11 med_nodes=5001  [7s]
  [sf5000] g038 mate plies=11 med_nodes=5001  [7s]
  [sf5000] g039 mate plies=13 med_nodes=5001  [7s]
  [sf5000] g040 mate plies=7 med_nodes=5002  [7s]
  [sf5000] g041 mate plies=9 med_nodes=5002  [7s]
  [sf5000] g042 mate plies=9 med_nodes=5002  [7s]
  [sf5000] g043 mate plies=9 med_nodes=5003  [7s]
  [sf5000] g044 mate plies=3 med_nodes=5001  [7s]
  [sf5000] g045 mate plies=7 med_nodes=5003  [7s]
  [sf5000] g046 mate plies=5 med_nodes=5001  [7s]
  [sf5000] g047 mate plies=7 med_nodes=5001  [7s]
VERDICT BENCH cfg=sf5000 mate=48/48 (1.00) med_plies=11 med_nodes/move=5001  [7s]
  [sf100ms] g000 mate plies=7 med_nodes=134306  [7s]
  [sf100ms] g001 mate plies=5 med_nodes=213733  [7s]
  [sf100ms] g002 mate plies=9 med_nodes=336939  [8s]
  [sf100ms] g003 mate plies=9 med_nodes=240591  [8s]
  [sf100ms] g004 mate plies=11 med_nodes=362010  [8s]
  [sf100ms] g005 mate plies=7 med_nodes=95976  [8s]
  [sf100ms] g006 mate plies=13 med_nodes=405994  [9s]
  [sf100ms] g007 mate plies=7 med_nodes=221618  [9s]
  [sf100ms] g008 mate plies=7 med_nodes=271794  [9s]
  [sf100ms] g009 mate plies=3 med_nodes=12022  [9s]
  [sf100ms] g010 mate plies=5 med_nodes=8634  [9s]
  [sf100ms] g011 mate plies=7 med_nodes=142636  [9s]
  [sf100ms] g012 mate plies=5 med_nodes=10025  [9s]
  [sf100ms] g013 mate plies=9 med_nodes=286682  [10s]
  [sf100ms] g014 mate plies=7 med_nodes=294269  [10s]
  [sf100ms] g015 mate plies=9 med_nodes=318969  [10s]
  [sf100ms] g016 mate plies=9 med_nodes=163801  [10s]
  [sf100ms] g017 mate plies=7 med_nodes=138963  [11s]
  [sf100ms] g018 mate plies=7 med_nodes=206660  [11s]
  [sf100ms] g019 mate plies=7 med_nodes=115075  [11s]
  [sf100ms] g020 mate plies=9 med_nodes=318406  [11s]
  [sf100ms] g021 mate plies=9 med_nodes=245573  [11s]
  [sf100ms] g022 mate plies=9 med_nodes=206947  [12s]
  [sf100ms] g023 mate plies=7 med_nodes=164796  [12s]
  [sf100ms] g024 mate plies=5 med_nodes=17716  [12s]
  [sf100ms] g025 mate plies=9 med_nodes=307290  [12s]
  [sf100ms] g026 mate plies=7 med_nodes=237489  [12s]
  [sf100ms] g027 mate plies=9 med_nodes=432479  [13s]
  [sf100ms] g028 mate plies=9 med_nodes=250250  [13s]
  [sf100ms] g029 mate plies=7 med_nodes=232922  [13s]
  [sf100ms] g030 mate plies=5 med_nodes=9341  [13s]
  [sf100ms] g031 mate plies=5 med_nodes=270156  [13s]
  [sf100ms] g032 mate plies=7 med_nodes=138907  [13s]
  [sf100ms] g033 mate plies=7 med_nodes=243801  [13s]
  [sf100ms] g034 mate plies=11 med_nodes=324590  [14s]
  [sf100ms] g035 mate plies=9 med_nodes=194491  [14s]
  [sf100ms] g036 mate plies=7 med_nodes=83526  [14s]
  [sf100ms] g037 mate plies=7 med_nodes=116087  [14s]
  [sf100ms] g038 mate plies=11 med_nodes=383943  [15s]
  [sf100ms] g039 mate plies=9 med_nodes=222068  [15s]
  [sf100ms] g040 mate plies=7 med_nodes=117386  [15s]
  [sf100ms] g041 mate plies=5 med_nodes=8097  [15s]
  [sf100ms] g042 mate plies=5 med_nodes=11018  [15s]
  [sf100ms] g043 mate plies=7 med_nodes=184951  [15s]
  [sf100ms] g044 mate plies=3 med_nodes=12586  [15s]
  [sf100ms] g045 mate plies=7 med_nodes=108437  [15s]
  [sf100ms] g046 mate plies=5 med_nodes=12579  [15s]
  [sf100ms] g047 mate plies=9 med_nodes=285097  [16s]
VERDICT BENCH cfg=sf100ms mate=48/48 (1.00) med_plies=7 med_nodes/move=206804  [16s]
<UciProtocol (pid=41447)>: stderr >> [1m[31m       _
<UciProtocol (pid=41447)>: stderr >> |   _ | |
<UciProtocol (pid=41447)>: stderr >> |_ |_ |_|[0m v0.32.1+git.dirty built Nov 23 2025
<UciProtocol (pid=41447)>: stderr >> Search algorithm: classic
<UciProtocol (pid=41447)>: stderr >> Loading weights file from: data/engines/maia/maia-1900.pb.gz
<UciProtocol (pid=41447)>: stderr >> Initialized metal backend on device Apple M3 Pro
  [maia1900_5000] g000 mate plies=9 med_nodes=25  [18s]
  [maia1900_5000] g001 mate plies=9 med_nodes=154  [19s]
  [maia1900_5000] g002 mate plies=9 med_nodes=178  [20s]
  [maia1900_5000] g003 mate plies=15 med_nodes=4957  [23s]
  [maia1900_5000] g004 mate plies=13 med_nodes=4516  [25s]
  [maia1900_5000] g005 mate plies=7 med_nodes=58  [26s]
  [maia1900_5000] g006 mate plies=13 med_nodes=283  [28s]
  [maia1900_5000] g007 mate plies=13 med_nodes=4739  [30s]
  [maia1900_5000] g008 mate plies=11 med_nodes=3742  [31s]
  [maia1900_5000] g009 mate plies=3 med_nodes=71  [32s]
  [maia1900_5000] g010 mate plies=5 med_nodes=54  [32s]
  [maia1900_5000] g011 mate plies=11 med_nodes=40  [33s]
  [maia1900_5000] g012 mate plies=5 med_nodes=39  [34s]
  [maia1900_5000] g013 mate plies=9 med_nodes=72  [35s]
  [maia1900_5000] g014 mate plies=7 med_nodes=134  [36s]
  [maia1900_5000] g015 mate plies=7 med_nodes=589  [37s]
  [maia1900_5000] g016 mate plies=11 med_nodes=4468  [38s]
  [maia1900_5000] g017 mate plies=7 med_nodes=196  [39s]
  [maia1900_5000] g018 mate plies=7 med_nodes=641  [40s]
  [maia1900_5000] g019 mate plies=9 med_nodes=4618  [41s]
  [maia1900_5000] g020 mate plies=17 med_nodes=4756  [44s]
  [maia1900_5000] g021 mate plies=9 med_nodes=22  [45s]
  [maia1900_5000] g022 mate plies=7 med_nodes=105  [46s]
  [maia1900_5000] g023 mate plies=11 med_nodes=1136  [47s]
  [maia1900_5000] g024 mate plies=5 med_nodes=12  [48s]
  [maia1900_5000] g025 mate plies=7 med_nodes=228  [48s]
  [maia1900_5000] g026 mate plies=15 med_nodes=2530  [50s]
  [maia1900_5000] g027 mate plies=9 med_nodes=34  [51s]
  [maia1900_5000] g028 mate plies=11 med_nodes=3314  [52s]
  [maia1900_5000] g029 mate plies=7 med_nodes=262  [53s]
  [maia1900_5000] g030 mate plies=5 med_nodes=9  [53s]
  [maia1900_5000] g031 mate plies=15 med_nodes=341  [55s]
  [maia1900_5000] g032 mate plies=9 med_nodes=44  [56s]
  [maia1900_5000] g033 mate plies=11 med_nodes=4180  [57s]
  [maia1900_5000] g034 mate plies=13 med_nodes=4719  [59s]
  [maia1900_5000] g035 mate plies=19 med_nodes=4905  [62s]
  [maia1900_5000] g036 mate plies=7 med_nodes=41  [62s]
  [maia1900_5000] g037 mate plies=5 med_nodes=48  [63s]
  [maia1900_5000] g038 mate plies=13 med_nodes=4358  [65s]
  [maia1900_5000] g039 mate plies=13 med_nodes=3620  [67s]
  [maia1900_5000] g040 mate plies=7 med_nodes=79  [67s]
  [maia1900_5000] g041 mate plies=7 med_nodes=631  [69s]
  [maia1900_5000] g042 mate plies=5 med_nodes=63  [69s]
  [maia1900_5000] g043 mate plies=7 med_nodes=130  [70s]
  [maia1900_5000] g044 mate plies=3 med_nodes=40  [70s]
  [maia1900_5000] g045 mate plies=7 med_nodes=170  [71s]
  [maia1900_5000] g046 mate plies=5 med_nodes=44  [72s]
  [maia1900_5000] g047 mate plies=9 med_nodes=249  [73s]
VERDICT BENCH cfg=maia1900_5000 mate=48/48 (1.00) med_plies=9 med_nodes/move=187  [73s]
