/Users/kav/code/remote/github/catspace/catspace/nn/opponent.py:48: UserWarning: enable_nested_tensor is True, but self.use_nested_tensor is False because encoder_layer.norm_first was True
  self.self_attn = nn.TransformerEncoder(layer, num_layers=n_self_layers)
/Users/kav/code/remote/github/catspace/catspace/nn/opponent.py:48: UserWarning: enable_nested_tensor is True, but self.use_nested_tensor is False because encoder_layer.norm_first was True
  self.self_attn = nn.TransformerEncoder(layer, num_layers=n_self_layers)
/Users/kav/code/remote/github/catspace/catspace/nn/opponent.py:48: UserWarning: enable_nested_tensor is True, but self.use_nested_tensor is False because encoder_layer.norm_first was True
  self.self_attn = nn.TransformerEncoder(layer, num_layers=n_self_layers)
/Users/kav/code/remote/github/catspace/catspace/nn/opponent.py:48: UserWarning: enable_nested_tensor is True, but self.use_nested_tensor is False because encoder_layer.norm_first was True
  self.self_attn = nn.TransformerEncoder(layer, num_layers=n_self_layers)
    mv01    4.8s = prior   2.2 ( 951) + embF   0.0 (   0) + dbank   0.0 (    0) + tree   2.4 + harvest  0.2  nodes=1206
    mv01    5.0s = prior   3.6 (3405) + embF   0.0 (   0) + dbank   0.0 (    0) + tree   1.1 + harvest  0.2  nodes=5000
    mv01    5.1s = prior   3.6 (3349) + embF   0.0 (   0) + dbank   0.0 (    0) + tree   1.3 + harvest  0.2  nodes=5000
    mv01    5.2s = prior   3.7 (3450) + embF   0.0 (   0) + dbank   0.0 (    0) + tree   1.3 + harvest  0.2  nodes=5000
    mv02    5.2s = prior   0.1 (  54) + embF   2.3 ( 558) + dbank   0.9 (  558) + tree   1.8 + harvest  0.0  nodes=688
    mv03    0.0s = prior   0.0 (   0) + embF   0.0 (   0) + dbank   0.0 (    1) + tree   0.0 + harvest  0.0  nodes=1
  g001 mate plies=5 bank=101(+101) ms=3 t/move=4.8s t/game=10s nodes/s=190 [16s]
    mv02    8.5s = prior   2.3 (2032) + embF   3.7 (3014) + dbank   1.0 ( 3014) + tree   1.4 + harvest  0.1  nodes=5000
    mv02    8.4s = prior   3.2 (3092) + embF   2.8 (3432) + dbank   0.8 ( 3432) + tree   1.5 + harvest  0.1  nodes=5000
    mv02    9.0s = prior   3.1 (2997) + embF   3.1 (3474) + dbank   1.1 ( 3474) + tree   1.7 + harvest  0.1  nodes=5000
    mv01    9.8s = prior   3.1 (3175) + embF   2.9 (3175) + dbank   2.4 ( 3175) + tree   1.4 + harvest  0.1  nodes=5000
    mv03    8.3s = prior   2.6 (2129) + embF   3.6 (2169) + dbank   0.8 ( 2169) + tree   1.3 + harvest  0.1  nodes=5000
    mv03    7.8s = prior   2.3 (2193) + embF   2.3 (2200) + dbank   1.4 ( 3255) + tree   1.8 + harvest  0.1  nodes=5000
    mv03    8.5s = prior   3.2 (3187) + embF   2.8 (3466) + dbank   0.7 ( 3466) + tree   1.8 + harvest  0.1  nodes=5000
    mv02   11.8s = prior   3.0 (1913) + embF   4.6 (1913) + dbank   2.5 ( 2368) + tree   1.5 + harvest  0.1  nodes=5000
  g005 FAIL plies=4 bank=130(+4) ms=5 t/move=10.8s t/game=22s nodes/s=464 [38s]
    mv04    7.1s = prior   2.0 (1502) + embF   2.8 (1539) + dbank   0.6 ( 1539) + tree   1.6 + harvest  0.1  nodes=5000
    mv04    9.9s = prior   3.7 (3664) + embF   2.7 (3686) + dbank   1.6 ( 4011) + tree   1.8 + harvest  0.1  nodes=5000
    mv05    3.6s = prior   0.6 ( 340) + embF   1.1 ( 351) + dbank   0.2 (  351) + tree   1.5 + harvest  0.1  nodes=5000
    mv04   11.9s = prior   3.8 (3513) + embF   4.1 (3514) + dbank   1.9 ( 3963) + tree   1.9 + harvest  0.1  nodes=5000
    mv01    9.7s = prior   3.0 (3113) + embF   1.9 (3113) + dbank   3.0 ( 3129) + tree   1.7 + harvest  0.1  nodes=5000
    mv05    9.8s = prior   2.3 (2349) + embF   2.6 (2367) + dbank   3.1 ( 3868) + tree   1.6 + harvest  0.1  nodes=5000
    mv06   10.6s = prior   2.6 (1958) + embF   5.1 (1979) + dbank   1.2 ( 1979) + tree   1.6 + harvest  0.1  nodes=5000
    mv02   11.6s = prior   3.0 (3189) + embF   2.9 (3189) + dbank   3.9 ( 3793) + tree   1.7 + harvest  0.1  nodes=5000
    mv05   14.2s = prior   3.3 (3005) + embF   4.5 (3010) + dbank   4.6 ( 3724) + tree   1.6 + harvest  0.2  nodes=5000
    mv07   10.3s = prior   2.5 (2092) + embF   4.9 (2102) + dbank   1.1 ( 2102) + tree   1.7 + harvest  0.1  nodes=5000
  g002 FAIL plies=14 bank=4(+4) ms=7 t/move=8.3s t/game=53s nodes/s=658 [65s]
    mv03   11.8s = prior   2.9 (3209) + embF   2.3 (3209) + dbank   4.6 ( 3787) + tree   1.8 + harvest  0.1  nodes=5000
    mv01   15.0s = prior   1.9 ( 986) + embF   5.2 ( 986) + dbank   4.6 (  986) + tree   3.4 + harvest  0.0  nodes=1109
    mv06   28.0s = prior   4.5 (2615) + embF  12.4 (2615) + dbank   5.4 ( 2951) + tree   5.6 + harvest  0.1  nodes=3919
    mv06   22.6s = prior   3.4 (1891) + embF   9.3 (1893) + dbank   5.4 ( 2136) + tree   4.4 + harvest  0.1  nodes=2811
    mv02    3.6s = prior   0.0 (   3) + embF   0.0 (   3) + dbank   1.1 (  505) + tree   2.5 + harvest  0.0  nodes=568
    mv03    0.0s = prior   0.0 (   0) + embF   0.0 (   0) + dbank   0.0 (    0) + tree   0.0 + harvest  0.0  nodes=1
  g006 mate plies=5 bank=648(+49) ms=15 t/move=3.6s t/game=19s nodes/s=90 [84s]
    mv04   12.9s = prior   3.1 (3176) + embF   2.2 (3176) + dbank   5.7 ( 4085) + tree   1.8 + harvest  0.1  nodes=5000
    mv07    8.1s = prior   0.4 ( 201) + embF   3.2 ( 201) + dbank   2.1 (  484) + tree   2.3 + harvest  0.0  nodes=591
    mv08    0.0s = prior   0.0 (   0) + embF   0.0 (   0) + dbank   0.0 (    1) + tree   0.0 + harvest  0.0  nodes=1
  g003 mate plies=15 bank=486(+486) ms=8 t/move=8.5s t/game=79s nodes/s=360 [90s]
    mv01   15.6s = prior   0.8 ( 417) + embF   6.3 ( 417) + dbank   6.1 (  417) + tree   2.3 + harvest  0.0  nodes=475
    mv02    0.0s = prior   0.0 (   0) + embF   0.0 (   0) + dbank   0.0 (    1) + tree   0.0 + harvest  0.0  nodes=1
  g007 mate plies=3 bank=1217(+34) ms=25 t/move=7.8s t/game=16s nodes/s=31 [106s]
    mv05   23.4s = prior   2.8 (3235) + embF   9.0 (3235) + dbank   9.8 ( 3685) + tree   1.7 + harvest  0.1  nodes=5000
    mv07   34.4s = prior   3.2 (2743) + embF  15.0 (2743) + dbank  14.0 ( 3250) + tree   2.0 + harvest  0.2  nodes=5000
    mv01   37.6s = prior   3.1 (3418) + embF   4.1 (3418) + dbank  28.1 ( 3418) + tree   2.2 + harvest  0.1  nodes=5000
    mv06   32.7s = prior   2.6 (2629) + embF  14.4 (2629) + dbank  13.3 ( 3604) + tree   2.1 + harvest  0.2  nodes=5000
    mv01   42.4s = prior   3.1 (3315) + embF   5.9 (3315) + dbank  31.7 ( 3316) + tree   1.7 + harvest  0.1  nodes=5000
    mv02   37.4s = prior   2.4 (2614) + embF   6.6 (2614) + dbank  26.8 ( 3399) + tree   1.6 + harvest  0.1  nodes=5000
    mv07   27.2s = prior   2.2 (2241) + embF  11.2 (2241) + dbank  11.6 ( 2922) + tree   2.1 + harvest  0.1  nodes=5000
    mv02   32.9s = prior   2.0 (2282) + embF   6.8 (2282) + dbank  22.4 ( 2282) + tree   1.5 + harvest  0.1  nodes=5000
    mv08   70.3s = prior   4.6 (2797) + embF  32.8 (2797) + dbank  29.6 ( 3760) + tree   3.1 + harvest  0.2  nodes=5000
    mv03   31.6s = prior   2.1 (2428) + embF   4.8 (2428) + dbank  23.1 ( 3192) + tree   1.5 + harvest  0.1  nodes=5000
    mv08   34.6s = prior   2.9 (2309) + embF  16.4 (2309) + dbank  13.2 ( 2699) + tree   1.9 + harvest  0.2  nodes=5000
    mv04   21.3s = prior   1.3 (1266) + embF   4.9 (1266) + dbank  13.7 ( 2626) + tree   1.3 + harvest  0.1  nodes=5000
  g010 FAIL plies=8 bank=1161(+10) ms=19 t/move=34.5s t/game=128s nodes/s=156 [212s]
    mv09   30.9s = prior   1.3 ( 698) + embF   9.9 ( 698) + dbank  15.2 ( 2229) + tree   4.3 + harvest  0.1  nodes=2998
    mv03   41.7s = prior   2.7 (2417) + embF  10.6 (2417) + dbank  26.5 ( 3049) + tree   1.9 + harvest  0.1  nodes=5000
    mv09   42.3s = prior   2.6 (1895) + embF  13.8 (1895) + dbank  23.4 ( 3118) + tree   2.3 + harvest  0.2  nodes=5000
    mv10   24.1s = prior   0.8 ( 601) + embF   4.3 ( 601) + dbank  16.7 ( 2881) + tree   2.2 + harvest  0.1  nodes=5000
    mv04   44.9s = prior   2.7 (1989) + embF  13.2 (1989) + dbank  27.0 ( 2679) + tree   1.9 + harvest  0.1  nodes=5000
  g011 FAIL plies=8 bank=1219(+2) ms=29 t/move=42.1s t/game=162s nodes/s=124 [268s]
    mv11   19.4s = prior   0.3 ( 157) + embF   2.0 ( 157) + dbank  14.5 ( 3221) + tree   2.5 + harvest  0.1  nodes=5000
  g009 FAIL plies=22 bank=1008(+839) ms=15 t/move=23.4s t/game=250s nodes/s=220 [288s]
    mv10   88.4s = prior   4.3 (2114) + embF  37.1 (2114) + dbank  40.1 ( 2894) + tree   6.6 + harvest  0.2  nodes=4376
    mv01   99.5s = prior   4.8 (3694) + embF  17.7 (3694) + dbank  74.5 ( 3695) + tree   2.2 + harvest  0.2  nodes=5000
    mv11   17.3s = prior   0.3 ( 133) + embF   5.8 ( 133) + dbank   8.0 (  494) + tree   3.0 + harvest  0.1  nodes=633
    mv12    0.0s = prior   0.0 (   0) + embF   0.0 (   0) + dbank   0.0 (    1) + tree   0.0 + harvest  0.0  nodes=1
  g000 mate plies=23 bank=1285(+1285) ms=12 t/move=13.6s t/game=311s nodes/s=151 [322s]
    mv01   95.9s = prior   4.3 (3762) + embF   7.5 (3762) + dbank  82.0 ( 3762) + tree   2.1 + harvest  0.1  nodes=5000
    mv02   55.1s = prior   1.6 ( 613) + embF  19.0 ( 613) + dbank  29.8 (  658) + tree   4.6 + harvest  0.1  nodes=853
    mv03    0.0s = prior   0.0 (   0) + embF   0.0 (   0) + dbank   0.0 (    1) + tree   0.0 + harvest  0.0  nodes=1
  g014 mate plies=5 bank=2594(+389) ms=32 t/move=55.1s t/game=155s nodes/s=38 [366s]
    mv01  105.6s = prior   4.1 (3642) + embF  11.2 (3642) + dbank  88.2 ( 3642) + tree   2.0 + harvest  0.1  nodes=5000
    mv01   96.2s = prior   2.3 ( 892) + embF  30.8 ( 894) + dbank  60.0 (  895) + tree   3.0 + harvest  0.1  nodes=1310
    mv02  108.5s = prior   2.7 (2983) + embF  15.7 (2983) + dbank  88.1 ( 3816) + tree   1.8 + harvest  0.2  nodes=5000
    mv02   80.6s = prior   1.8 (2343) + embF   9.0 (2343) + dbank  68.0 ( 3226) + tree   1.7 + harvest  0.1  nodes=5000
    mv02   60.4s = prior   0.9 ( 377) + embF  19.9 ( 377) + dbank  36.4 (  549) + tree   3.1 + harvest  0.1  nodes=664
    mv03    0.0s = prior   0.0 (   0) + embF   0.0 (   0) + dbank   0.0 (    1) + tree   0.0 + harvest  0.0  nodes=1
  g004 mate plies=5 bank=3241(+92) ms=58 t/move=60.4s t/game=157s nodes/s=13 [480s]
    mv01  140.4s = prior   3.2 (3554) + embF  13.3 (3554) + dbank 121.9 ( 3554) + tree   1.9 + harvest  0.1  nodes=5000
    mv03   96.8s = prior   1.8 (2513) + embF  14.2 (2513) + dbank  79.1 ( 2531) + tree   1.7 + harvest  0.1  nodes=5000
    mv03  143.2s = prior   2.4 (3277) + embF  21.3 (3277) + dbank 117.3 ( 3965) + tree   1.9 + harvest  0.2  nodes=5000
    mv01  154.0s = prior   2.6 (3504) + embF  15.2 (3504) + dbank 134.2 ( 3507) + tree   1.9 + harvest  0.1  nodes=5000
    mv04  115.9s = prior   2.5 (2729) + embF  24.1 (2729) + dbank  87.5 ( 2739) + tree   1.7 + harvest  0.1  nodes=5000
    mv02  195.6s = prior   3.4 (2974) + embF  41.9 (2976) + dbank 148.4 ( 3350) + tree   1.7 + harvest  0.2  nodes=5000
    mv04  105.3s = prior   2.9 (2649) + embF  15.7 (2649) + dbank  85.0 ( 3417) + tree   1.6 + harvest  0.1  nodes=5000
    mv02  134.6s = prior   2.5 (2979) + embF  16.4 (2979) + dbank 114.0 ( 3714) + tree   1.7 + harvest  0.1  nodes=5000
    mv05  113.4s = prior   2.4 (2871) + embF  16.0 (2871) + dbank  93.2 ( 3577) + tree   1.7 + harvest  0.1  nodes=5000
    mv03  145.2s = prior   2.7 (3167) + embF  16.3 (3167) + dbank 124.1 ( 3743) + tree   2.0 + harvest  0.1  nodes=5000
    mv05  163.2s = prior   3.6 (3015) + embF  43.9 (3015) + dbank 113.3 ( 3031) + tree   2.3 + harvest  0.1  nodes=5000
    mv03  146.4s = prior   3.0 (2962) + embF  20.6 (2964) + dbank 120.5 ( 3618) + tree   2.2 + harvest  0.1  nodes=5000
    mv04   70.1s = prior   1.4 (1401) + embF   8.2 (1401) + dbank  58.7 ( 2818) + tree   1.8 + harvest  0.1  nodes=5000
    mv06  115.8s = prior   2.8 (2637) + embF  19.6 (2637) + dbank  91.4 ( 3343) + tree   1.9 + harvest  0.2  nodes=5000
    mv06  121.1s = prior   3.2 (2330) + embF  31.2 (2330) + dbank  84.5 ( 2332) + tree   2.1 + harvest  0.1  nodes=5000
    mv05   86.2s = prior   1.7 (1829) + embF  11.7 (1829) + dbank  71.1 ( 1901) + tree   1.6 + harvest  0.1  nodes=5000
    mv04  115.0s = prior   2.4 (2668) + embF  13.3 (2670) + dbank  97.4 ( 2783) + tree   1.8 + harvest  0.1  nodes=5000
    mv07   86.8s = prior   1.6 (1596) + embF  17.0 (1596) + dbank  66.0 ( 3166) + tree   2.0 + harvest  0.1  nodes=5000
    mv07   68.2s = prior   1.6 (1449) + embF  16.1 (1449) + dbank  48.5 ( 1450) + tree   1.9 + harvest  0.1  nodes=5000
    mv08   30.4s = prior   0.8 ( 699) + embF   6.2 ( 699) + dbank  21.6 (  700) + tree   1.6 + harvest  0.1  nodes=5000
  g013 FAIL plies=16 bank=2554(+7) ms=50 t/move=101.2s t/game=782s nodes/s=51 [1070s]
    mv06   74.4s = prior   1.7 (1613) + embF  10.8 (1613) + dbank  60.2 ( 1641) + tree   1.6 + harvest  0.1  nodes=5000
    mv08   71.9s = prior   1.6 (1460) + embF  12.3 (1460) + dbank  56.0 ( 3169) + tree   1.9 + harvest  0.1  nodes=5000
    mv05  110.6s = prior   2.3 (1748) + embF  22.5 (1748) + dbank  84.3 ( 2743) + tree   1.4 + harvest  0.1  nodes=5000
  g008 FAIL plies=10 bank=3336(+9) ms=66 t/move=134.6s t/game=661s nodes/s=38 [1141s]
    mv09   62.1s = prior   0.9 ( 987) + embF  10.3 ( 987) + dbank  48.9 ( 3014) + tree   1.8 + harvest  0.1  nodes=5000
    mv07   97.4s = prior   1.8 (2158) + embF  12.6 (2162) + dbank  81.2 ( 2163) + tree   1.8 + harvest  0.1  nodes=5000
    mv01  146.3s = prior   2.8 (2891) + embF  20.4 (2891) + dbank 121.3 ( 2934) + tree   1.7 + harvest  0.1  nodes=5000
    mv10   81.5s = prior   2.2 (1541) + embF  13.2 (1541) + dbank  64.2 ( 3646) + tree   1.9 + harvest  0.1  nodes=5000
    mv08   90.6s = prior   2.4 (1443) + embF  19.0 (1444) + dbank  67.1 ( 1448) + tree   2.1 + harvest  0.1  nodes=5000
  g018 FAIL plies=16 bank=3333(+131) ms=66 t/move=94.0s t/game=900s nodes/s=44 [1267s]
    mv01  141.3s = prior   3.2 (3153) + embF  16.5 (3153) + dbank 120.0 ( 3189) + tree   1.6 + harvest  0.1  nodes=5000
    mv11   55.8s = prior   0.9 ( 826) + embF   9.3 ( 826) + dbank  43.3 ( 3711) + tree   2.2 + harvest  0.1  nodes=5000
    mv12   32.7s = prior   0.4 ( 371) + embF   3.8 ( 371) + dbank  25.8 ( 3666) + tree   2.5 + harvest  0.1  nodes=5000
    mv02  129.3s = prior   2.5 (2007) + embF  21.3 (2007) + dbank 103.6 ( 3039) + tree   1.8 + harvest  0.2  nodes=5000
    mv01  151.9s = prior   3.0 (3494) + embF  11.7 (3494) + dbank 135.5 ( 3534) + tree   1.7 + harvest  0.1  nodes=5000
    mv02  149.9s = prior   2.6 (2842) + embF  19.9 (2842) + dbank 125.2 ( 3034) + tree   2.0 + harvest  0.2  nodes=5000
    mv03  110.5s = prior   1.5 (1551) + embF  17.9 (1551) + dbank  89.4 ( 3219) + tree   1.6 + harvest  0.2  nodes=5000
    mv13  127.0s = prior   2.3 (2429) + embF  23.5 (2429) + dbank  99.3 ( 3664) + tree   1.8 + harvest  0.1  nodes=5000
    mv14   33.8s = prior   0.4 ( 368) + embF   5.6 ( 368) + dbank  25.8 ( 3265) + tree   1.9 + harvest  0.1  nodes=5000
    mv15   31.5s = prior   0.9 ( 404) + embF   4.3 ( 404) + dbank  24.5 ( 3624) + tree   1.6 + harvest  0.1  nodes=5000
  g015 FAIL plies=30 bank=2742(+202) ms=46 t/move=86.8s t/game=1265s nodes/s=59 [1534s]
    mv02  142.6s = prior   2.7 (2828) + embF  16.2 (2830) + dbank 121.8 ( 3307) + tree   1.7 + harvest  0.2  nodes=5000
    mv03  136.7s = prior   2.4 (2693) + embF  15.8 (2693) + dbank 116.8 ( 2950) + tree   1.6 + harvest  0.1  nodes=5000
    mv04  145.9s = prior   2.4 (2452) + embF  20.9 (2452) + dbank 120.5 ( 3248) + tree   1.9 + harvest  0.1  nodes=5000
    mv04   46.2s = prior   0.8 ( 344) + embF  12.6 ( 344) + dbank  29.7 (  443) + tree   3.1 + harvest  0.0  nodes=537
    mv05    0.0s = prior   0.0 (   0) + embF   0.0 (   0) + dbank   0.0 (    1) + tree   0.0 + harvest  0.0  nodes=1
  g012 mate plies=9 bank=3734(+169) ms=78 t/move=136.7s t/game=474s nodes/s=33 [1615s]
    mv01  129.8s = prior   2.0 (2395) + embF  15.3 (2395) + dbank 110.7 ( 2454) + tree   1.5 + harvest  0.2  nodes=5000
    mv03  150.9s = prior   2.7 (3015) + embF  15.0 (3017) + dbank 131.2 ( 3714) + tree   1.9 + harvest  0.2  nodes=5000
    mv02   75.8s = prior   1.1 (1044) + embF  11.0 (1044) + dbank  61.7 ( 2032) + tree   1.9 + harvest  0.1  nodes=5000
    mv05  141.7s = prior   2.0 (1609) + embF  29.4 (1611) + dbank 108.5 ( 2391) + tree   1.7 + harvest  0.1  nodes=5000
    mv01  183.9s = prior   3.0 (3814) + embF  13.6 (3814) + dbank 164.7 ( 3837) + tree   2.3 + harvest  0.2  nodes=5000
    mv03   82.8s = prior   1.1 (1276) + embF  10.4 (1276) + dbank  69.5 ( 2151) + tree   1.7 + harvest  0.1  nodes=5000
    mv06   92.8s = prior   1.2 ( 974) + embF  19.7 ( 974) + dbank  70.1 ( 1958) + tree   1.7 + harvest  0.1  nodes=5000
    mv04  133.6s = prior   2.5 (2565) + embF  14.9 (2570) + dbank 113.8 ( 3481) + tree   2.3 + harvest  0.1  nodes=5000
    mv04   23.8s = prior   0.3 ( 198) + embF   2.5 ( 198) + dbank  18.0 ( 2082) + tree   2.8 + harvest  0.2  nodes=5000
    mv05   11.4s = prior   0.2 ( 116) + embF   0.8 ( 116) + dbank   8.4 ( 2088) + tree   1.8 + harvest  0.1  nodes=5000
  g019 FAIL plies=10 bank=3860(+41) ms=98 t/move=75.8s t/game=324s nodes/s=77 [1858s]
    mv05   17.8s = prior   0.2 ( 115) + embF   1.7 ( 115) + dbank  13.4 ( 3819) + tree   2.3 + harvest  0.1  nodes=5000
    mv06   15.1s = prior   0.2 ( 119) + embF   1.3 ( 119) + dbank  11.2 ( 2475) + tree   2.3 + harvest  0.1  nodes=5000
  g022 FAIL plies=12 bank=3709(+61) ms=86 t/move=138.1s t/game=612s nodes/s=49 [1879s]
    mv07   98.5s = prior   1.7 (1112) + embF  19.9 (1113) + dbank  75.5 ( 2071) + tree   1.2 + harvest  0.1  nodes=5000
    mv02  162.9s = prior   3.1 (3204) + embF  16.1 (3208) + dbank 142.0 ( 3812) + tree   1.6 + harvest  0.1  nodes=5000
    mv08  104.7s = prior   1.1 ( 953) + embF  21.4 ( 956) + dbank  80.2 ( 2496) + tree   1.7 + harvest  0.1  nodes=5000
    mv01  190.2s = prior   2.8 (3203) + embF  20.4 (3203) + dbank 164.9 ( 3203) + tree   1.8 + harvest  0.2  nodes=5000
    mv01  179.5s = prior   2.8 (3360) + embF  14.6 (3360) + dbank 159.9 ( 3363) + tree   2.1 + harvest  0.2  nodes=5000
    mv02   66.3s = prior   0.7 ( 857) + embF   7.7 ( 857) + dbank  55.4 ( 2659) + tree   2.3 + harvest  0.1  nodes=5000
    mv03  157.8s = prior   2.5 (2625) + embF  16.0 (2627) + dbank 137.4 ( 3688) + tree   1.8 + harvest  0.1  nodes=5000
    mv09   97.6s = prior   1.4 ( 966) + embF  19.3 ( 967) + dbank  74.8 ( 2619) + tree   2.0 + harvest  0.1  nodes=5000
    mv03   54.6s = prior   1.1 ( 422) + embF  12.9 ( 422) + dbank  37.0 (  493) + tree   3.5 + harvest  0.1  nodes=610
    mv04    0.0s = prior   0.0 (   0) + embF   0.0 (   0) + dbank   0.0 (    1) + tree   0.0 + harvest  0.0  nodes=1
  g023 mate plies=7 bank=4375(+179) ms=107 t/move=60.4s t/game=311s nodes/s=34 [2169s]
    mv10   71.0s = prior   1.2 ( 675) + embF  13.7 ( 675) + dbank  54.7 ( 2627) + tree   1.3 + harvest  0.1  nodes=5000
    mv02  165.8s = prior   3.3 (3493) + embF  11.5 (3493) + dbank 149.0 ( 3960) + tree   1.8 + harvest  0.1  nodes=5000
    mv11   32.2s = prior   0.4 ( 218) + embF   3.7 ( 218) + dbank  25.5 ( 2898) + tree   2.6 + harvest  0.1  nodes=5000
    mv04  139.1s = prior   2.9 (2764) + embF  11.5 (2766) + dbank 122.4 ( 3440) + tree   2.1 + harvest  0.1  nodes=5000
    mv12   35.7s = prior   0.5 ( 398) + embF   5.4 ( 398) + dbank  27.4 ( 1517) + tree   2.2 + harvest  0.1  nodes=5000
  g017 FAIL plies=24 bank=3859(+316) ms=78 t/move=101.6s t/game=1206s nodes/s=50 [2277s]
    mv01  181.1s = prior   2.8 (1417) + embF  43.9 (1417) + dbank 128.8 ( 1418) + tree   5.4 + harvest  0.2  nodes=3175
    mv03  174.7s = prior   3.1 (3321) + embF  15.4 (3321) + dbank 153.8 ( 3920) + tree   2.3 + harvest  0.2  nodes=5000
    mv05  163.6s = prior   2.5 (2716) + embF  17.7 (2716) + dbank 141.3 ( 3601) + tree   1.9 + harvest  0.1  nodes=5000
    mv02   76.1s = prior   0.9 ( 406) + embF  19.3 ( 406) + dbank  52.5 (  558) + tree   3.2 + harvest  0.1  nodes=659
    mv03    0.0s = prior   0.0 (   0) + embF   0.0 (   0) + dbank   0.0 (    1) + tree   0.0 + harvest  0.0  nodes=1
  g027 mate plies=5 bank=4706(+236) ms=115 t/move=76.1s t/game=257s nodes/s=15 [2427s]
    mv01  173.3s = prior   2.4 (3040) + embF  14.1 (3040) + dbank 155.1 ( 3065) + tree   1.7 + harvest  0.1  nodes=5000
    mv04  158.5s = prior   2.1 (2398) + embF  18.4 (2398) + dbank 136.0 ( 3439) + tree   1.8 + harvest  0.2  nodes=5000
    mv06  177.0s = prior   2.1 (2443) + embF  25.5 (2443) + dbank 147.0 ( 3379) + tree   2.1 + harvest  0.2  nodes=5000
    mv02  190.0s = prior   2.0 (2388) + embF  25.9 (2388) + dbank 160.3 ( 2455) + tree   1.7 + harvest  0.1  nodes=5000
    mv05   88.3s = prior   0.9 (1059) + embF  10.7 (1059) + dbank  74.5 ( 3908) + tree   2.0 + harvest  0.2  nodes=5000
    mv01  250.0s = prior   2.9 (3851) + embF  20.0 (3852) + dbank 225.4 ( 3875) + tree   1.5 + harvest  0.1  nodes=5000
    mv06   83.8s = prior   0.8 (1126) + embF   8.0 (1126) + dbank  72.5 ( 3672) + tree   2.3 + harvest  0.2  nodes=5000
    mv07  190.0s = prior   2.3 (2552) + embF  25.5 (2552) + dbank 160.1 ( 3312) + tree   1.9 + harvest  0.2  nodes=5000
    mv02  192.9s = prior   2.1 (2708) + embF  18.8 (2708) + dbank 170.0 ( 4151) + tree   1.9 + harvest  0.1  nodes=5000
    mv03  250.6s = prior   2.7 (2817) + embF  37.6 (2817) + dbank 208.4 ( 3545) + tree   1.8 + harvest  0.1  nodes=5000
    mv07  173.4s = prior   2.0 (2799) + embF  16.3 (2799) + dbank 153.2 ( 3637) + tree   1.7 + harvest  0.1  nodes=5000
    mv08  186.0s = prior   1.9 (2490) + embF  20.2 (2490) + dbank 162.0 ( 3327) + tree   1.7 + harvest  0.2  nodes=5000
    mv08  160.7s = prior   1.8 (2447) + embF  16.6 (2447) + dbank 140.5 ( 3414) + tree   1.7 + harvest  0.2  nodes=5000
    mv03  242.5s = prior   2.7 (3658) + embF  19.5 (3658) + dbank 218.5 ( 4009) + tree   1.7 + harvest  0.2  nodes=5000
    mv04  223.5s = prior   2.2 (2513) + embF  32.7 (2513) + dbank 186.9 ( 2758) + tree   1.7 + harvest  0.1  nodes=5000
  g021 FAIL plies=8 bank=4563(+2) ms=126 t/move=206.8s t/game=837s nodes/s=24 [3114s]
    mv09  235.8s = prior   2.5 (2971) + embF  33.7 (2981) + dbank 197.6 ( 3329) + tree   1.8 + harvest  0.2  nodes=5000
    mv09  183.9s = prior   2.1 (2865) + embF  15.2 (2865) + dbank 164.8 ( 3662) + tree   1.6 + harvest  0.2  nodes=5000
    mv01  253.5s = prior   2.5 (3589) + embF  17.2 (3589) + dbank 232.0 ( 3600) + tree   1.7 + harvest  0.1  nodes=5000
    mv04  292.1s = prior   2.7 (3674) + embF  32.6 (3675) + dbank 254.9 ( 3970) + tree   1.8 + harvest  0.1  nodes=5000
    mv10  211.6s = prior   2.4 (3295) + embF  18.6 (3295) + dbank 188.8 ( 3849) + tree   1.7 + harvest  0.1  nodes=5000
    mv10  271.0s = prior   2.6 (2978) + embF  40.8 (2988) + dbank 225.2 ( 3849) + tree   2.2 + harvest  0.2  nodes=5000
    mv02  218.6s = prior   2.6 (2931) + embF  15.8 (2931) + dbank 199.1 ( 3280) + tree   1.0 + harvest  0.1  nodes=5000
    mv05  214.8s = prior   2.2 (2932) + embF  22.3 (2932) + dbank 188.7 ( 3013) + tree   1.6 + harvest  0.1  nodes=5000
    mv11  216.3s = prior   2.5 (3197) + embF  22.4 (3197) + dbank 189.4 ( 3974) + tree   1.8 + harvest  0.2  nodes=5000
    mv03  151.8s = prior   1.4 (2025) + embF  11.3 (2025) + dbank 137.4 ( 3238) + tree   1.7 + harvest  0.1  nodes=5000
    mv11  265.0s = prior   2.7 (2912) + embF  42.9 (2919) + dbank 217.2 ( 4115) + tree   1.9 + harvest  0.2  nodes=5000
    mv06  204.8s = prior   2.3 (2376) + embF  30.4 (2376) + dbank 170.2 ( 2446) + tree   1.9 + harvest  0.1  nodes=5000
    mv12  186.1s = prior   2.5 (2771) + embF  21.7 (2772) + dbank 159.3 ( 3830) + tree   2.4 + harvest  0.2  nodes=5000
    mv12  164.1s = prior   2.2 (2049) + embF  21.9 (2050) + dbank 137.9 ( 4054) + tree   2.0 + harvest  0.1  nodes=5000
    mv04  186.8s = prior   2.6 (2440) + embF  20.8 (2440) + dbank 161.4 ( 2517) + tree   2.0 + harvest  0.1  nodes=5000
    mv13   44.7s = prior   0.3 ( 381) + embF   3.7 ( 383) + dbank  37.4 ( 4130) + tree   3.2 + harvest  0.2  nodes=5000
  g016 FAIL plies=26 bank=4339(+376) ms=111 t/move=177.0s t/game=2341s nodes/s=28 [3956s]
    mv13  160.7s = prior   2.0 (2645) + embF  13.1 (2645) + dbank 144.2 ( 3606) + tree   1.2 + harvest  0.1  nodes=5000
    mv07  216.0s = prior   2.9 (2294) + embF  37.0 (2294) + dbank 174.7 ( 2332) + tree   1.4 + harvest  0.1  nodes=5000
    mv14   97.2s = prior   0.8 (1226) + embF   9.6 (1228) + dbank  84.4 ( 2977) + tree   2.1 + harvest  0.2  nodes=5000
    mv05  237.3s = prior   2.3 (2730) + embF  29.5 (2730) + dbank 203.7 ( 2757) + tree   1.8 + harvest  0.1  nodes=5000
    mv01  207.2s = prior   2.0 (2944) + embF  14.7 (2944) + dbank 189.5 ( 2985) + tree   0.9 + harvest  0.2  nodes=5000
    mv08  224.0s = prior   2.3 (2393) + embF  36.2 (2393) + dbank 183.6 ( 2456) + tree   1.9 + harvest  0.1  nodes=5000
    mv15  179.5s = prior   2.0 (2468) + embF  22.1 (2468) + dbank 153.7 ( 3556) + tree   1.6 + harvest  0.2  nodes=5000
    mv09   97.5s = prior   1.4 ( 943) + embF  16.7 ( 943) + dbank  77.4 (  954) + tree   1.9 + harvest  0.1  nodes=5000
    mv06  199.3s = prior   2.3 (2182) + embF  27.3 (2182) + dbank 167.6 ( 2204) + tree   2.0 + harvest  0.1  nodes=5000
    mv02  224.1s = prior   2.7 (3315) + embF  14.3 (3315) + dbank 204.6 ( 3732) + tree   2.4 + harvest  0.2  nodes=5000
    mv16  159.3s = prior   2.2 (2453) + embF  13.9 (2453) + dbank 140.7 ( 3453) + tree   2.4 + harvest  0.1  nodes=5000
    mv10  145.4s = prior   1.7 (1482) + embF  25.7 (1482) + dbank 116.2 ( 1506) + tree   1.7 + harvest  0.1  nodes=5000
    mv03  171.6s = prior   1.8 (2494) + embF  13.1 (2494) + dbank 154.9 ( 3307) + tree   1.6 + harvest  0.2  nodes=5000
    mv07  204.5s = prior   2.3 (1848) + embF  36.6 (1848) + dbank 164.2 ( 1858) + tree   1.4 + harvest  0.1  nodes=5000
    mv17  127.9s = prior   1.5 (2026) + embF  10.9 (2026) + dbank 113.4 ( 3193) + tree   2.0 + harvest  0.2  nodes=5000
    mv08   40.5s = prior   0.5 ( 483) + embF   4.7 ( 483) + dbank  33.3 (  489) + tree   1.9 + harvest  0.1  nodes=5000
    mv11  131.0s = prior   1.8 (1213) + embF  25.6 (1213) + dbank 101.7 ( 1227) + tree   1.9 + harvest  0.1  nodes=5000
    mv09   30.9s = prior   0.4 ( 263) + embF   5.1 ( 263) + dbank  23.4 (  264) + tree   1.9 + harvest  0.1  nodes=5000
  g025 FAIL plies=17 bank=5209(+15) ms=136 t/move=199.3s t/game=1523s nodes/s=30 [4638s]
    mv04  192.2s = prior   2.0 (2479) + embF  17.0 (2479) + dbank 171.3 ( 3757) + tree   1.8 + harvest  0.1  nodes=5000
    mv18  201.8s = prior   2.6 (3242) + embF  16.1 (3242) + dbank 181.0 ( 3723) + tree   1.9 + harvest  0.2  nodes=5000
    mv12  193.6s = prior   1.9 (1878) + embF  33.6 (1878) + dbank 156.5 ( 1907) + tree   1.6 + harvest  0.1  nodes=5000
  g031 FAIL plies=24 bank=4894(+19) ms=136 t/move=209.8s t/game=2405s nodes/s=25 [4831s]
    mv01  302.3s = prior   2.8 (3345) + embF  34.8 (3345) + dbank 262.4 ( 3345) + tree   2.2 + harvest  0.2  nodes=5000
    mv05  209.9s = prior   1.9 (2586) + embF  19.0 (2586) + dbank 187.8 ( 3607) + tree   1.0 + harvest  0.1  nodes=5000
    mv19  213.3s = prior   2.2 (2902) + embF  22.5 (2902) + dbank 186.5 ( 3771) + tree   1.9 + harvest  0.2  nodes=5000
    mv01  327.9s = prior   2.7 (3472) + embF  34.7 (3474) + dbank 288.5 ( 3506) + tree   1.9 + harvest  0.1  nodes=5000
    mv06  222.3s = prior   2.8 (2599) + embF  19.8 (2599) + dbank 198.4 ( 3224) + tree   1.1 + harvest  0.1  nodes=5000
    mv02  266.7s = prior   2.4 (3197) + embF  21.9 (3197) + dbank 240.5 ( 3666) + tree   1.8 + harvest  0.1  nodes=5000
    mv20  223.6s = prior   2.1 (2666) + embF  28.5 (2666) + dbank 190.9 ( 3716) + tree   1.9 + harvest  0.1  nodes=5000
    mv02  228.6s = prior   1.9 (2184) + embF  28.4 (2185) + dbank 196.6 ( 3056) + tree   1.7 + harvest  0.1  nodes=5000
  g035 FAIL plies=4 bank=5696(+6) ms=161 t/move=278.3s t/game=557s nodes/s=18 [5388s]
    mv21  229.8s = prior   2.4 (2918) + embF  27.2 (2918) + dbank 198.1 ( 3552) + tree   2.0 + harvest  0.2  nodes=5000
    mv07  292.5s = prior   2.7 (3518) + embF  26.5 (3518) + dbank 261.0 ( 3874) + tree   2.2 + harvest  0.2  nodes=5000
    mv03  272.6s = prior   2.4 (3021) + embF  27.5 (3021) + dbank 240.7 ( 3482) + tree   1.9 + harvest  0.2  nodes=5000
    mv01  269.8s = prior   2.5 (3522) + embF  17.8 (3522) + dbank 247.6 ( 3523) + tree   1.7 + harvest  0.1  nodes=5000
    mv22  251.7s = prior   2.9 (3099) + embF  34.0 (3099) + dbank 213.4 ( 3780) + tree   1.3 + harvest  0.2  nodes=5000
    mv08  243.5s = prior   2.5 (2669) + embF  27.8 (2669) + dbank 211.9 ( 3785) + tree   1.2 + harvest  0.2  nodes=5000
    mv04  338.6s = prior   4.2 (3143) + embF  47.7 (3143) + dbank 284.7 ( 3509) + tree   1.8 + harvest  0.2  nodes=5000
    mv02  182.4s = prior   2.0 (1815) + embF  23.0 (1815) + dbank 155.2 ( 3467) + tree   2.2 + harvest  0.1  nodes=5000
    mv23  205.5s = prior   2.8 (3010) + embF  23.3 (3010) + dbank 176.9 ( 3990) + tree   2.2 + harvest  0.2  nodes=5000
    mv09  219.0s = prior   3.5 (2837) + embF  21.1 (2837) + dbank 192.9 ( 3846) + tree   1.2 + harvest  0.2  nodes=5000
    mv05  210.6s = prior   2.7 (1355) + embF  41.7 (1355) + dbank 162.0 ( 1834) + tree   4.1 + harvest  0.1  nodes=2190
    mv03  192.8s = prior   2.6 (2001) + embF  26.8 (2001) + dbank 161.1 ( 2063) + tree   2.1 + harvest  0.1  nodes=5000
    mv06   32.4s = prior   0.6 ( 181) + embF   5.5 ( 181) + dbank  22.7 (  475) + tree   3.6 + harvest  0.0  nodes=548
    mv07    0.0s = prior   0.0 (   0) + embF   0.0 (   0) + dbank   0.0 (    1) + tree   0.0 + harvest  0.0  nodes=1
  g029 mate plies=13 bank=6159(+530) ms=155 t/move=266.7s t/game=1423s nodes/s=16 [6062s]
    mv24  163.6s = prior   2.9 (2848) + embF  13.3 (2849) + dbank 145.0 ( 3439) + tree   2.3 + harvest  0.2  nodes=5000
    mv10  192.9s = prior   2.8 (1486) + embF  34.6 (1486) + dbank 149.4 ( 1916) + tree   6.0 + harvest  0.1  nodes=2656
    mv04  139.3s = prior   1.8 (1683) + embF  14.2 (1683) + dbank 121.2 ( 1695) + tree   2.0 + harvest  0.1  nodes=5000
    mv25  199.7s = prior   2.3 (2740) + embF  20.6 (2740) + dbank 174.6 ( 3518) + tree   1.9 + harvest  0.2  nodes=5000
    mv01  232.0s = prior   2.1 (2345) + embF  20.2 (2345) + dbank 207.4 ( 2357) + tree   2.2 + harvest  0.2  nodes=5000
    mv26   21.2s = prior   0.1 (  36) + embF   0.8 (  36) + dbank  16.9 ( 3421) + tree   3.2 + harvest  0.1  nodes=5000
    mv27   38.3s = prior   0.2 ( 319) + embF   2.4 ( 319) + dbank  32.8 ( 3657) + tree   2.7 + harvest  0.1  nodes=5000
  g026 FAIL plies=54 bank=5159(+963) ms=133 t/move=174.7s t/game=4456s nodes/s=30 [6335s]
    mv11  260.8s = prior   2.7 (2790) + embF  27.9 (2790) + dbank 228.0 ( 3228) + tree   2.0 + harvest  0.2  nodes=5000
    mv05  243.5s = prior   2.4 (2488) + embF  28.3 (2488) + dbank 210.8 ( 2509) + tree   1.9 + harvest  0.1  nodes=5000
    mv02  141.2s = prior   1.1 (1461) + embF  10.9 (1461) + dbank 127.6 ( 2307) + tree   1.5 + harvest  0.1  nodes=5000
    mv03  120.9s = prior   0.8 (1132) + embF  10.1 (1132) + dbank 108.2 ( 2334) + tree   1.7 + harvest  0.2  nodes=5000
    mv06  197.8s = prior   1.7 (2620) + embF  12.9 (2620) + dbank 181.5 ( 2652) + tree   1.6 + harvest  0.1  nodes=5000
    mv12  252.8s = prior   2.1 (2398) + embF  29.5 (2398) + dbank 219.2 ( 3347) + tree   1.7 + harvest  0.2  nodes=5000
    mv04  116.3s = prior   1.7 (1120) + embF  10.4 (1120) + dbank 103.1 ( 2269) + tree   1.0 + harvest  0.1  nodes=5000
    mv13   27.3s = prior   0.1 (  55) + embF   1.7 (  55) + dbank  23.5 ( 3219) + tree   1.9 + harvest  0.1  nodes=5000
    mv14   32.3s = prior   0.2 ( 121) + embF   1.8 ( 121) + dbank  27.3 ( 3369) + tree   2.8 + harvest  0.1  nodes=5000
  g020 FAIL plies=28 bank=6309(+804) ms=154 t/move=214.5s t/game=2749s nodes/s=25 [6705s]
    mv01  466.0s = prior   4.0 (3476) + embF  64.1 (3476) + dbank 395.3 ( 3477) + tree   2.3 + harvest  0.4  nodes=5000
    mv07  244.9s = prior   2.3 (2929) + embF  19.7 (2929) + dbank 221.8 ( 3160) + tree   1.0 + harvest  0.1  nodes=5000
  g039 FAIL plies=14 bank=5958(+20) ms=168 t/move=197.8s t/game=1471s nodes/s=24 [6859s]
    mv05  231.1s = prior   1.9 (2043) + embF  23.6 (2043) + dbank 203.5 ( 2579) + tree   1.9 + harvest  0.2  nodes=5000
    mv01  316.9s = prior   2.5 (3515) + embF  16.7 (3517) + dbank 295.7 ( 3523) + tree   1.9 + harvest  0.1  nodes=5000
    mv02  255.9s = prior   1.9 (1324) + embF  36.3 (1324) + dbank 214.9 ( 3647) + tree   2.6 + harvest  0.2  nodes=5000
    mv01  268.1s = prior   2.3 (2931) + embF  11.4 (2931) + dbank 252.4 ( 2936) + tree   1.9 + harvest  0.1  nodes=5000
    mv03   78.3s = prior   0.8 ( 385) + embF  13.0 ( 385) + dbank  62.1 (  465) + tree   2.4 + harvest  0.1  nodes=544
    mv04    0.0s = prior   0.0 (   0) + embF   0.0 (   0) + dbank   0.0 (    1) + tree   0.0 + harvest  0.0  nodes=1
  g030 mate plies=7 bank=7650(+544) ms=197 t/move=167.1s t/game=800s nodes/s=13 [7136s]
    mv06  319.3s = prior   3.0 (1697) + embF  56.1 (1697) + dbank 254.5 ( 2601) + tree   5.5 + harvest  0.2  nodes=4156
    mv07   34.2s = prior   0.4 ( 125) + embF   5.5 ( 125) + dbank  25.3 (  481) + tree   3.0 + harvest  0.1  nodes=694
    mv08    0.0s = prior   0.0 (   0) + embF   0.0 (   0) + dbank   0.0 (    1) + tree   0.0 + harvest  0.0  nodes=1
  g033 mate plies=15 bank=6949(+178) ms=176 t/move=131.0s t/game=1195s nodes/s=25 [7257s]
    mv02  268.1s = prior   2.7 (3139) + embF  14.5 (3143) + dbank 248.6 ( 3527) + tree   2.1 + harvest  0.2  nodes=5000
    mv02  187.0s = prior   1.8 (2170) + embF   6.5 (2170) + dbank 176.8 ( 3264) + tree   1.7 + harvest  0.1  nodes=5000
    mv01  217.6s = prior   1.9 ( 949) + embF  37.1 ( 949) + dbank 175.4 (  949) + tree   3.0 + harvest  0.2  nodes=1067
    mv02    0.0s = prior   0.0 (   0) + embF   0.0 (   0) + dbank   0.0 (    1) + tree   0.0 + harvest  0.0  nodes=1
  g034 mate plies=3 bank=8246(+178) ms=219 t/move=108.8s t/game=218s nodes/s=5 [7354s]
    mv03  291.2s = prior   2.0 (2560) + embF  19.6 (2560) + dbank 267.4 ( 3313) + tree   2.0 + harvest  0.2  nodes=5000
    mv01  369.4s = prior   2.3 (3317) + embF  21.0 (3317) + dbank 343.9 ( 3321) + tree   2.1 + harvest  0.2  nodes=5000
    mv03  316.6s = prior   1.8 (2741) + embF  18.1 (2742) + dbank 294.9 ( 3289) + tree   1.6 + harvest  0.1  nodes=5000
    mv04  256.7s = prior   1.6 (2152) + embF  19.0 (2160) + dbank 234.8 ( 3409) + tree   1.2 + harvest  0.1  nodes=5000
    mv04  307.5s = prior   1.8 (2342) + embF  26.5 (2342) + dbank 278.1 ( 3070) + tree   0.9 + harvest  0.2  nodes=5000
    mv02  360.4s = prior   2.4 (2954) + embF  25.3 (2954) + dbank 330.9 ( 3445) + tree   1.6 + harvest  0.2  nodes=5000
    mv01  638.5s = prior   4.1 (4265) + embF  62.7 (4265) + dbank 569.1 ( 4267) + tree   2.4 + harvest  0.3  nodes=5000
    mv05  371.4s = prior   2.8 (3127) + embF  31.4 (3128) + dbank 334.8 ( 3766) + tree   2.3 + harvest  0.1  nodes=5000
    mv05  278.6s = prior   1.9 (2179) + embF  24.1 (2179) + dbank 250.6 ( 2838) + tree   1.9 + harvest  0.1  nodes=5000
    mv02  414.4s = prior   2.6 (3176) + embF  31.8 (3176) + dbank 378.3 ( 3444) + tree   1.6 + harvest  0.2  nodes=5000
    mv06  203.8s = prior   1.3 (1652) + embF  15.7 (1652) + dbank 185.2 ( 2952) + tree   1.5 + harvest  0.1  nodes=5000
    mv03  461.9s = prior   3.0 (3243) + embF  45.3 (3243) + dbank 411.4 ( 3743) + tree   2.0 + harvest  0.2  nodes=5000
    mv06  298.7s = prior   3.0 (2625) + embF  25.7 (2625) + dbank 268.6 ( 3782) + tree   1.1 + harvest  0.2  nodes=5000
    mv07  188.2s = prior   1.3 (1635) + embF  14.3 (1635) + dbank 171.6 ( 2760) + tree   0.9 + harvest  0.1  nodes=5000
    mv04  310.1s = prior   2.5 (1592) + embF  42.9 (1592) + dbank 259.9 ( 2175) + tree   4.7 + harvest  0.1  nodes=3011
    mv08  180.3s = prior   1.6 (1611) + embF  13.1 (1611) + dbank 163.7 ( 3038) + tree   1.9 + harvest  0.1  nodes=5000
    mv07  318.1s = prior   2.9 (3036) + embF  25.6 (3036) + dbank 287.4 ( 3803) + tree   2.1 + harvest  0.1  nodes=5000
    mv03  514.3s = prior   4.1 (3251) + embF  56.0 (3251) + dbank 450.2 ( 3971) + tree   3.8 + harvest  0.2  nodes=5000
    mv09  195.6s = prior   1.4 (1947) + embF  11.5 (1947) + dbank 180.9 ( 3121) + tree   1.7 + harvest  0.1  nodes=5000
    mv08  282.7s = prior   2.7 (2861) + embF  20.7 (2861) + dbank 257.1 ( 3702) + tree   2.1 + harvest  0.1  nodes=5000
    mv05  374.3s = prior   3.3 (2392) + embF  43.3 (2392) + dbank 322.9 ( 2986) + tree   4.6 + harvest  0.1  nodes=5000
    mv04  213.1s = prior   1.8 ( 868) + embF  30.1 ( 868) + dbank 176.8 ( 1885) + tree   4.3 + harvest  0.1  nodes=2345
    mv10  180.6s = prior   1.6 (1904) + embF   9.9 (1904) + dbank 168.0 ( 2967) + tree   0.9 + harvest  0.1  nodes=5000
    mv05   54.6s = prior   0.5 ( 200) + embF   7.7 ( 200) + dbank  43.4 (  494) + tree   3.0 + harvest  0.1  nodes=582
    mv06    0.0s = prior   0.0 (   0) + embF   0.0 (   0) + dbank   0.0 (    1) + tree   0.0 + harvest  0.0  nodes=1
  g038 mate plies=11 bank=9379(+968) ms=233 t/move=313.8s t/game=1835s nodes/s=10 [9189s]
    mv09  195.7s = prior   1.6 (1912) + embF  12.3 (1912) + dbank 179.8 ( 2766) + tree   1.8 + harvest  0.1  nodes=5000
    mv11  186.1s = prior   1.5 (1423) + embF  17.0 (1423) + dbank 165.4 ( 2689) + tree   2.1 + harvest  0.1  nodes=5000
    mv06  250.0s = prior   2.1 (1117) + embF  34.2 (1117) + dbank 208.9 ( 2146) + tree   4.7 + harvest  0.1  nodes=4175
    mv10  102.3s = prior   1.0 ( 659) + embF  10.3 ( 659) + dbank  88.3 ( 3501) + tree   2.6 + harvest  0.1  nodes=5000
    mv12   89.8s = prior   0.9 ( 562) + embF  10.4 ( 562) + dbank  77.0 ( 2251) + tree   1.4 + harvest  0.2  nodes=5000
    mv07   97.0s = prior   0.6 ( 460) + embF   7.3 ( 460) + dbank  83.7 ( 3227) + tree   5.2 + harvest  0.2  nodes=5000
    mv08   28.8s = prior   0.0 (  11) + embF   0.3 (  11) + dbank  21.5 ( 2138) + tree   6.8 + harvest  0.1  nodes=4159
  g037 FAIL plies=16 bank=8773(+631) ms=232 t/move=335.2s t/game=2252s nodes/s=16 [9510s]
    mv13  112.9s = prior   0.9 ( 580) + embF  12.5 ( 580) + dbank  97.4 ( 2705) + tree   2.0 + harvest  0.1  nodes=5000
    mv01  379.2s = prior   3.0 (3509) + embF  10.2 (3509) + dbank 363.2 ( 3509) + tree   2.7 + harvest  0.1  nodes=5000
    mv11  188.3s = prior   1.7 (1598) + embF  15.0 (1598) + dbank 170.1 ( 3331) + tree   1.5 + harvest  0.2  nodes=5000
    mv14   81.6s = prior   0.4 ( 334) + embF   9.4 ( 334) + dbank  69.0 ( 2444) + tree   2.6 + harvest  0.1  nodes=5000
    mv15  155.3s = prior   0.8 ( 745) + embF  18.4 ( 745) + dbank 135.2 ( 2674) + tree   0.9 + harvest  0.1  nodes=5000
    mv12  276.1s = prior   1.7 (2238) + embF  20.8 (2238) + dbank 251.1 ( 3499) + tree   2.3 + harvest  0.2  nodes=5000
    mv01  403.3s = prior   2.2 (2919) + embF  16.1 (2919) + dbank 383.0 ( 2956) + tree   1.9 + harvest  0.1  nodes=5000
    mv16  146.8s = prior   0.9 ( 745) + embF  16.5 ( 745) + dbank 127.3 ( 2692) + tree   2.0 + harvest  0.1  nodes=5000
    mv02  380.3s = prior   2.1 (2815) + embF  17.2 (2815) + dbank 359.2 ( 2815) + tree   1.7 + harvest  0.1  nodes=5000
    mv13  278.3s = prior   1.7 (2165) + embF  21.8 (2165) + dbank 252.6 ( 3696) + tree   2.0 + harvest  0.2  nodes=5000
    mv17  240.5s = prior   2.0 (1504) + embF  23.8 (1504) + dbank 213.6 ( 3106) + tree   1.0 + harvest  0.1  nodes=5000
    mv02  278.7s = prior   1.3 (1777) + embF  14.3 (1777) + dbank 261.5 ( 2491) + tree   1.6 + harvest  0.1  nodes=5000
    mv18   20.8s = prior   0.1 (  34) + embF   1.0 (  34) + dbank  17.6 ( 2749) + tree   1.9 + harvest  0.1  nodes=5000
    mv19  123.9s = prior   0.6 ( 551) + embF  14.9 ( 551) + dbank 106.5 ( 3010) + tree   1.9 + harvest  0.1  nodes=5000
  g043 FAIL plies=38 bank=8177(+327) ms=229 t/move=186.1s t/game=3464s nodes/s=27 [10324s]
    mv03  381.1s = prior   2.0 (2729) + embF  18.3 (2729) + dbank 359.6 ( 2729) + tree   1.1 + harvest  0.2  nodes=5000
    mv14  283.2s = prior   1.7 (2276) + embF  20.8 (2276) + dbank 259.5 ( 2936) + tree   1.1 + harvest  0.2  nodes=5000
    mv03  431.9s = prior   1.9 (2853) + embF  19.1 (2853) + dbank 409.1 ( 2888) + tree   1.7 + harvest  0.1  nodes=5000
    mv15  316.3s = prior   1.6 (2049) + embF  29.8 (2049) + dbank 283.6 ( 2929) + tree   1.1 + harvest  0.2  nodes=5000
    mv04  431.5s = prior   2.0 (2879) + embF  20.1 (2879) + dbank 407.0 ( 3447) + tree   2.2 + harvest  0.1  nodes=5000
    mv01  501.4s = prior   2.1 (3064) + embF  17.7 (3064) + dbank 479.6 ( 3265) + tree   1.8 + harvest  0.1  nodes=5000
    mv04  368.5s = prior   1.5 (1966) + embF  26.3 (1966) + dbank 339.0 ( 3105) + tree   1.7 + harvest  0.1  nodes=5000
    mv16  305.7s = prior   1.7 (2438) + embF  23.4 (2438) + dbank 279.4 ( 3367) + tree   1.0 + harvest  0.1  nodes=5000
    mv05  470.8s = prior   2.3 (3085) + embF  26.4 (3085) + dbank 440.1 ( 3601) + tree   1.9 + harvest  0.1  nodes=5000
    mv02  446.6s = prior   2.1 (3022) + embF  14.8 (3022) + dbank 428.7 ( 3582) + tree   0.9 + harvest  0.1  nodes=5000
    mv17  256.5s = prior   1.6 (1834) + embF  24.7 (1834) + dbank 228.2 ( 2883) + tree   1.9 + harvest  0.1  nodes=5000
    mv05  396.9s = prior   1.9 (1820) + embF  38.3 (1820) + dbank 355.6 ( 2111) + tree   1.1 + harvest  0.1  nodes=5000
  g041 FAIL plies=10 bank=10538(+7) ms=245 t/move=396.9s t/game=1879s nodes/s=13 [11390s]
    mv03  255.1s = prior   1.0 (1658) + embF  10.1 (1658) + dbank 242.0 ( 2738) + tree   1.9 + harvest  0.1  nodes=5000
    mv06  371.1s = prior   1.9 (2562) + embF  18.5 (2562) + dbank 348.7 ( 3544) + tree   1.9 + harvest  0.1  nodes=5000
    mv18  298.4s = prior   1.7 (1658) + embF  40.0 (1658) + dbank 254.6 ( 1760) + tree   2.0 + harvest  0.1  nodes=5000
  g024 FAIL plies=36 bank=7866(+458) ms=224 t/move=283.0s t/game=4905s nodes/s=18 [11610s]
    mv01  483.6s = prior   2.3 (3223) + embF  18.2 (3223) + dbank 460.9 ( 3303) + tree   2.0 + harvest  0.2  nodes=5000
    mv04  348.0s = prior   1.5 (2046) + embF  18.5 (2046) + dbank 326.2 ( 2124) + tree   1.8 + harvest  0.1  nodes=5000
    mv07  291.4s = prior   1.3 (1554) + embF  21.9 (1554) + dbank 266.3 ( 1591) + tree   1.9 + harvest  0.1  nodes=5000
    mv01  522.8s = prior   2.7 (3630) + embF  21.0 (3631) + dbank 498.0 ( 3643) + tree   1.0 + harvest  0.1  nodes=5000
    mv05  311.4s = prior   1.4 (1596) + embF  23.3 (1596) + dbank 284.8 ( 1718) + tree   1.8 + harvest  0.1  nodes=5000
    mv08  300.6s = prior   1.5 (1641) + embF  26.4 (1641) + dbank 271.7 ( 1660) + tree   1.0 + harvest  0.1  nodes=5000
    mv02  470.4s = prior   2.1 (2698) + embF  29.9 (2698) + dbank 436.4 ( 3359) + tree   1.8 + harvest  0.2  nodes=5000
    mv09  263.0s = prior   1.2 (1566) + embF  18.6 (1566) + dbank 241.0 ( 1586) + tree   2.0 + harvest  0.1  nodes=5000
    mv06  271.9s = prior   1.1 (1571) + embF  15.1 (1571) + dbank 254.8 ( 1677) + tree   0.9 + harvest  0.1  nodes=5000
    mv02  393.9s = prior   1.9 (2520) + embF  22.4 (2524) + dbank 367.3 ( 3320) + tree   2.2 + harvest  0.2  nodes=5000
    mv03  398.3s = prior   1.7 (2126) + embF  26.9 (2126) + dbank 367.4 ( 3326) + tree   2.0 + harvest  0.2  nodes=5000
    mv07  288.4s = prior   1.3 (1605) + embF  19.5 (1605) + dbank 265.6 ( 1673) + tree   2.0 + harvest  0.1  nodes=5000
  g047 FAIL plies=14 bank=10665(+31) ms=263 t/move=311.4s t/game=2423s nodes/s=14 [12748s]
[worker 3] 4/12 mate  med t/move=85.0s
    mv10  345.3s = prior   1.8 (2469) + embF  20.1 (2469) + dbank 322.4 ( 2471) + tree   0.9 + harvest  0.1  nodes=5000
    mv03  443.9s = prior   2.6 (3190) + embF  26.4 (3190) + dbank 412.7 ( 3644) + tree   2.0 + harvest  0.2  nodes=5000
    mv11  202.8s = prior   1.4 (1787) + embF  10.1 (1787) + dbank 189.1 ( 1789) + tree   2.1 + harvest  0.1  nodes=5000
    mv04  419.7s = prior   2.6 (2540) + embF  28.5 (2540) + dbank 386.3 ( 3551) + tree   2.1 + harvest  0.2  nodes=5000
    mv12  268.1s = prior   1.7 (2655) + embF   8.5 (2655) + dbank 256.0 ( 2699) + tree   1.8 + harvest  0.1  nodes=5000
    mv04  358.7s = prior   2.4 (2884) + embF  18.4 (2887) + dbank 336.7 ( 3863) + tree   1.1 + harvest  0.1  nodes=5000
    mv13  255.3s = prior   2.0 (2663) + embF   9.6 (2663) + dbank 242.6 ( 2697) + tree   1.0 + harvest  0.1  nodes=5000
    mv05  221.4s = prior   1.9 (1825) + embF  12.0 (1826) + dbank 205.2 ( 3434) + tree   2.3 + harvest  0.1  nodes=5000
    mv05  426.0s = prior   3.0 (1973) + embF  39.1 (1973) + dbank 380.1 ( 3838) + tree   3.6 + harvest  0.2  nodes=5000
    mv06  145.8s = prior   1.0 ( 559) + embF  13.9 ( 559) + dbank 126.4 ( 1887) + tree   4.4 + harvest  0.1  nodes=2471
    mv07    0.0s = prior   0.0 (   0) + embF   0.0 (   0) + dbank   0.0 (    1) + tree   0.0 + harvest  0.0  nodes=1
  g045 mate plies=13 bank=11558(+865) ms=268 t/move=419.7s t/game=2344s nodes/s=12 [13734s]
[worker 1] 4/12 mate  med t/move=159.3s
    mv06  225.8s = prior   2.0 (2255) + embF   8.4 (2255) + dbank 213.4 ( 3570) + tree   2.0 + harvest  0.1  nodes=5000
    mv14  271.2s = prior   2.8 (2792) + embF  12.5 (2792) + dbank 253.6 ( 2817) + tree   2.3 + harvest  0.1  nodes=5000
    mv07  153.5s = prior   1.3 (1753) + embF   3.3 (1754) + dbank 146.8 ( 3636) + tree   2.0 + harvest  0.1  nodes=5000
    mv08   37.2s = prior   0.4 ( 368) + embF   1.1 ( 368) + dbank  34.3 ( 3627) + tree   1.2 + harvest  0.1  nodes=5000
    mv15  219.2s = prior   2.4 (2682) + embF   7.5 (2682) + dbank 208.0 ( 2712) + tree   1.2 + harvest  0.1  nodes=5000
    mv09  104.8s = prior   0.9 (1165) + embF   2.5 (1165) + dbank  98.9 ( 3553) + tree   2.3 + harvest  0.1  nodes=5000
  g028 FAIL plies=18 bank=11001(+308) ms=286 t/move=225.8s t/game=2462s nodes/s=18 [14073s]
    mv16  188.0s = prior   1.8 (2284) + embF   5.4 (2284) + dbank 178.7 ( 2314) + tree   2.0 + harvest  0.1  nodes=5000
    mv17   83.9s = prior   0.8 (1008) + embF   2.2 (1008) + dbank  79.8 ( 1023) + tree   1.1 + harvest  0.1  nodes=5000
    mv18   91.1s = prior   1.1 (1154) + embF   2.6 (1154) + dbank  85.4 ( 1176) + tree   2.0 + harvest  0.1  nodes=5000
  g042 FAIL plies=36 bank=10418(+11) ms=250 t/move=281.3s t/game=5194s nodes/s=17 [14384s]
    mv01  399.6s = prior   4.6 (3955) + embF  19.4 (3955) + dbank 371.5 ( 3956) + tree   3.9 + harvest  0.2  nodes=5000
    mv02  151.5s = prior   1.7 (1210) + embF   9.3 (1210) + dbank 135.3 ( 3456) + tree   5.0 + harvest  0.2  nodes=4702
    mv01  285.5s = prior   2.5 (3552) + embF   2.7 (3552) + dbank 278.2 ( 3554) + tree   1.9 + harvest  0.1  nodes=5000
    mv03  294.3s = prior   2.2 (2907) + embF   7.5 (2907) + dbank 282.4 ( 3372) + tree   2.1 + harvest  0.1  nodes=5000
    mv02  305.9s = prior   2.3 (3402) + embF   3.4 (3402) + dbank 299.2 ( 3878) + tree   1.0 + harvest  0.1  nodes=5000
    mv04  249.8s = prior   2.4 (2420) + embF   7.5 (2420) + dbank 237.5 ( 3544) + tree   2.4 + harvest  0.1  nodes=5000
    mv03  239.5s = prior   3.7 (2636) + embF   3.1 (2636) + dbank 231.3 ( 3737) + tree   1.2 + harvest  0.1  nodes=5000
    mv04  211.7s = prior   2.0 (2277) + embF   2.9 (2277) + dbank 204.8 ( 3159) + tree   2.0 + harvest  0.1  nodes=5000
    mv05  294.6s = prior   3.9 (2823) + embF   9.0 (2823) + dbank 279.7 ( 3489) + tree   1.8 + harvest  0.1  nodes=5000
    mv06   58.6s = prior   1.6 ( 419) + embF   4.7 ( 419) + dbank  48.2 (  588) + tree   4.1 + harvest  0.0  nodes=640
    mv07    0.0s = prior   0.0 (   0) + embF   0.0 (   0) + dbank   0.0 (    1) + tree   0.0 + harvest  0.0  nodes=1
  g032 mate plies=13 bank=12704(+838) ms=307 t/move=249.8s t/game=1448s nodes/s=17 [15522s]
    mv05  232.5s = prior   2.5 (2638) + embF   4.2 (2638) + dbank 224.6 ( 2717) + tree   1.2 + harvest  0.1  nodes=5000
    mv01  320.0s = prior   2.5 (3209) + embF   3.6 (3210) + dbank 311.3 ( 3425) + tree   2.5 + harvest  0.1  nodes=5000
    mv06  275.8s = prior   2.9 (2869) + embF   7.7 (2869) + dbank 262.8 ( 2886) + tree   2.5 + harvest  0.1  nodes=5000
    mv02  271.9s = prior   3.0 (2835) + embF   3.0 (2835) + dbank 263.7 ( 3415) + tree   2.1 + harvest  0.1  nodes=5000
    mv07  190.4s = prior   3.5 (1856) + embF   8.0 (1856) + dbank 177.0 ( 1883) + tree   2.0 + harvest  0.1  nodes=5000
