=== carry-forward v3 start Thu Jul 23 19:22:09 PDT 2026 ===
=== [S] sharding full month Thu Jul 23 19:22:09 PDT 2026 ===
=== IQE round 0 on 9 staged shards -> step 65000 Thu Jul 23 19:26:28 PDT 2026 ===
[L2] preset=iqe-qrl -> iqe=True quasimetric=True qrl=True embed_scale=1.0
shards=lichess_full_stage device=mps steps=65000 batch=512 d=64 quasimetric=True ply_gap_weight=0.05 asym_weight=0.0 two_horizon=False
resumed field_fullmonth_r0.pt at step 60000
[resume] peak lr scaled 3.00e-04 -> 3.00e-05 (x0.1) to protect the converged field; --resume-lr-scale 1.0 to disable
multichannel mix: human(r0)=0.80 + self_play_v1:11:0.2
holdout: 8 batches of 512
/Users/kav/code/remote/github/catspace/catspace/nn/fb.py:676: UserWarning: Converting a tensor with requires_grad=True to a scalar may lead to unexpected behavior.
Consider using tensor.detach() first. (Triggered internally at /Users/runner/work/pytorch/pytorch/torch/csrc/autograd/generated/python_variable_methods.cpp:823.)
  d_unr = float(d_far[m].mean())
    qrl push 11.280 sq_dev 0.0139 lam 139.443 d_step 0.959 d_rand 48.906 var 0.000 sib 0.000 unr 4.494 unrb 3.075 d_unr 48.82 d_oth 49.05
step 60100  loss 147.5185  train_top1 0.000  lr 3.00e-05  (1.2 it/s)
    qrl push 12.772 sq_dev 0.0156 lam 139.582 d_step 0.578 d_rand 44.681 var 0.000 sib 0.000 unr 2.846 unrb 3.235 d_unr 60.16 d_oth 33.38
step 60200  loss 75.6300  train_top1 0.000  lr 2.99e-05  (1.2 it/s)
    qrl push 10.869 sq_dev 0.0851 lam 139.758 d_step 0.699 d_rand 48.710 var 0.000 sib 0.000 unr 4.647 unrb 3.843 d_unr 52.09 d_oth 40.24
step 60300  loss 73.2165  train_top1 0.000  lr 2.98e-05  (1.2 it/s)
    qrl push 8.940 sq_dev 0.0237 lam 139.857 d_step 0.674 d_rand 58.627 var 0.000 sib 0.000 unr 3.382 unrb 11.106 d_unr 64.17 d_oth 13.74
step 60400  loss 60.5665  train_top1 0.000  lr 2.96e-05  (1.0 it/s)
    qrl push 9.225 sq_dev 10.2363 lam 139.990 d_step 0.864 d_rand 52.799 var 0.000 sib 0.000 unr 3.469 unrb 2.234 d_unr 58.68 d_oth 46.44
step 60500  loss 115.6920  train_top1 0.000  lr 2.93e-05  (1.2 it/s)
    qrl push 7.822 sq_dev 0.2144 lam 140.321 d_step 0.737 d_rand 57.965 var 0.000 sib 0.000 unr 2.897 unrb 2.418 d_unr 61.27 d_oth 52.32
step 60600  loss 42.8807  train_top1 0.000  lr 2.91e-05  (0.9 it/s)
    qrl push 7.625 sq_dev 0.0000 lam 140.354 d_step 0.675 d_rand 58.317 var 0.000 sib 0.000 unr 2.853 unrb 2.091 d_unr 63.23 d_oth 49.78
step 60700  loss 71.8550  train_top1 0.000  lr 2.87e-05  (1.2 it/s)
    qrl push 12.530 sq_dev 0.0001 lam 140.589 d_step 0.748 d_rand 46.838 var 0.000 sib 0.000 unr 2.699 unrb 13.283 d_unr 59.28 d_oth 7.50
step 60800  loss 111.3137  train_top1 0.000  lr 2.83e-05  (1.2 it/s)
    qrl push 10.477 sq_dev 0.0191 lam 140.848 d_step 0.787 d_rand 51.100 var 0.000 sib 0.000 unr 2.753 unrb 13.810 d_unr 59.75 d_oth 8.84
step 60900  loss 58.7515  train_top1 0.000  lr 2.79e-05  (1.2 it/s)
    qrl push 10.931 sq_dev 0.0077 lam 141.020 d_step 0.762 d_rand 51.797 var 0.000 sib 0.000 unr 3.869 unrb 8.644 d_unr 59.94 d_oth 16.80
step 61000  loss 61.6908  train_top1 0.000  lr 2.74e-05  (1.0 it/s)
  VAL step 61000  loss 282.1922  top1 0.014  top8 0.083
    qrl push 7.920 sq_dev 0.0025 lam 141.151 d_step 0.684 d_rand 55.423 var 0.000 sib 0.000 unr 3.456 unrb 2.628 d_unr 54.59 d_oth 57.76
step 61100  loss 54.4093  train_top1 0.000  lr 2.69e-05  (1.1 it/s)
    qrl push 11.074 sq_dev 0.1102 lam 141.265 d_step 0.843 d_rand 48.173 var 0.000 sib 0.000 unr 4.836 unrb 4.392 d_unr 50.56 d_oth 43.05
step 61200  loss 53.2402  train_top1 0.000  lr 2.63e-05  (1.2 it/s)
    qrl push 10.084 sq_dev 0.0042 lam 141.303 d_step 0.778 d_rand 49.280 var 0.000 sib 0.000 unr 3.729 unrb 2.269 d_unr 53.60 d_oth 42.81
step 61300  loss 115.6438  train_top1 0.000  lr 2.57e-05  (1.2 it/s)
    qrl push 9.875 sq_dev 0.0029 lam 141.420 d_step 0.769 d_rand 51.248 var 0.000 sib 0.000 unr 4.417 unrb 2.553 d_unr 55.92 d_oth 43.95
step 61400  loss 112.1541  train_top1 0.000  lr 2.51e-05  (1.1 it/s)
    qrl push 13.611 sq_dev 0.0086 lam 141.454 d_step 0.831 d_rand 45.660 var 0.000 sib 0.000 unr 2.832 unrb 8.585 d_unr 62.48 d_oth 14.64
step 61500  loss 63.2028  train_top1 0.000  lr 2.44e-05  (0.9 it/s)
    qrl push 11.534 sq_dev 0.0000 lam 141.623 d_step 0.703 d_rand 46.307 var 0.000 sib 0.000 unr 5.781 unrb 3.111 d_unr 48.45 d_oth 42.92
step 61600  loss 78.7346  train_top1 0.000  lr 2.37e-05  (0.9 it/s)
    qrl push 10.890 sq_dev 0.0001 lam 141.757 d_step 0.832 d_rand 48.398 var 0.000 sib 0.000 unr 3.277 unrb 2.839 d_unr 59.09 d_oth 37.79
step 61700  loss 45.3429  train_top1 0.000  lr 2.30e-05  (0.9 it/s)
    qrl push 9.037 sq_dev 0.0653 lam 141.780 d_step 0.860 d_rand 54.262 var 0.000 sib 0.000 unr 3.327 unrb 2.276 d_unr 59.00 d_oth 45.06
step 61800  loss 92.3971  train_top1 0.000  lr 2.23e-05  (1.0 it/s)
    qrl push 10.186 sq_dev 0.0053 lam 142.012 d_step 0.836 d_rand 52.594 var 0.000 sib 0.000 unr 4.815 unrb 4.090 d_unr 55.03 d_oth 44.98
step 61900  loss 52.2935  train_top1 0.000  lr 2.15e-05  (1.2 it/s)
    qrl push 7.282 sq_dev 0.0020 lam 142.192 d_step 0.896 d_rand 56.776 var 0.000 sib 0.000 unr 2.823 unrb 3.563 d_unr 55.42 d_oth 59.72
step 62000  loss 73.4879  train_top1 0.000  lr 2.07e-05  (0.9 it/s)
  VAL step 62000  loss 270.2761  top1 0.016  top8 0.090
    qrl push 7.426 sq_dev 0.0011 lam 142.396 d_step 0.837 d_rand 59.757 var 0.000 sib 0.000 unr 2.087 unrb 9.324 d_unr 66.24 d_oth 16.68
scanned 1601351 header-passing games, kept 1537868 (138657 with server evals) contributing 86000039 positions across 87 shard(s) -> data/shards/lichess_db_standard_rated_2019-01.full
=== [S] sharding exit=0 Thu Jul 23 19:58:31 PDT 2026 ===
=== [B1] move-selection at scale Thu Jul 23 19:59:09 PDT 2026 ===
  20000/5000000 rows (995 skipped)  [4s]
  40000/5000000 rows (2061 skipped)  [7s]
  60000/5000000 rows (3080 skipped)  [11s]
  80000/5000000 rows (4146 skipped)  [15s]
  100000/5000000 rows (5189 skipped)  [18s]
  120000/5000000 rows (6248 skipped)  [22s]
  140000/5000000 rows (7296 skipped)  [25s]
  160000/5000000 rows (8358 skipped)  [29s]
  180000/5000000 rows (9424 skipped)  [33s]
  200000/5000000 rows (10483 skipped)  [36s]
  220000/5000000 rows (11590 skipped)  [40s]
  240000/5000000 rows (12680 skipped)  [44s]
  260000/5000000 rows (13731 skipped)  [47s]
  280000/5000000 rows (14761 skipped)  [51s]
  300000/5000000 rows (15789 skipped)  [54s]
  320000/5000000 rows (16806 skipped)  [58s]
  340000/5000000 rows (17889 skipped)  [62s]
step 62100  loss 55.7254  train_top1 0.000  lr 1.99e-05  (0.6 it/s)
    qrl push 8.378 sq_dev 0.0214 lam 142.512 d_step 0.854 d_rand 53.992 var 0.000 sib 0.000 unr 3.960 unrb 2.631 d_unr 53.27 d_oth 55.46
  360000/5000000 rows (18978 skipped)  [65s]
  380000/5000000 rows (20013 skipped)  [69s]
  400000/5000000 rows (21077 skipped)  [72s]
  420000/5000000 rows (22145 skipped)  [76s]
  440000/5000000 rows (23223 skipped)  [80s]
  460000/5000000 rows (24291 skipped)  [83s]
  480000/5000000 rows (25317 skipped)  [87s]
  500000/5000000 rows (26353 skipped)  [90s]
  520000/5000000 rows (27401 skipped)  [94s]
  540000/5000000 rows (28431 skipped)  [97s]
  560000/5000000 rows (29511 skipped)  [101s]
  580000/5000000 rows (30573 skipped)  [104s]
  600000/5000000 rows (31668 skipped)  [108s]
  620000/5000000 rows (32754 skipped)  [112s]
  640000/5000000 rows (33855 skipped)  [115s]
  660000/5000000 rows (34908 skipped)  [119s]
  680000/5000000 rows (35994 skipped)  [122s]
  700000/5000000 rows (37108 skipped)  [126s]
  720000/5000000 rows (38111 skipped)  [130s]
  740000/5000000 rows (39182 skipped)  [133s]
  760000/5000000 rows (40281 skipped)  [137s]
  780000/5000000 rows (41307 skipped)  [141s]
  800000/5000000 rows (42358 skipped)  [144s]
  820000/5000000 rows (43464 skipped)  [148s]
  840000/5000000 rows (44514 skipped)  [151s]
  860000/5000000 rows (45537 skipped)  [155s]
  880000/5000000 rows (46564 skipped)  [159s]
  900000/5000000 rows (47634 skipped)  [162s]
  920000/5000000 rows (48715 skipped)  [166s]
  940000/5000000 rows (49748 skipped)  [170s]
  960000/5000000 rows (50835 skipped)  [173s]
  980000/5000000 rows (51885 skipped)  [177s]
step 62200  loss 35.6089  train_top1 0.000  lr 1.90e-05  (0.9 it/s)
  1000000/5000000 rows (52975 skipped)  [181s]
    qrl push 10.342 sq_dev 0.0504 lam 142.645 d_step 0.905 d_rand 48.264 var 0.000 sib 0.000 unr 3.740 unrb 2.372 d_unr 51.69 d_oth 43.42
  1020000/5000000 rows (54058 skipped)  [184s]
  1040000/5000000 rows (55123 skipped)  [188s]
  1060000/5000000 rows (56201 skipped)  [191s]
  1080000/5000000 rows (57219 skipped)  [195s]
  1100000/5000000 rows (58247 skipped)  [199s]
  1120000/5000000 rows (59283 skipped)  [202s]
  1140000/5000000 rows (60354 skipped)  [206s]
  1160000/5000000 rows (61407 skipped)  [210s]
  1180000/5000000 rows (62485 skipped)  [213s]
  1200000/5000000 rows (63536 skipped)  [217s]
  1220000/5000000 rows (64600 skipped)  [220s]
  1240000/5000000 rows (65696 skipped)  [224s]
  1260000/5000000 rows (66732 skipped)  [228s]
  1280000/5000000 rows (67801 skipped)  [231s]
  1300000/5000000 rows (68929 skipped)  [235s]
  1320000/5000000 rows (69972 skipped)  [238s]
  1340000/5000000 rows (71075 skipped)  [242s]
  1360000/5000000 rows (72128 skipped)  [246s]
  1380000/5000000 rows (73172 skipped)  [249s]
  1400000/5000000 rows (74193 skipped)  [253s]
  1420000/5000000 rows (75233 skipped)  [257s]
  1440000/5000000 rows (76295 skipped)  [260s]
step 62300  loss 43.7969  train_top1 0.000  lr 1.82e-05  (1.3 it/s)
    qrl push 7.708 sq_dev 0.0405 lam 142.727 d_step 0.959 d_rand 55.566 var 0.000 sib 0.000 unr 3.294 unrb 2.348 d_unr 55.46 d_oth 55.82
  1460000/5000000 rows (77332 skipped)  [264s]
  1480000/5000000 rows (78366 skipped)  [267s]
  1500000/5000000 rows (79414 skipped)  [271s]
  1520000/5000000 rows (80489 skipped)  [275s]
  1540000/5000000 rows (81582 skipped)  [278s]
  1560000/5000000 rows (82652 skipped)  [282s]
  1580000/5000000 rows (83701 skipped)  [286s]
  1600000/5000000 rows (84774 skipped)  [289s]
  1620000/5000000 rows (85808 skipped)  [293s]
  1640000/5000000 rows (86912 skipped)  [296s]
  1660000/5000000 rows (87930 skipped)  [300s]
  1680000/5000000 rows (88906 skipped)  [304s]
  1700000/5000000 rows (89953 skipped)  [307s]
  1720000/5000000 rows (91065 skipped)  [311s]
  1740000/5000000 rows (92209 skipped)  [315s]
  1760000/5000000 rows (93300 skipped)  [318s]
  1780000/5000000 rows (94361 skipped)  [322s]
  1800000/5000000 rows (95435 skipped)  [325s]
  1820000/5000000 rows (96513 skipped)  [329s]
  1840000/5000000 rows (97542 skipped)  [333s]
  1860000/5000000 rows (98600 skipped)  [336s]
step 62400  loss 66.3716  train_top1 0.000  lr 1.74e-05  (1.3 it/s)
  1880000/5000000 rows (99682 skipped)  [340s]
    qrl push 9.882 sq_dev 0.1531 lam 142.853 d_step 0.891 d_rand 52.247 var 0.000 sib 0.000 unr 4.336 unrb 2.713 d_unr 57.26 d_oth 43.56
  1900000/5000000 rows (100719 skipped)  [344s]
  1920000/5000000 rows (101821 skipped)  [347s]
  1940000/5000000 rows (102868 skipped)  [351s]
  1960000/5000000 rows (103952 skipped)  [354s]
  1980000/5000000 rows (105068 skipped)  [358s]
  2000000/5000000 rows (106172 skipped)  [362s]
  2020000/5000000 rows (107274 skipped)  [365s]
  2040000/5000000 rows (108356 skipped)  [369s]
  2060000/5000000 rows (109455 skipped)  [373s]
  2080000/5000000 rows (110505 skipped)  [376s]
  2100000/5000000 rows (111601 skipped)  [380s]
  2120000/5000000 rows (112671 skipped)  [384s]
  2140000/5000000 rows (113728 skipped)  [387s]
  2160000/5000000 rows (114776 skipped)  [391s]
  2180000/5000000 rows (115899 skipped)  [395s]
  2200000/5000000 rows (116993 skipped)  [398s]
  2220000/5000000 rows (118044 skipped)  [402s]
  2240000/5000000 rows (119132 skipped)  [405s]
  2260000/5000000 rows (120168 skipped)  [409s]
  2280000/5000000 rows (121312 skipped)  [413s]
  2300000/5000000 rows (122417 skipped)  [416s]
step 62500  loss 52.3107  train_top1 0.000  lr 1.65e-05  (1.3 it/s)
  2320000/5000000 rows (123525 skipped)  [420s]
    qrl push 8.815 sq_dev 0.0077 lam 142.968 d_step 0.907 d_rand 53.837 var 0.000 sib 0.000 unr 3.573 unrb 3.362 d_unr 58.07 d_oth 47.99
  2340000/5000000 rows (124611 skipped)  [423s]
  2360000/5000000 rows (125698 skipped)  [427s]
  2380000/5000000 rows (126794 skipped)  [431s]
  2400000/5000000 rows (127821 skipped)  [434s]
  2420000/5000000 rows (128872 skipped)  [438s]
  2440000/5000000 rows (129966 skipped)  [441s]
  2460000/5000000 rows (131104 skipped)  [445s]
  2480000/5000000 rows (132237 skipped)  [449s]
  2500000/5000000 rows (133374 skipped)  [452s]
  2520000/5000000 rows (134429 skipped)  [456s]
  2540000/5000000 rows (135478 skipped)  [460s]
  2560000/5000000 rows (136546 skipped)  [463s]
  2580000/5000000 rows (137665 skipped)  [467s]
  2600000/5000000 rows (138679 skipped)  [470s]
  2620000/5000000 rows (139734 skipped)  [474s]
  2640000/5000000 rows (140824 skipped)  [478s]
  2660000/5000000 rows (141873 skipped)  [481s]
  2680000/5000000 rows (142946 skipped)  [485s]
  2700000/5000000 rows (143971 skipped)  [488s]
  2720000/5000000 rows (145062 skipped)  [492s]
  2740000/5000000 rows (146160 skipped)  [496s]
  2760000/5000000 rows (147274 skipped)  [499s]
step 62600  loss 66.3590  train_top1 0.000  lr 1.57e-05  (1.3 it/s)
    qrl push 9.661 sq_dev 2.6576 lam 143.144 d_step 0.921 d_rand 49.828 var 0.000 sib 0.000 unr 3.867 unrb 4.094 d_unr 53.19 d_oth 43.65
  2780000/5000000 rows (148420 skipped)  [503s]
  2800000/5000000 rows (149537 skipped)  [506s]
  2820000/5000000 rows (150627 skipped)  [510s]
  2840000/5000000 rows (151695 skipped)  [514s]
  2860000/5000000 rows (152797 skipped)  [517s]
  2880000/5000000 rows (153910 skipped)  [521s]
  2900000/5000000 rows (154990 skipped)  [525s]
  2920000/5000000 rows (156135 skipped)  [528s]
  2940000/5000000 rows (157253 skipped)  [532s]
  2960000/5000000 rows (158349 skipped)  [535s]
  2980000/5000000 rows (159446 skipped)  [539s]
  3000000/5000000 rows (160504 skipped)  [543s]
  3020000/5000000 rows (161513 skipped)  [546s]
  3040000/5000000 rows (162573 skipped)  [550s]
  3060000/5000000 rows (163717 skipped)  [554s]
  3080000/5000000 rows (164766 skipped)  [557s]
  3100000/5000000 rows (165874 skipped)  [561s]
  3120000/5000000 rows (166963 skipped)  [564s]
  3140000/5000000 rows (168025 skipped)  [568s]
  3160000/5000000 rows (169101 skipped)  [572s]
  3180000/5000000 rows (170147 skipped)  [575s]
  3200000/5000000 rows (171238 skipped)  [579s]
step 62700  loss 53.5527  train_top1 0.000  lr 1.48e-05  (1.3 it/s)
    qrl push 9.057 sq_dev 0.0067 lam 143.318 d_step 0.923 d_rand 54.010 var 0.000 sib 0.000 unr 4.070 unrb 3.297 d_unr 54.69 d_oth 52.33
  3220000/5000000 rows (172297 skipped)  [582s]
  3240000/5000000 rows (173335 skipped)  [586s]
  3260000/5000000 rows (174456 skipped)  [590s]
  3280000/5000000 rows (175623 skipped)  [593s]
  3300000/5000000 rows (176769 skipped)  [597s]
  3320000/5000000 rows (177878 skipped)  [600s]
  3340000/5000000 rows (178955 skipped)  [604s]
  3360000/5000000 rows (179997 skipped)  [608s]
  3380000/5000000 rows (181018 skipped)  [611s]
  3400000/5000000 rows (182125 skipped)  [615s]
  3420000/5000000 rows (183229 skipped)  [618s]
  3440000/5000000 rows (184380 skipped)  [622s]
  3460000/5000000 rows (185510 skipped)  [626s]
  3480000/5000000 rows (186573 skipped)  [629s]
  3500000/5000000 rows (187707 skipped)  [633s]
  3520000/5000000 rows (188788 skipped)  [636s]
  3540000/5000000 rows (189877 skipped)  [640s]
  3560000/5000000 rows (190963 skipped)  [644s]
  3580000/5000000 rows (192085 skipped)  [647s]
  3600000/5000000 rows (193183 skipped)  [651s]
  3620000/5000000 rows (194319 skipped)  [654s]
  3640000/5000000 rows (195479 skipped)  [658s]
step 62800  loss 52.7843  train_top1 0.000  lr 1.40e-05  (1.3 it/s)
    qrl push 9.515 sq_dev 0.0165 lam 143.391 d_step 0.907 d_rand 55.381 var 0.000 sib 0.000 unr 3.296 unrb 3.645 d_unr 60.99 d_oth 45.87
  3660000/5000000 rows (196540 skipped)  [662s]
  3680000/5000000 rows (197567 skipped)  [665s]
  3700000/5000000 rows (198680 skipped)  [669s]
  3720000/5000000 rows (199730 skipped)  [672s]
  3740000/5000000 rows (200854 skipped)  [676s]
  3760000/5000000 rows (201940 skipped)  [680s]
  3780000/5000000 rows (202995 skipped)  [683s]
  3800000/5000000 rows (204081 skipped)  [687s]
  3820000/5000000 rows (205147 skipped)  [691s]
  3840000/5000000 rows (206201 skipped)  [694s]
  3860000/5000000 rows (207251 skipped)  [698s]
  3880000/5000000 rows (208304 skipped)  [702s]
  3900000/5000000 rows (209390 skipped)  [705s]
  3920000/5000000 rows (210461 skipped)  [709s]
  3940000/5000000 rows (211495 skipped)  [712s]
  3960000/5000000 rows (212609 skipped)  [716s]
  3980000/5000000 rows (213677 skipped)  [720s]
  4000000/5000000 rows (214845 skipped)  [723s]
  4020000/5000000 rows (215965 skipped)  [727s]
  4040000/5000000 rows (217064 skipped)  [731s]
  4060000/5000000 rows (218172 skipped)  [734s]
step 62900  loss 49.0304  train_top1 0.000  lr 1.32e-05  (1.3 it/s)
    qrl push 8.617 sq_dev 0.0043 lam 143.409 d_step 0.907 d_rand 56.885 var 0.000 sib 0.000 unr 2.688 unrb 2.384 d_unr 63.50 d_oth 43.59
  4080000/5000000 rows (219242 skipped)  [738s]
  4100000/5000000 rows (220292 skipped)  [742s]
  4120000/5000000 rows (221440 skipped)  [745s]
  4140000/5000000 rows (222575 skipped)  [749s]
  4160000/5000000 rows (223656 skipped)  [753s]
  4180000/5000000 rows (224733 skipped)  [756s]
  4200000/5000000 rows (225848 skipped)  [760s]
  4220000/5000000 rows (226962 skipped)  [764s]
  4240000/5000000 rows (228045 skipped)  [767s]
  4260000/5000000 rows (229094 skipped)  [771s]
  4280000/5000000 rows (230112 skipped)  [775s]
  4300000/5000000 rows (231198 skipped)  [778s]
  4320000/5000000 rows (232348 skipped)  [782s]
  4340000/5000000 rows (233448 skipped)  [785s]
  4360000/5000000 rows (234508 skipped)  [789s]
  4380000/5000000 rows (235550 skipped)  [793s]
  4400000/5000000 rows (236642 skipped)  [796s]
  4420000/5000000 rows (237740 skipped)  [800s]
  4440000/5000000 rows (238785 skipped)  [804s]
  4460000/5000000 rows (239915 skipped)  [807s]
  4480000/5000000 rows (240999 skipped)  [811s]
  4500000/5000000 rows (242170 skipped)  [815s]
step 63000  loss 89.7448  train_top1 0.000  lr 1.23e-05  (1.3 it/s)
  4520000/5000000 rows (243187 skipped)  [818s]
  4540000/5000000 rows (244345 skipped)  [822s]
  4560000/5000000 rows (245420 skipped)  [825s]
  VAL step 63000  loss 318.4083  top1 0.015  top8 0.089
  4580000/5000000 rows (246499 skipped)  [829s]
    qrl push 8.030 sq_dev 0.0296 lam 143.480 d_step 0.926 d_rand 54.538 var 0.000 sib 0.000 unr 3.035 unrb 1.731 d_unr 58.55 d_oth 47.50
  4600000/5000000 rows (247636 skipped)  [833s]
  4620000/5000000 rows (248769 skipped)  [836s]
  4640000/5000000 rows (249849 skipped)  [840s]
  4660000/5000000 rows (250925 skipped)  [844s]
  4680000/5000000 rows (252150 skipped)  [847s]
  4700000/5000000 rows (253309 skipped)  [851s]
  4720000/5000000 rows (254480 skipped)  [854s]
  4740000/5000000 rows (255648 skipped)  [858s]
  4760000/5000000 rows (256825 skipped)  [862s]
  4780000/5000000 rows (257990 skipped)  [865s]
  4800000/5000000 rows (259086 skipped)  [869s]
  4820000/5000000 rows (260242 skipped)  [872s]
  4840000/5000000 rows (261391 skipped)  [876s]
  4860000/5000000 rows (262530 skipped)  [880s]
  4880000/5000000 rows (263722 skipped)  [883s]
  4900000/5000000 rows (264949 skipped)  [887s]
  4920000/5000000 rows (266124 skipped)  [891s]
  4940000/5000000 rows (267261 skipped)  [894s]
  4960000/5000000 rows (268379 skipped)  [898s]
  4980000/5000000 rows (269508 skipped)  [901s]
  5000000/5000000 rows (270680 skipped)  [905s]
step 63100  loss 51.0737  train_top1 0.000  lr 1.15e-05  (1.1 it/s)
    qrl push 7.944 sq_dev 0.0000 lam 143.708 d_step 0.901 d_rand 57.585 var 0.000 sib 0.000 unr 3.435 unrb 2.772 d_unr 55.66 d_oth 63.69
VERDICT MOVE_SELECTION rows=5000000 skipped=270680 max_moves=80 -> data/derived/move_selection_fullmonth.npz  [971s]
=== [B2] energy retrain Thu Jul 23 20:15:26 PDT 2026 ===
[data] src0 move_selection_fullmonth.npz: 5000000 rows, batch share 0.63
[data] src1 move_selection_full_v1.npz: 550000 rows, batch share 0.32
[data] src2 move_selection_self.npz: 1842 rows, batch share 0.05
[data] 5551842 rows -> 4996825 train / 555017 held-out
/Users/kav/code/remote/github/catspace/catspace/nn/opponent.py:48: UserWarning: enable_nested_tensor is True, but self.use_nested_tensor is False because encoder_layer.norm_first was True
  self.self_attn = nn.TransformerEncoder(layer, num_layers=n_self_layers)
[init] warm-start from data/derived/sep/opponent_energy_v1.pt
  step 0 loss 2.3608  [10s]
step 63200  loss 49.7546  train_top1 0.000  lr 1.08e-05  (1.2 it/s)
    qrl push 11.411 sq_dev 0.0001 lam 143.848 d_step 0.815 d_rand 50.029 var 0.000 sib 0.000 unr 3.924 unrb 3.921 d_unr 56.35 d_oth 36.25
  step 200 loss 2.4371  [44s]
  step 400 loss 2.2533  [78s]
  step 600 loss 2.1900  [112s]
step 63300  loss 47.2026  train_top1 0.000  lr 1.00e-05  (0.8 it/s)
    qrl push 10.117 sq_dev 0.0056 lam 143.939 d_step 0.891 d_rand 54.869 var 0.000 sib 0.000 unr 2.025 unrb 6.185 d_unr 67.32 d_oth 13.76
  step 800 loss 2.3475  [146s]
  step 1000 loss 2.2377  [180s]
  step 1200 loss 2.1822  [214s]
  step 1400 loss 2.2193  [247s]
step 63400  loss 56.2411  train_top1 0.000  lr 9.27e-06  (0.8 it/s)
    qrl push 9.462 sq_dev 1.0192 lam 144.046 d_step 0.972 d_rand 51.484 var 0.000 sib 0.000 unr 2.755 unrb 3.163 d_unr 59.34 d_oth 40.45
  step 1600 loss 2.0013  [281s]
  step 1800 loss 2.3784  [315s]
  step 2000 loss 2.1690  [349s]
step 63500  loss 217.7240  train_top1 0.000  lr 8.57e-06  (0.8 it/s)
    qrl push 11.202 sq_dev 0.0148 lam 144.155 d_step 0.932 d_rand 49.011 var 0.000 sib 0.000 unr 3.435 unrb 8.643 d_unr 58.91 d_oth 21.52
  step 2200 loss 2.3099  [383s]
  step 2400 loss 2.2258  [417s]
  step 2600 loss 2.2548  [451s]
  step 2800 loss 2.0780  [484s]
step 63600  loss 41.7311  train_top1 0.000  lr 7.90e-06  (0.8 it/s)
    qrl push 9.778 sq_dev 0.4137 lam 144.314 d_step 0.947 d_rand 51.424 var 0.000 sib 0.000 unr 4.158 unrb 2.864 d_unr 54.29 d_oth 47.86
  step 3000 loss 2.2109  [518s]
  step 3200 loss 2.2757  [552s]
  step 3400 loss 2.0682  [586s]
step 63700  loss 37.1877  train_top1 0.000  lr 7.26e-06  (0.8 it/s)
    qrl push 7.843 sq_dev 0.0677 lam 144.539 d_step 0.932 d_rand 58.069 var 0.000 sib 0.000 unr 3.112 unrb 3.530 d_unr 59.50 d_oth 53.61
  step 3600 loss 2.2765  [620s]
  step 3800 loss 2.1803  [654s]
  step 4000 loss 2.0080  [688s]
  step 4200 loss 2.1952  [722s]
step 63800  loss 20.8650  train_top1 0.000  lr 6.66e-06  (0.8 it/s)
    qrl push 7.436 sq_dev 0.0005 lam 144.676 d_step 0.893 d_rand 58.981 var 0.000 sib 0.000 unr 2.606 unrb 9.751 d_unr 63.57 d_oth 21.78
  step 4400 loss 2.0701  [756s]
  step 4600 loss 2.2157  [790s]
  step 4800 loss 2.1813  [824s]
step 63900  loss 71.0051  train_top1 0.000  lr 6.10e-06  (0.8 it/s)
    qrl push 7.747 sq_dev 0.0066 lam 144.820 d_step 0.903 d_rand 59.916 var 0.000 sib 0.000 unr 3.044 unrb 2.129 d_unr 65.11 d_oth 50.74
  step 5000 loss 2.0678  [858s]
  step 5200 loss 2.1363  [891s]
  step 5400 loss 2.2455  [925s]
  step 5600 loss 2.0572  [959s]
step 64000  loss 52.0606  train_top1 0.000  lr 5.58e-06  (0.8 it/s)
  VAL step 64000  loss 295.7189  top1 0.016  top8 0.094
    qrl push 10.194 sq_dev 0.0000 lam 144.982 d_step 0.910 d_rand 51.204 var 0.000 sib 0.000 unr 3.779 unrb 2.071 d_unr 58.22 d_oth 41.27
  step 5800 loss 2.1387  [991s]
  step 6000 loss 1.9310  [1026s]
  step 6200 loss 1.9322  [1060s]
  step 6400 loss 2.1276  [1093s]
step 64100  loss 104.2728  train_top1 0.000  lr 5.11e-06  (0.7 it/s)
    qrl push 6.957 sq_dev 0.0015 lam 144.961 d_step 0.894 d_rand 62.275 var 0.000 sib 0.000 unr 2.763 unrb 2.181 d_unr 64.24 d_oth 57.22
  step 6600 loss 2.2454  [1127s]
  step 6800 loss 2.0497  [1161s]
  step 7000 loss 2.0131  [1195s]
  step 7200 loss 2.2428  [1229s]
step 64200  loss 115.4580  train_top1 0.000  lr 4.67e-06  (0.8 it/s)
    qrl push 9.359 sq_dev 0.0047 lam 145.435 d_step 0.943 d_rand 53.082 var 0.000 sib 0.000 unr 4.641 unrb 2.920 d_unr 51.14 d_oth 57.14
  step 7400 loss 2.2589  [1263s]
  step 7600 loss 2.1455  [1297s]
  step 7800 loss 2.1325  [1330s]
step 64300  loss 85.7131  train_top1 0.000  lr 4.29e-06  (0.8 it/s)
    qrl push 8.957 sq_dev 0.0019 lam 145.493 d_step 0.927 d_rand 54.513 var 0.000 sib 0.000 unr 4.317 unrb 3.075 d_unr 54.91 d_oth 53.55
  step 8000 loss 2.1107  [1364s]
  step 8200 loss 2.0855  [1398s]
  step 8400 loss 1.8828  [1432s]
  step 8600 loss 1.8761  [1466s]
step 64400  loss 74.4051  train_top1 0.000  lr 3.95e-06  (0.8 it/s)
    qrl push 11.548 sq_dev 0.0182 lam 145.651 d_step 0.926 d_rand 50.685 var 0.000 sib 0.000 unr 4.228 unrb 3.240 d_unr 62.76 d_oth 38.42
  step 8800 loss 2.2411  [1500s]
  step 9000 loss 1.9709  [1534s]
  step 9200 loss 2.0361  [1568s]
step 64500  loss 55.9628  train_top1 0.000  lr 3.66e-06  (0.8 it/s)
    qrl push 9.240 sq_dev 0.0044 lam 145.693 d_step 0.948 d_rand 55.483 var 0.000 sib 0.000 unr 2.780 unrb 8.273 d_unr 63.02 d_oth 16.10
  step 9400 loss 2.2302  [1602s]
  step 9600 loss 1.8929  [1636s]
  step 9800 loss 2.0629  [1670s]
  step 10000 loss 2.1811  [1704s]
step 64600  loss 67.5221  train_top1 0.000  lr 3.43e-06  (0.8 it/s)
    qrl push 8.608 sq_dev 0.0205 lam 145.922 d_step 0.923 d_rand 52.916 var 0.000 sib 0.000 unr 3.564 unrb 3.830 d_unr 55.36 d_oth 49.40
  step 10200 loss 2.0419  [1748s]
  step 10400 loss 2.1308  [1795s]
  step 10600 loss 2.2456  [1848s]
  step 10800 loss 2.0059  [1887s]
step 64700  loss 81.0300  train_top1 0.000  lr 3.24e-06  (0.6 it/s)
    qrl push 7.795 sq_dev 0.0283 lam 146.242 d_step 0.931 d_rand 58.068 var 0.000 sib 0.000 unr 2.813 unrb 2.576 d_unr 61.35 d_oth 51.97
  step 11000 loss 1.9500  [1926s]
  step 11200 loss 2.0336  [1973s]
  step 11400 loss 1.9431  [2014s]
  step 11600 loss 2.0321  [2060s]
step 64800  loss 70.2718  train_top1 0.000  lr 3.11e-06  (0.6 it/s)
    qrl push 7.672 sq_dev 0.0005 lam 146.288 d_step 0.922 d_rand 56.546 var 0.000 sib 0.000 unr 2.769 unrb 3.356 d_unr 61.13 d_oth 48.37
  step 11800 loss 2.1653  [2103s]
step 64900  loss 51.1208  train_top1 0.000  lr 3.03e-06  (0.7 it/s)
    qrl push 9.323 sq_dev 0.0094 lam 146.321 d_step 0.949 d_rand 53.789 var 0.000 sib 0.000 unr 2.926 unrb 7.374 d_unr 61.21 d_oth 21.28
VERDICT OPPONENT_V1 steps=12000 held-out NLL=2.1451 top1=0.369 (n=555017)
    elo-bin  1: NLL 2.1402  top1 0.373  (n=47077)
    elo-bin  2: NLL 2.1163  top1 0.377  (n=93242)
    elo-bin  3: NLL 2.1102  top1 0.376  (n=133202)
    elo-bin  4: NLL 2.1141  top1 0.375  (n=129320)
    elo-bin  5: NLL 2.1505  top1 0.368  (n=84627)
    elo-bin  6: NLL 2.1633  top1 0.364  (n=32819)
    elo-bin  7: NLL 2.2155  top1 0.349  (n=7832)
    elo-bin  8: NLL 2.2680  top1 0.343  (n=1330)
    elo-bin  9: NLL 3.8337  top1 0.380  (n=266)
    elo-bin 11: NLL 2.4254  top1 0.297  (n=3645)
    elo-bin 12: NLL 2.7245  top1 0.213  (n=3725)
    elo-bin 13: NLL 2.7191  top1 0.216  (n=3598)
    elo-bin 14: NLL 2.6865  top1 0.216  (n=3474)
    elo-bin 16: NLL 2.4099  top1 0.307  (n=3602)
    elo-bin 17: NLL 2.3455  top1 0.328  (n=3634)
    elo-bin 18: NLL 2.2904  top1 0.349  (n=3624)
    src0 move_selection_fullmonth.npz: NLL 2.1296  top1 0.373  (n=499741)
    src1 move_selection_full_v1.npz: NLL 2.2800  top1 0.335  (n=55099)
    src2 move_selection_self.npz: NLL 3.7331  top1 0.446  (n=177)
saved data/derived/sep/opponent_energy_fullmonth_r0.pt  [2253s]
[carry3] ENERGY pointer -> opponent_energy_fullmonth_r0
step 65000  loss 56.5718  train_top1 0.000  lr 3.00e-06  (1.0 it/s)
  VAL step 65000  loss 305.0514  top1 0.016  top8 0.094
zgoal MATE_W: 2048 checkmate finals
zgoal MATE_B: 2048 checkmate finals
saved data/derived/sep/field_fullmonth_r0.pt
VERDICT VAL_TOP1=0.016 VAL_TOP8=0.094 (chance 0.0020)
VERDICT REACH_SLOPE_WON=0.673 (n=200) REACH_SLOPE_LOST=0.681 (n=200)
VERDICT DIFF_SLOPE_WON=0.795 DIFF_SLOPE_LOST=0.841 (won-lost separation is the outcome signal; both were negative at step 2000)
[carry3] FIELD pointer -> data/derived/sep/field_fullmonth_r0.pt (round 0 done)
=== IQE round 1 on 87 staged shards -> step 70000 Thu Jul 23 20:57:24 PDT 2026 ===
[L2] preset=iqe-qrl -> iqe=True quasimetric=True qrl=True embed_scale=1.0
shards=lichess_full_stage device=mps steps=70000 batch=512 d=64 quasimetric=True ply_gap_weight=0.05 asym_weight=0.0 two_horizon=False
resumed field_fullmonth_r0.pt at step 65000
[resume] peak lr scaled 3.00e-04 -> 3.00e-05 (x0.1) to protect the converged field; --resume-lr-scale 1.0 to disable
multichannel mix: human(r0)=0.80 + self_play_v1:11:0.2
holdout: 8 batches of 512
/Users/kav/code/remote/github/catspace/catspace/nn/fb.py:676: UserWarning: Converting a tensor with requires_grad=True to a scalar may lead to unexpected behavior.
Consider using tensor.detach() first. (Triggered internally at /Users/runner/work/pytorch/pytorch/torch/csrc/autograd/generated/python_variable_methods.cpp:823.)
  d_unr = float(d_far[m].mean())
    qrl push 11.580 sq_dev 0.0027 lam 146.362 d_step 0.923 d_rand 49.269 var 0.000 sib 0.000 unr 5.081 unrb 3.032 d_unr 48.71 d_oth 50.25
step 65100  loss 52.2354  train_top1 0.000  lr 3.00e-05  (1.2 it/s)
    qrl push 10.217 sq_dev 0.0233 lam 146.412 d_step 0.837 d_rand 48.298 var 0.000 sib 0.000 unr 3.058 unrb 3.168 d_unr 60.37 d_oth 39.49
step 65200  loss 72.5006  train_top1 0.000  lr 2.99e-05  (1.3 it/s)
    qrl push 10.162 sq_dev 0.0000 lam 146.496 d_step 0.838 d_rand 50.755 var 0.000 sib 0.000 unr 4.511 unrb 3.808 d_unr 54.43 d_oth 41.55
step 65300  loss 16.5927  train_top1 0.000  lr 2.98e-05  (1.3 it/s)
    qrl push 7.784 sq_dev 0.0115 lam 146.533 d_step 0.867 d_rand 62.573 var 0.000 sib 0.000 unr 2.826 unrb 9.721 d_unr 68.04 d_oth 18.29
step 65400  loss 55.1368  train_top1 0.000  lr 2.96e-05  (1.2 it/s)
    qrl push 8.602 sq_dev 7.6006 lam 146.612 d_step 0.816 d_rand 53.707 var 0.000 sib 0.000 unr 3.589 unrb 2.151 d_unr 58.66 d_oth 48.35
step 65500  loss 99.2606  train_top1 0.000  lr 2.93e-05  (1.1 it/s)
    qrl push 8.386 sq_dev 0.0811 lam 146.880 d_step 0.912 d_rand 56.601 var 0.000 sib 0.000 unr 3.229 unrb 2.552 d_unr 60.15 d_oth 50.53
step 65600  loss 42.6250  train_top1 0.000  lr 2.91e-05  (0.8 it/s)
    qrl push 7.389 sq_dev 0.0001 lam 146.859 d_step 0.901 d_rand 58.944 var 0.000 sib 0.000 unr 2.786 unrb 2.078 d_unr 63.87 d_oth 50.38
step 65700  loss 45.8028  train_top1 0.000  lr 2.87e-05  (1.2 it/s)
    qrl push 9.513 sq_dev 0.0000 lam 147.020 d_step 0.891 d_rand 54.702 var 0.000 sib 0.000 unr 1.408 unrb 7.744 d_unr 67.36 d_oth 14.67
step 65800  loss 74.7542  train_top1 0.000  lr 2.83e-05  (1.0 it/s)
    qrl push 8.708 sq_dev 0.0164 lam 147.256 d_step 0.875 d_rand 57.725 var 0.000 sib 0.000 unr 2.195 unrb 9.696 d_unr 66.48 d_oth 14.97
step 65900  loss 60.4400  train_top1 0.000  lr 2.79e-05  (1.1 it/s)
    qrl push 9.864 sq_dev 0.0047 lam 147.397 d_step 0.862 d_rand 54.149 var 0.000 sib 0.000 unr 3.435 unrb 8.056 d_unr 61.83 d_oth 21.13
step 66000  loss 58.4224  train_top1 0.000  lr 2.74e-05  (1.3 it/s)
  VAL step 66000  loss 286.2871  top1 0.015  top8 0.092
    qrl push 7.654 sq_dev 0.0004 lam 147.519 d_step 0.783 d_rand 56.583 var 0.000 sib 0.000 unr 3.260 unrb 2.402 d_unr 55.98 d_oth 58.28
step 66100  loss 50.3918  train_top1 0.000  lr 2.69e-05  (1.1 it/s)
    qrl push 10.433 sq_dev 0.0809 lam 147.608 d_step 0.927 d_rand 49.877 var 0.000 sib 0.000 unr 4.540 unrb 4.127 d_unr 52.20 d_oth 44.91
step 66200  loss 52.2186  train_top1 0.000  lr 2.63e-05  (1.0 it/s)
    qrl push 9.933 sq_dev 0.0043 lam 147.616 d_step 0.911 d_rand 49.948 var 0.000 sib 0.000 unr 3.767 unrb 2.300 d_unr 54.10 d_oth 43.74
step 66300  loss 105.3980  train_top1 0.000  lr 2.57e-05  (1.1 it/s)
    qrl push 9.612 sq_dev 0.0038 lam 147.745 d_step 0.814 d_rand 51.809 var 0.000 sib 0.000 unr 4.203 unrb 2.431 d_unr 56.81 d_oth 44.00
step 66400  loss 90.0921  train_top1 0.000  lr 2.51e-05  (1.2 it/s)
    qrl push 11.133 sq_dev 0.0072 lam 147.757 d_step 0.906 d_rand 51.238 var 0.000 sib 0.000 unr 1.765 unrb 6.216 d_unr 68.09 d_oth 20.15
step 66500  loss 61.8612  train_top1 0.000  lr 2.44e-05  (0.9 it/s)
    qrl push 11.322 sq_dev 0.0000 lam 147.891 d_step 0.848 d_rand 46.802 var 0.000 sib 0.000 unr 5.711 unrb 3.105 d_unr 49.08 d_oth 43.20
step 66600  loss 75.0357  train_top1 0.000  lr 2.37e-05  (1.1 it/s)
    qrl push 10.438 sq_dev 0.0090 lam 148.006 d_step 0.940 d_rand 49.553 var 0.000 sib 0.000 unr 3.118 unrb 2.674 d_unr 60.23 d_oth 38.96
step 66700  loss 44.7226  train_top1 0.000  lr 2.30e-05  (1.2 it/s)
    qrl push 8.858 sq_dev 0.0482 lam 148.009 d_step 0.905 d_rand 55.017 var 0.000 sib 0.000 unr 3.233 unrb 2.199 d_unr 59.95 d_oth 45.44
step 66800  loss 92.3087  train_top1 0.000  lr 2.23e-05  (1.2 it/s)
    qrl push 10.280 sq_dev 0.0105 lam 148.262 d_step 0.876 d_rand 52.724 var 0.000 sib 0.000 unr 4.881 unrb 4.047 d_unr 55.31 d_oth 44.64
step 66900  loss 52.2201  train_top1 0.000  lr 2.15e-05  (1.2 it/s)
    qrl push 7.274 sq_dev 0.0044 lam 148.438 d_step 0.913 d_rand 57.352 var 0.000 sib 0.000 unr 2.805 unrb 3.565 d_unr 56.29 d_oth 59.65
step 67000  loss 70.1082  train_top1 0.000  lr 2.07e-05  (1.2 it/s)
  VAL step 67000  loss 271.7275  top1 0.015  top8 0.096
    qrl push 6.276 sq_dev 0.0031 lam 148.614 d_step 0.858 d_rand 64.171 var 0.000 sib 0.000 unr 1.790 unrb 6.775 d_unr 70.37 d_oth 23.00
step 67100  loss 52.9398  train_top1 0.000  lr 1.99e-05  (0.9 it/s)
    qrl push 8.085 sq_dev 0.0301 lam 148.708 d_step 0.940 d_rand 55.596 var 0.000 sib 0.000 unr 3.806 unrb 2.474 d_unr 54.91 d_oth 57.00
step 67200  loss 18.7990  train_top1 0.000  lr 1.90e-05  (1.2 it/s)
    qrl push 9.803 sq_dev 0.0416 lam 148.819 d_step 0.873 d_rand 49.764 var 0.000 sib 0.000 unr 3.594 unrb 2.272 d_unr 52.99 d_oth 45.20
step 67300  loss 42.3010  train_top1 0.000  lr 1.82e-05  (1.2 it/s)
    qrl push 7.606 sq_dev 0.0471 lam 148.874 d_step 0.947 d_rand 56.325 var 0.000 sib 0.000 unr 3.225 unrb 2.265 d_unr 56.30 d_oth 56.38
step 67400  loss 63.3352  train_top1 0.000  lr 1.74e-05  (1.1 it/s)
    qrl push 9.574 sq_dev 0.1016 lam 148.976 d_step 0.950 d_rand 53.113 var 0.000 sib 0.000 unr 4.257 unrb 2.687 d_unr 57.94 d_oth 44.75
step 67500  loss 50.9693  train_top1 0.000  lr 1.65e-05  (1.1 it/s)
    qrl push 8.384 sq_dev 0.0077 lam 149.061 d_step 0.886 d_rand 55.083 var 0.000 sib 0.000 unr 3.595 unrb 3.370 d_unr 58.68 d_oth 50.11
step 67600  loss 64.9381  train_top1 0.000  lr 1.57e-05  (1.1 it/s)
    qrl push 9.465 sq_dev 2.3312 lam 149.219 d_step 0.953 d_rand 50.604 var 0.000 sib 0.000 unr 3.934 unrb 4.011 d_unr 53.79 d_oth 44.75
step 67700  loss 51.5082  train_top1 0.000  lr 1.48e-05  (1.3 it/s)
    qrl push 8.807 sq_dev 0.0051 lam 149.358 d_step 0.849 d_rand 55.100 var 0.000 sib 0.000 unr 3.978 unrb 3.246 d_unr 55.79 d_oth 53.40
step 67800  loss 51.6153  train_top1 0.000  lr 1.40e-05  (1.3 it/s)
    qrl push 9.158 sq_dev 0.0211 lam 149.415 d_step 0.910 d_rand 56.637 var 0.000 sib 0.000 unr 3.395 unrb 3.592 d_unr 61.95 d_oth 47.63
step 67900  loss 46.2290  train_top1 0.000  lr 1.32e-05  (1.3 it/s)
    qrl push 8.231 sq_dev 0.0111 lam 149.418 d_step 0.921 d_rand 58.342 var 0.000 sib 0.000 unr 2.636 unrb 2.324 d_unr 64.83 d_oth 45.30
step 68000  loss 81.3532  train_top1 0.000  lr 1.23e-05  (1.3 it/s)
  VAL step 68000  loss 319.1589  top1 0.014  top8 0.093
    qrl push 7.747 sq_dev 0.0460 lam 149.476 d_step 0.931 d_rand 55.622 var 0.000 sib 0.000 unr 2.899 unrb 1.743 d_unr 59.60 d_oth 48.65
step 68100  loss 49.1078  train_top1 0.000  lr 1.15e-05  (1.1 it/s)
    qrl push 7.989 sq_dev 0.0002 lam 149.684 d_step 0.951 d_rand 57.989 var 0.000 sib 0.000 unr 3.480 unrb 2.779 d_unr 56.06 d_oth 64.11
step 68200  loss 49.1323  train_top1 0.000  lr 1.08e-05  (1.3 it/s)
    qrl push 11.282 sq_dev 0.0003 lam 149.819 d_step 0.915 d_rand 50.849 var 0.000 sib 0.000 unr 4.013 unrb 3.953 d_unr 57.04 d_oth 37.35
step 68300  loss 45.1716  train_top1 0.000  lr 1.00e-05  (1.3 it/s)
    qrl push 8.909 sq_dev 0.0050 lam 149.890 d_step 0.912 d_rand 59.296 var 0.000 sib 0.000 unr 1.775 unrb 4.704 d_unr 71.73 d_oth 18.24
step 68400  loss 53.1877  train_top1 0.000  lr 9.27e-06  (1.3 it/s)
    qrl push 8.834 sq_dev 0.9975 lam 149.973 d_step 0.977 d_rand 52.970 var 0.000 sib 0.000 unr 2.771 unrb 3.172 d_unr 60.31 d_oth 42.66
step 68500  loss 163.1381  train_top1 0.000  lr 8.57e-06  (1.3 it/s)
    qrl push 9.412 sq_dev 0.0018 lam 150.061 d_step 0.907 d_rand 52.950 var 0.000 sib 0.000 unr 2.754 unrb 7.580 d_unr 62.34 d_oth 26.88
step 68600  loss 40.4902  train_top1 0.000  lr 7.90e-06  (1.3 it/s)
    qrl push 9.502 sq_dev 0.2947 lam 150.188 d_step 0.931 d_rand 52.302 var 0.000 sib 0.000 unr 4.126 unrb 2.840 d_unr 54.87 d_oth 49.10
step 68700  loss 37.0303  train_top1 0.000  lr 7.26e-06  (1.3 it/s)
    qrl push 7.705 sq_dev 0.0742 lam 150.405 d_step 0.962 d_rand 58.880 var 0.000 sib 0.000 unr 3.085 unrb 3.454 d_unr 60.35 d_oth 54.29
step 68800  loss 12.7625  train_top1 0.000  lr 6.66e-06  (1.3 it/s)
    qrl push 6.647 sq_dev 0.0000 lam 150.554 d_step 0.872 d_rand 61.853 var 0.000 sib 0.000 unr 2.306 unrb 8.666 d_unr 66.27 d_oth 26.07
step 68900  loss 55.7677  train_top1 0.000  lr 6.10e-06  (1.3 it/s)
    qrl push 7.628 sq_dev 0.0097 lam 150.690 d_step 0.941 d_rand 60.712 var 0.000 sib 0.000 unr 3.025 unrb 2.122 d_unr 65.89 d_oth 51.55
step 69000  loss 51.8348  train_top1 0.000  lr 5.58e-06  (1.3 it/s)
  VAL step 69000  loss 294.4379  top1 0.015  top8 0.099
    qrl push 10.009 sq_dev 0.0004 lam 150.837 d_step 0.928 d_rand 52.046 var 0.000 sib 0.000 unr 3.787 unrb 2.076 d_unr 59.03 d_oth 42.16
step 69100  loss 103.3182  train_top1 0.000  lr 5.11e-06  (1.1 it/s)
    qrl push 6.827 sq_dev 0.0014 lam 150.797 d_step 0.938 d_rand 63.330 var 0.000 sib 0.000 unr 2.776 unrb 2.195 d_unr 65.31 d_oth 58.23
step 69200  loss 105.4230  train_top1 0.000  lr 4.67e-06  (1.3 it/s)
    qrl push 9.312 sq_dev 0.0059 lam 151.292 d_step 0.948 d_rand 53.586 var 0.000 sib 0.000 unr 4.637 unrb 2.859 d_unr 51.72 d_oth 57.47
step 69300  loss 76.4700  train_top1 0.000  lr 4.29e-06  (1.3 it/s)
    qrl push 8.796 sq_dev 0.0009 lam 151.319 d_step 0.917 d_rand 55.287 var 0.000 sib 0.000 unr 4.254 unrb 3.011 d_unr 55.62 d_oth 54.47
step 69400  loss 61.1403  train_top1 0.000  lr 3.95e-06  (1.1 it/s)
    qrl push 11.017 sq_dev 0.0133 lam 151.459 d_step 0.955 d_rand 51.935 var 0.000 sib 0.000 unr 4.229 unrb 3.277 d_unr 63.54 d_oth 40.15
step 69500  loss 55.1744  train_top1 0.000  lr 3.66e-06  (0.9 it/s)
    qrl push 8.342 sq_dev 0.0010 lam 151.495 d_step 0.909 d_rand 58.279 var 0.000 sib 0.000 unr 2.351 unrb 7.323 d_unr 65.82 d_oth 18.87
step 69600  loss 55.6499  train_top1 0.000  lr 3.43e-06  (0.8 it/s)
    qrl push 8.354 sq_dev 0.0241 lam 151.709 d_step 0.952 d_rand 53.883 var 0.000 sib 0.000 unr 3.507 unrb 3.825 d_unr 55.92 d_oth 50.95
step 69700  loss 77.1525  train_top1 0.000  lr 3.24e-06  (1.0 it/s)
    qrl push 7.409 sq_dev 0.0263 lam 152.002 d_step 0.932 d_rand 59.378 var 0.000 sib 0.000 unr 2.723 unrb 2.508 d_unr 62.48 d_oth 53.60
step 69800  loss 56.3838  train_top1 0.000  lr 3.11e-06  (1.1 it/s)
    qrl push 7.375 sq_dev 0.0005 lam 152.039 d_step 0.902 d_rand 57.667 var 0.000 sib 0.000 unr 2.756 unrb 3.320 d_unr 61.94 d_oth 50.04
step 69900  loss 50.4362  train_top1 0.000  lr 3.03e-06  (1.3 it/s)
    qrl push 7.954 sq_dev 0.0060 lam 152.051 d_step 0.922 d_rand 57.383 var 0.000 sib 0.000 unr 2.496 unrb 6.326 d_unr 64.34 d_oth 26.92
step 70000  loss 54.4268  train_top1 0.000  lr 3.00e-06  (1.3 it/s)
  VAL step 70000  loss 307.1534  top1 0.015  top8 0.096
zgoal MATE_W: 2048 checkmate finals
zgoal MATE_B: 2048 checkmate finals
saved data/derived/sep/field_fullmonth_r0.pt
VERDICT VAL_TOP1=0.015 VAL_TOP8=0.096 (chance 0.0020)
VERDICT REACH_SLOPE_WON=0.678 (n=200) REACH_SLOPE_LOST=0.686 (n=200)
VERDICT DIFF_SLOPE_WON=0.797 DIFF_SLOPE_LOST=0.843 (won-lost separation is the outcome signal; both were negative at step 2000)
[carry3] FIELD pointer -> data/derived/sep/field_fullmonth_r0.pt (round 1 done)
=== IQE round 2 on 87 staged shards -> step 75000 Thu Jul 23 22:10:38 PDT 2026 ===
[L2] preset=iqe-qrl -> iqe=True quasimetric=True qrl=True embed_scale=1.0
shards=lichess_full_stage device=mps steps=75000 batch=512 d=64 quasimetric=True ply_gap_weight=0.05 asym_weight=0.0 two_horizon=False
resumed field_fullmonth_r0.pt at step 70000
[resume] peak lr scaled 3.00e-04 -> 3.00e-05 (x0.1) to protect the converged field; --resume-lr-scale 1.0 to disable
multichannel mix: human(r0)=0.80 + self_play_v1:11:0.2
holdout: 8 batches of 512
/Users/kav/code/remote/github/catspace/catspace/nn/fb.py:676: UserWarning: Converting a tensor with requires_grad=True to a scalar may lead to unexpected behavior.
Consider using tensor.detach() first. (Triggered internally at /Users/runner/work/pytorch/pytorch/torch/csrc/autograd/generated/python_variable_methods.cpp:823.)
  d_unr = float(d_far[m].mean())
    qrl push 11.465 sq_dev 0.0086 lam 152.077 d_step 0.937 d_rand 50.043 var 0.000 sib 0.000 unr 4.969 unrb 2.955 d_unr 49.58 d_oth 50.85
step 70100  loss 36.1776  train_top1 0.000  lr 3.00e-05  (1.2 it/s)
    qrl push 9.200 sq_dev 0.0419 lam 152.095 d_step 0.893 d_rand 50.656 var 0.000 sib 0.000 unr 3.033 unrb 2.943 d_unr 61.68 d_oth 42.60
step 70200  loss 64.1582  train_top1 0.000  lr 2.99e-05  (1.2 it/s)
    qrl push 9.248 sq_dev 0.0120 lam 152.140 d_step 0.932 d_rand 53.543 var 0.000 sib 0.000 unr 4.083 unrb 3.394 d_unr 57.27 d_oth 44.21
step 70300  loss 7.2215  train_top1 0.000  lr 2.98e-05  (1.2 it/s)
    qrl push 6.914 sq_dev 0.0006 lam 152.154 d_step 0.916 d_rand 65.531 var 0.000 sib 0.000 unr 2.598 unrb 8.929 d_unr 70.62 d_oth 24.29
step 70400  loss 49.8655  train_top1 0.000  lr 2.96e-05  (1.2 it/s)
    qrl push 8.046 sq_dev 5.3262 lam 152.230 d_step 0.958 d_rand 55.358 var 0.000 sib 0.000 unr 3.417 unrb 2.059 d_unr 59.73 d_oth 50.63
step 70500  loss 90.6625  train_top1 0.000  lr 2.93e-05  (1.2 it/s)
    qrl push 8.567 sq_dev 0.0688 lam 152.430 d_step 0.731 d_rand 56.889 var 0.000 sib 0.000 unr 3.327 unrb 2.558 d_unr 60.73 d_oth 50.33
step 70600  loss 40.9782  train_top1 0.000  lr 2.91e-05  (1.2 it/s)
    qrl push 7.140 sq_dev 0.0000 lam 152.382 d_step 0.825 d_rand 60.072 var 0.000 sib 0.000 unr 2.761 unrb 2.097 d_unr 64.78 d_oth 51.89
step 70700  loss 44.7157  train_top1 0.000  lr 2.87e-05  (1.2 it/s)
    qrl push 8.411 sq_dev 0.0000 lam 152.520 d_step 0.739 d_rand 58.889 var 0.000 sib 0.000 unr 1.062 unrb 6.165 d_unr 71.92 d_oth 17.67
step 70800  loss 47.3055  train_top1 0.000  lr 2.83e-05  (1.3 it/s)
    qrl push 7.094 sq_dev 0.0027 lam 152.745 d_step 0.858 d_rand 63.272 var 0.000 sib 0.000 unr 1.602 unrb 6.058 d_unr 71.96 d_oth 20.83
step 70900  loss 55.0450  train_top1 0.000  lr 2.79e-05  (1.3 it/s)
    qrl push 9.068 sq_dev 0.0041 lam 152.855 d_step 0.872 d_rand 57.161 var 0.000 sib 0.000 unr 3.111 unrb 7.461 d_unr 64.99 d_oth 23.52
step 71000  loss 52.8213  train_top1 0.000  lr 2.74e-05  (1.3 it/s)
  VAL step 71000  loss 296.9424  top1 0.016  top8 0.091
    qrl push 7.252 sq_dev 0.0006 lam 152.966 d_step 0.835 d_rand 58.544 var 0.000 sib 0.000 unr 3.059 unrb 2.275 d_unr 58.02 d_oth 60.00
step 71100  loss 48.6937  train_top1 0.000  lr 2.69e-05  (1.1 it/s)
    qrl push 9.964 sq_dev 0.0457 lam 153.050 d_step 0.937 d_rand 51.471 var 0.000 sib 0.000 unr 4.310 unrb 3.958 d_unr 53.65 d_oth 46.81
step 71200  loss 51.9426  train_top1 0.000  lr 2.63e-05  (1.3 it/s)
    qrl push 9.698 sq_dev 0.0034 lam 153.047 d_step 0.913 d_rand 51.259 var 0.000 sib 0.000 unr 3.754 unrb 2.267 d_unr 55.31 d_oth 45.19
step 71300  loss 98.5483  train_top1 0.000  lr 2.57e-05  (1.2 it/s)
    qrl push 9.501 sq_dev 0.0029 lam 153.173 d_step 0.894 d_rand 52.637 var 0.000 sib 0.000 unr 4.154 unrb 2.459 d_unr 57.92 d_oth 44.39
step 71400  loss 79.3206  train_top1 0.000  lr 2.51e-05  (1.3 it/s)
    qrl push 10.166 sq_dev 0.0041 lam 153.168 d_step 0.920 d_rand 54.429 var 0.000 sib 0.000 unr 1.370 unrb 5.314 d_unr 71.71 d_oth 22.55
step 71500  loss 58.4899  train_top1 0.000  lr 2.44e-05  (1.3 it/s)
    qrl push 10.898 sq_dev 0.0000 lam 153.269 d_step 0.877 d_rand 48.134 var 0.000 sib 0.000 unr 5.465 unrb 2.963 d_unr 50.47 d_oth 44.44
step 71600  loss 72.9396  train_top1 0.000  lr 2.37e-05  (1.3 it/s)
    qrl push 10.343 sq_dev 0.0103 lam 153.380 d_step 0.940 d_rand 50.438 var 0.000 sib 0.000 unr 3.048 unrb 2.585 d_unr 61.48 d_oth 39.49
step 71700  loss 42.3429  train_top1 0.000  lr 2.30e-05  (1.3 it/s)
    qrl push 8.470 sq_dev 0.0398 lam 153.363 d_step 0.915 d_rand 56.762 var 0.000 sib 0.000 unr 3.016 unrb 2.119 d_unr 61.93 d_oth 46.72
step 71800  loss 91.1228  train_top1 0.000  lr 2.23e-05  (1.3 it/s)
    qrl push 10.158 sq_dev 0.0044 lam 153.622 d_step 0.896 d_rand 53.357 var 0.000 sib 0.000 unr 4.840 unrb 3.956 d_unr 56.00 d_oth 45.08
step 71900  loss 51.3865  train_top1 0.000  lr 2.15e-05  (1.3 it/s)
    qrl push 7.167 sq_dev 0.0038 lam 153.780 d_step 0.932 d_rand 58.232 var 0.000 sib 0.000 unr 2.778 unrb 3.538 d_unr 57.26 d_oth 60.34
step 72000  loss 71.1298  train_top1 0.000  lr 2.07e-05  (1.3 it/s)
  VAL step 72000  loss 275.5849  top1 0.016  top8 0.095
    qrl push 5.685 sq_dev 0.0052 lam 153.947 d_step 0.902 d_rand 67.372 var 0.000 sib 0.000 unr 1.573 unrb 5.686 d_unr 73.61 d_oth 25.92
step 72100  loss 52.8242  train_top1 0.000  lr 1.99e-05  (1.1 it/s)
    qrl push 7.969 sq_dev 0.0298 lam 154.027 d_step 0.948 d_rand 56.626 var 0.000 sib 0.000 unr 3.737 unrb 2.397 d_unr 56.02 d_oth 57.86
step 72200  loss 14.9193  train_top1 0.000  lr 1.90e-05  (1.3 it/s)
    qrl push 9.475 sq_dev 0.0562 lam 154.125 d_step 0.917 d_rand 50.928 var 0.000 sib 0.000 unr 3.474 unrb 2.228 d_unr 54.06 d_oth 46.49
step 72300  loss 41.5294  train_top1 0.000  lr 1.82e-05  (1.3 it/s)
    qrl push 7.440 sq_dev 0.0394 lam 154.158 d_step 0.960 d_rand 57.343 var 0.000 sib 0.000 unr 3.165 unrb 2.229 d_unr 57.33 d_oth 57.38
step 72400  loss 62.7144  train_top1 0.000  lr 1.74e-05  (1.3 it/s)
    qrl push 9.204 sq_dev 0.0813 lam 154.247 d_step 0.947 d_rand 54.577 var 0.000 sib 0.000 unr 4.121 unrb 2.635 d_unr 59.36 d_oth 46.30
step 72500  loss 49.3735  train_top1 0.000  lr 1.65e-05  (1.3 it/s)
    qrl push 7.998 sq_dev 0.0010 lam 154.310 d_step 0.928 d_rand 56.852 var 0.000 sib 0.000 unr 3.510 unrb 3.287 d_unr 60.22 d_oth 52.20
step 72600  loss 60.3730  train_top1 0.000  lr 1.57e-05  (1.3 it/s)
    qrl push 9.031 sq_dev 2.3960 lam 154.442 d_step 1.010 d_rand 52.692 var 0.000 sib 0.000 unr 3.784 unrb 3.768 d_unr 55.99 d_oth 46.63
step 72700  loss 48.5408  train_top1 0.000  lr 1.48e-05  (1.3 it/s)
    qrl push 8.658 sq_dev 0.0135 lam 154.566 d_step 0.860 d_rand 56.538 var 0.000 sib 0.000 unr 3.948 unrb 3.101 d_unr 57.37 d_oth 54.50
step 72800  loss 50.1427  train_top1 0.000  lr 1.40e-05  (1.3 it/s)
    qrl push 8.942 sq_dev 0.0127 lam 154.614 d_step 0.925 d_rand 57.849 var 0.000 sib 0.000 unr 3.433 unrb 3.530 d_unr 63.07 d_oth 49.00
step 72900  loss 44.8986  train_top1 0.000  lr 1.32e-05  (1.3 it/s)
    qrl push 7.992 sq_dev 0.0200 lam 154.608 d_step 0.933 d_rand 59.578 var 0.000 sib 0.000 unr 2.592 unrb 2.298 d_unr 65.99 d_oth 46.67
step 73000  loss 76.2123  train_top1 0.000  lr 1.23e-05  (1.2 it/s)
  VAL step 73000  loss 322.3859  top1 0.014  top8 0.092
    qrl push 7.587 sq_dev 0.0515 lam 154.651 d_step 0.936 d_rand 56.564 var 0.000 sib 0.000 unr 2.808 unrb 1.721 d_unr 60.63 d_oth 49.44
step 73100  loss 47.7330  train_top1 0.000  lr 1.15e-05  (0.9 it/s)
    qrl push 7.960 sq_dev 0.0000 lam 154.845 d_step 0.928 d_rand 58.728 var 0.000 sib 0.000 unr 3.471 unrb 2.744 d_unr 56.85 d_oth 64.66
step 73200  loss 49.0738  train_top1 0.000  lr 1.08e-05  (1.0 it/s)
    qrl push 11.187 sq_dev 0.0001 lam 154.982 d_step 0.928 d_rand 51.618 var 0.000 sib 0.000 unr 4.041 unrb 3.958 d_unr 57.76 d_oth 38.24
step 73300  loss 44.3796  train_top1 0.000  lr 1.00e-05  (1.1 it/s)
    qrl push 8.242 sq_dev 0.0041 lam 155.042 d_step 0.917 d_rand 62.331 var 0.000 sib 0.000 unr 1.637 unrb 4.004 d_unr 74.85 d_oth 20.99
step 73400  loss 47.7197  train_top1 0.000  lr 9.27e-06  (1.0 it/s)
    qrl push 8.541 sq_dev 1.0115 lam 155.095 d_step 0.988 d_rand 54.177 var 0.000 sib 0.000 unr 2.797 unrb 3.168 d_unr 61.35 d_oth 44.10
step 73500  loss 147.4031  train_top1 0.000  lr 8.57e-06  (1.0 it/s)
    qrl push 8.369 sq_dev 0.0010 lam 155.168 d_step 0.911 d_rand 55.989 var 0.000 sib 0.000 unr 2.398 unrb 6.774 d_unr 65.18 d_oth 30.46
step 73600  loss 38.7104  train_top1 0.000  lr 7.90e-06  (1.0 it/s)
    qrl push 9.297 sq_dev 0.2095 lam 155.277 d_step 0.928 d_rand 53.254 var 0.000 sib 0.000 unr 4.074 unrb 2.799 d_unr 55.72 d_oth 50.18
step 73700  loss 36.0619  train_top1 0.000  lr 7.26e-06  (1.0 it/s)
    qrl push 7.614 sq_dev 0.0801 lam 155.477 d_step 0.964 d_rand 59.621 var 0.000 sib 0.000 unr 3.084 unrb 3.395 d_unr 61.13 d_oth 54.88
step 73800  loss 9.1777  train_top1 0.000  lr 6.66e-06  (1.0 it/s)
    qrl push 6.124 sq_dev 0.0000 lam 155.635 d_step 0.886 d_rand 64.314 var 0.000 sib 0.000 unr 2.140 unrb 7.976 d_unr 68.68 d_oth 28.94
step 73900  loss 47.0198  train_top1 0.000  lr 6.10e-06  (0.9 it/s)
    qrl push 7.496 sq_dev 0.0135 lam 155.761 d_step 0.952 d_rand 61.730 var 0.000 sib 0.000 unr 2.987 unrb 2.091 d_unr 66.98 d_oth 52.44
step 74000  loss 51.3199  train_top1 0.000  lr 5.58e-06  (1.0 it/s)
  VAL step 74000  loss 296.8537  top1 0.015  top8 0.099
    qrl push 9.843 sq_dev 0.0001 lam 155.903 d_step 0.927 d_rand 53.000 var 0.000 sib 0.000 unr 3.795 unrb 2.060 d_unr 59.92 d_oth 43.20
step 74100  loss 94.9567  train_top1 0.000  lr 5.11e-06  (0.8 it/s)
    qrl push 6.686 sq_dev 0.0007 lam 155.852 d_step 0.950 d_rand 64.515 var 0.000 sib 0.000 unr 2.756 unrb 2.185 d_unr 66.51 d_oth 59.36
step 74200  loss 100.0153  train_top1 0.000  lr 4.67e-06  (0.9 it/s)
    qrl push 9.236 sq_dev 0.0073 lam 156.361 d_step 0.958 d_rand 54.269 var 0.000 sib 0.000 unr 4.616 unrb 2.818 d_unr 52.42 d_oth 58.13
step 74300  loss 70.5127  train_top1 0.000  lr 4.29e-06  (1.0 it/s)
    qrl push 8.629 sq_dev 0.0020 lam 156.372 d_step 0.928 d_rand 56.282 var 0.000 sib 0.000 unr 4.148 unrb 2.928 d_unr 56.57 d_oth 55.58
step 74400  loss 52.9489  train_top1 0.000  lr 3.95e-06  (1.0 it/s)
    qrl push 10.731 sq_dev 0.0113 lam 156.503 d_step 0.959 d_rand 52.976 var 0.000 sib 0.000 unr 4.216 unrb 3.269 d_unr 64.46 d_oth 41.31
step 74500  loss 54.9606  train_top1 0.000  lr 3.66e-06  (0.9 it/s)
    qrl push 7.763 sq_dev 0.0002 lam 156.535 d_step 0.910 d_rand 60.661 var 0.000 sib 0.000 unr 2.073 unrb 6.644 d_unr 68.33 d_oth 20.58
step 74600  loss 47.3045  train_top1 0.000  lr 3.43e-06  (0.9 it/s)
    qrl push 8.154 sq_dev 0.0267 lam 156.736 d_step 0.962 d_rand 54.877 var 0.000 sib 0.000 unr 3.445 unrb 3.812 d_unr 56.70 d_oth 52.26
step 74700  loss 74.9587  train_top1 0.000  lr 3.24e-06  (1.0 it/s)
    qrl push 7.119 sq_dev 0.0220 lam 157.012 d_step 0.943 d_rand 60.661 var 0.000 sib 0.000 unr 2.657 unrb 2.447 d_unr 63.64 d_oth 55.11
step 74800  loss 47.5380  train_top1 0.000  lr 3.11e-06  (1.1 it/s)
    qrl push 7.172 sq_dev 0.0008 lam 157.044 d_step 0.910 d_rand 58.695 var 0.000 sib 0.000 unr 2.741 unrb 3.287 d_unr 62.80 d_oth 51.36
step 74900  loss 50.1562  train_top1 0.000  lr 3.03e-06  (1.1 it/s)
    qrl push 7.137 sq_dev 0.0035 lam 157.045 d_step 0.924 d_rand 60.282 var 0.000 sib 0.000 unr 2.231 unrb 5.621 d_unr 67.01 d_oth 30.81
step 75000  loss 53.2309  train_top1 0.000  lr 3.00e-06  (1.1 it/s)
  VAL step 75000  loss 308.6589  top1 0.015  top8 0.098
zgoal MATE_W: 2048 checkmate finals
zgoal MATE_B: 2048 checkmate finals
saved data/derived/sep/field_fullmonth_r0.pt
VERDICT VAL_TOP1=0.015 VAL_TOP8=0.098 (chance 0.0020)
VERDICT REACH_SLOPE_WON=0.678 (n=200) REACH_SLOPE_LOST=0.684 (n=200)
VERDICT DIFF_SLOPE_WON=0.795 DIFF_SLOPE_LOST=0.841 (won-lost separation is the outcome signal; both were negative at step 2000)
[carry3] FIELD pointer -> data/derived/sep/field_fullmonth_r0.pt (round 2 done)
=== IQE round 3 on 87 staged shards -> step 80000 Thu Jul 23 23:25:55 PDT 2026 ===
[L2] preset=iqe-qrl -> iqe=True quasimetric=True qrl=True embed_scale=1.0
shards=lichess_full_stage device=mps steps=80000 batch=512 d=64 quasimetric=True ply_gap_weight=0.05 asym_weight=0.0 two_horizon=False
resumed field_fullmonth_r0.pt at step 75000
[resume] peak lr scaled 3.00e-04 -> 3.00e-05 (x0.1) to protect the converged field; --resume-lr-scale 1.0 to disable
multichannel mix: human(r0)=0.80 + self_play_v1:11:0.2
holdout: 8 batches of 512
/Users/kav/code/remote/github/catspace/catspace/nn/fb.py:676: UserWarning: Converting a tensor with requires_grad=True to a scalar may lead to unexpected behavior.
Consider using tensor.detach() first. (Triggered internally at /Users/runner/work/pytorch/pytorch/torch/csrc/autograd/generated/python_variable_methods.cpp:823.)
  d_unr = float(d_far[m].mean())
    qrl push 11.483 sq_dev 0.0093 lam 157.060 d_step 0.945 d_rand 50.482 var 0.000 sib 0.000 unr 4.952 unrb 2.915 d_unr 50.12 d_oth 51.12
step 75100  loss 31.1297  train_top1 0.000  lr 3.00e-05  (1.1 it/s)
    qrl push 8.715 sq_dev 0.0339 lam 157.052 d_step 0.252 d_rand 52.563 var 0.000 sib 0.000 unr 3.014 unrb 2.758 d_unr 63.35 d_oth 44.69
step 75200  loss 59.3781  train_top1 0.000  lr 2.99e-05  (1.1 it/s)
    qrl push 8.637 sq_dev 0.0036 lam 157.066 d_step 0.415 d_rand 55.729 var 0.000 sib 0.000 unr 3.829 unrb 3.122 d_unr 59.31 d_oth 46.75
step 75300  loss 2.2339  train_top1 0.000  lr 2.98e-05  (1.1 it/s)
    qrl push 6.281 sq_dev 0.0000 lam 157.060 d_step 0.756 d_rand 68.083 var 0.000 sib 0.000 unr 2.413 unrb 7.950 d_unr 72.92 d_oth 28.89
step 75400  loss 47.1676  train_top1 0.000  lr 2.96e-05  (1.1 it/s)
    qrl push 7.868 sq_dev 4.5109 lam 157.104 d_step 0.689 d_rand 56.668 var 0.000 sib 0.000 unr 3.368 unrb 1.931 d_unr 60.93 d_oth 52.06
step 75500  loss 77.7258  train_top1 0.000  lr 2.93e-05  (1.1 it/s)
    qrl push 8.457 sq_dev 0.0464 lam 157.257 d_step 0.867 d_rand 57.983 var 0.000 sib 0.000 unr 3.263 unrb 2.438 d_unr 61.99 d_oth 51.14
step 75600  loss 41.2730  train_top1 0.000  lr 2.91e-05  (1.1 it/s)
    qrl push 7.042 sq_dev 0.0000 lam 157.196 d_step 0.909 d_rand 60.979 var 0.000 sib 0.000 unr 2.770 unrb 2.112 d_unr 65.58 d_oth 52.98
step 75700  loss 49.3014  train_top1 0.000  lr 2.87e-05  (1.1 it/s)
    qrl push 8.781 sq_dev 0.0001 lam 157.308 d_step 0.910 d_rand 59.962 var 0.000 sib 0.000 unr 1.384 unrb 7.473 d_unr 73.20 d_oth 18.09
step 75800  loss 36.5485  train_top1 0.000  lr 2.83e-05  (1.2 it/s)
    qrl push 5.978 sq_dev 0.0105 lam 157.505 d_step 0.925 d_rand 68.123 var 0.000 sib 0.000 unr 1.301 unrb 3.841 d_unr 76.72 d_oth 26.13
step 75900  loss 55.2001  train_top1 0.000  lr 2.79e-05  (1.1 it/s)
    qrl push 8.214 sq_dev 0.0004 lam 157.582 d_step 0.874 d_rand 61.354 var 0.000 sib 0.000 unr 2.715 unrb 6.191 d_unr 69.56 d_oth 26.08
step 76000  loss 51.2069  train_top1 0.000  lr 2.74e-05  (1.1 it/s)
  VAL step 76000  loss 304.7325  top1 0.014  top8 0.090
    qrl push 7.092 sq_dev 0.0005 lam 157.682 d_step 0.807 d_rand 59.881 var 0.000 sib 0.000 unr 2.979 unrb 2.274 d_unr 59.46 d_oth 61.05
step 76100  loss 46.2060  train_top1 0.000  lr 2.69e-05  (1.0 it/s)
    qrl push 9.657 sq_dev 0.0224 lam 157.745 d_step 0.914 d_rand 52.993 var 0.000 sib 0.000 unr 4.212 unrb 3.894 d_unr 55.05 d_oth 48.59
step 76200  loss 55.4514  train_top1 0.000  lr 2.63e-05  (1.1 it/s)
    qrl push 9.569 sq_dev 0.0342 lam 157.737 d_step 0.932 d_rand 52.636 var 0.000 sib 0.000 unr 3.754 unrb 2.195 d_unr 56.84 d_oth 46.33
step 76300  loss 92.1367  train_top1 0.000  lr 2.57e-05  (1.1 it/s)
    qrl push 9.350 sq_dev 0.0079 lam 157.851 d_step 0.911 d_rand 53.603 var 0.000 sib 0.000 unr 4.107 unrb 2.473 d_unr 59.12 d_oth 44.98
step 76400  loss 70.8297  train_top1 0.000  lr 2.51e-05  (1.1 it/s)
    qrl push 9.396 sq_dev 0.0065 lam 157.826 d_step 0.927 d_rand 57.456 var 0.000 sib 0.000 unr 1.121 unrb 4.608 d_unr 75.15 d_oth 24.82
step 76500  loss 57.8513  train_top1 0.000  lr 2.44e-05  (1.1 it/s)
    qrl push 10.724 sq_dev 0.0000 lam 157.890 d_step 0.888 d_rand 49.224 var 0.000 sib 0.000 unr 5.362 unrb 2.912 d_unr 51.69 d_oth 45.33
step 76600  loss 71.4896  train_top1 0.000  lr 2.37e-05  (1.1 it/s)
    qrl push 10.348 sq_dev 0.0113 lam 157.988 d_step 0.949 d_rand 51.321 var 0.000 sib 0.000 unr 2.928 unrb 2.539 d_unr 63.14 d_oth 39.59
step 76700  loss 40.9828  train_top1 0.000  lr 2.30e-05  (1.1 it/s)
    qrl push 8.282 sq_dev 0.0426 lam 157.954 d_step 0.944 d_rand 58.075 var 0.000 sib 0.000 unr 2.943 unrb 2.100 d_unr 63.48 d_oth 47.57
step 76800  loss 92.2329  train_top1 0.000  lr 2.23e-05  (1.2 it/s)
    qrl push 10.124 sq_dev 0.0003 lam 158.187 d_step 0.845 d_rand 54.012 var 0.000 sib 0.000 unr 4.841 unrb 3.988 d_unr 56.71 d_oth 45.58
step 76900  loss 49.7789  train_top1 0.000  lr 2.15e-05  (1.3 it/s)
    qrl push 6.933 sq_dev 0.0008 lam 158.313 d_step 0.925 d_rand 59.690 var 0.000 sib 0.000 unr 2.668 unrb 3.452 d_unr 58.76 d_oth 61.71
step 77000  loss 68.6198  train_top1 0.000  lr 2.07e-05  (1.3 it/s)
  VAL step 77000  loss 281.5665  top1 0.016  top8 0.096
    qrl push 5.238 sq_dev 0.0019 lam 158.480 d_step 0.894 d_rand 70.600 var 0.000 sib 0.000 unr 1.367 unrb 5.028 d_unr 76.99 d_oth 28.13
step 77100  loss 51.2315  train_top1 0.000  lr 1.99e-05  (1.1 it/s)
    qrl push 7.844 sq_dev 0.0333 lam 158.554 d_step 0.947 d_rand 57.823 var 0.000 sib 0.000 unr 3.670 unrb 2.387 d_unr 57.21 d_oth 59.09
step 77200  loss 11.8844  train_top1 0.000  lr 1.90e-05  (1.3 it/s)
    qrl push 9.312 sq_dev 0.0188 lam 158.643 d_step 0.893 d_rand 51.926 var 0.000 sib 0.000 unr 3.493 unrb 2.267 d_unr 54.97 d_oth 47.62
step 77300  loss 41.0733  train_top1 0.000  lr 1.82e-05  (1.3 it/s)
    qrl push 7.384 sq_dev 0.0313 lam 158.662 d_step 0.960 d_rand 58.213 var 0.000 sib 0.000 unr 3.157 unrb 2.205 d_unr 58.25 d_oth 58.12
step 77400  loss 60.5822  train_top1 0.000  lr 1.74e-05  (1.3 it/s)
    qrl push 8.994 sq_dev 0.0672 lam 158.741 d_step 0.946 d_rand 55.764 var 0.000 sib 0.000 unr 4.037 unrb 2.556 d_unr 60.59 d_oth 47.40
step 77500  loss 47.4946  train_top1 0.000  lr 1.65e-05  (1.3 it/s)
    qrl push 7.726 sq_dev 0.0002 lam 158.781 d_step 0.898 d_rand 58.325 var 0.000 sib 0.000 unr 3.453 unrb 3.218 d_unr 61.52 d_oth 53.91
step 77600  loss 58.8061  train_top1 0.000  lr 1.57e-05  (1.3 it/s)
    qrl push 8.851 sq_dev 2.1591 lam 158.905 d_step 1.011 d_rand 53.950 var 0.000 sib 0.000 unr 3.728 unrb 3.600 d_unr 57.45 d_oth 47.53
step 77700  loss 46.8717  train_top1 0.000  lr 1.48e-05  (1.3 it/s)
    qrl push 8.454 sq_dev 0.0069 lam 159.011 d_step 0.863 d_rand 58.140 var 0.000 sib 0.000 unr 3.847 unrb 3.004 d_unr 59.11 d_oth 55.76
step 77800  loss 48.6847  train_top1 0.000  lr 1.40e-05  (1.3 it/s)
    qrl push 8.717 sq_dev 0.0225 lam 159.040 d_step 0.925 d_rand 59.329 var 0.000 sib 0.000 unr 3.387 unrb 3.445 d_unr 64.57 d_oth 50.45
step 77900  loss 43.5076  train_top1 0.000  lr 1.32e-05  (1.3 it/s)
    qrl push 7.786 sq_dev 0.0176 lam 159.021 d_step 0.929 d_rand 60.918 var 0.000 sib 0.000 unr 2.522 unrb 2.262 d_unr 67.39 d_oth 47.90
step 78000  loss 77.3275  train_top1 0.000  lr 1.23e-05  (1.3 it/s)
  VAL step 78000  loss 328.5146  top1 0.014  top8 0.093
    qrl push 7.394 sq_dev 0.0571 lam 159.055 d_step 0.926 d_rand 57.685 var 0.000 sib 0.000 unr 2.715 unrb 1.704 d_unr 61.77 d_oth 50.53
step 78100  loss 46.2093  train_top1 0.000  lr 1.15e-05  (1.1 it/s)
    qrl push 7.818 sq_dev 0.0001 lam 159.251 d_step 0.950 d_rand 59.908 var 0.000 sib 0.000 unr 3.382 unrb 2.679 d_unr 58.07 d_oth 65.72
step 78200  loss 47.8546  train_top1 0.000  lr 1.08e-05  (1.3 it/s)
    qrl push 11.063 sq_dev 0.0002 lam 159.382 d_step 0.923 d_rand 52.581 var 0.000 sib 0.000 unr 3.987 unrb 3.891 d_unr 58.76 d_oth 39.11
step 78300  loss 43.4024  train_top1 0.000  lr 1.00e-05  (1.3 it/s)
    qrl push 7.710 sq_dev 0.0029 lam 159.424 d_step 0.927 d_rand 65.300 var 0.000 sib 0.000 unr 1.489 unrb 3.424 d_unr 77.99 d_oth 23.41
step 78400  loss 45.9640  train_top1 0.000  lr 9.27e-06  (1.3 it/s)
    qrl push 8.360 sq_dev 0.9493 lam 159.467 d_step 0.971 d_rand 55.073 var 0.000 sib 0.000 unr 2.839 unrb 3.185 d_unr 62.05 d_oth 45.28
step 78500  loss 142.3670  train_top1 0.000  lr 8.57e-06  (1.3 it/s)
    qrl push 7.577 sq_dev 0.0021 lam 159.526 d_step 0.909 d_rand 58.746 var 0.000 sib 0.000 unr 2.155 unrb 6.135 d_unr 67.85 d_oth 33.47
step 78600  loss 37.7705  train_top1 0.000  lr 7.90e-06  (1.3 it/s)
    qrl push 9.089 sq_dev 0.1520 lam 159.621 d_step 0.927 d_rand 54.319 var 0.000 sib 0.000 unr 4.022 unrb 2.792 d_unr 56.69 d_oth 51.37
step 78700  loss 35.0974  train_top1 0.000  lr 7.26e-06  (1.3 it/s)
    qrl push 7.458 sq_dev 0.0846 lam 159.792 d_step 0.968 d_rand 60.841 var 0.000 sib 0.000 unr 3.045 unrb 3.315 d_unr 62.41 d_oth 55.94
step 78800  loss 7.1351  train_top1 0.000  lr 6.66e-06  (1.3 it/s)
    qrl push 5.644 sq_dev 0.0000 lam 159.961 d_step 0.870 d_rand 66.996 var 0.000 sib 0.000 unr 1.990 unrb 7.305 d_unr 71.38 d_oth 31.45
step 78900  loss 40.8009  train_top1 0.000  lr 6.10e-06  (1.3 it/s)
    qrl push 7.373 sq_dev 0.0153 lam 160.081 d_step 0.953 d_rand 62.981 var 0.000 sib 0.000 unr 2.954 unrb 2.070 d_unr 68.35 d_oth 53.50
step 79000  loss 50.9924  train_top1 0.000  lr 5.58e-06  (1.3 it/s)
  VAL step 79000  loss 301.7639  top1 0.014  top8 0.099
    qrl push 9.771 sq_dev 0.0000 lam 160.222 d_step 0.909 d_rand 53.942 var 0.000 sib 0.000 unr 3.796 unrb 2.036 d_unr 61.00 d_oth 43.95
step 79100  loss 97.8283  train_top1 0.000  lr 5.11e-06  (1.1 it/s)
    qrl push 6.576 sq_dev 0.0002 lam 160.162 d_step 0.948 d_rand 65.823 var 0.000 sib 0.000 unr 2.746 unrb 2.170 d_unr 67.87 d_oth 60.54
step 79200  loss 96.0936  train_top1 0.000  lr 4.67e-06  (1.3 it/s)
    qrl push 9.159 sq_dev 0.0094 lam 160.670 d_step 0.955 d_rand 55.137 var 0.000 sib 0.000 unr 4.583 unrb 2.753 d_unr 53.32 d_oth 58.92
step 79300  loss 64.6790  train_top1 0.000  lr 4.29e-06  (1.3 it/s)
    qrl push 8.518 sq_dev 0.0001 lam 160.671 d_step 0.919 d_rand 57.324 var 0.000 sib 0.000 unr 4.075 unrb 2.868 d_unr 57.63 d_oth 56.57
step 79400  loss 45.1290  train_top1 0.000  lr 3.95e-06  (1.3 it/s)
    qrl push 10.587 sq_dev 0.0089 lam 160.795 d_step 0.948 d_rand 53.957 var 0.000 sib 0.000 unr 4.203 unrb 3.263 d_unr 65.56 d_oth 42.18
step 79500  loss 54.5003  train_top1 0.000  lr 3.66e-06  (1.3 it/s)
    qrl push 7.343 sq_dev 0.0002 lam 160.822 d_step 0.915 d_rand 63.000 var 0.000 sib 0.000 unr 1.894 unrb 6.001 d_unr 70.89 d_oth 21.75
step 79600  loss 39.4237  train_top1 0.000  lr 3.43e-06  (1.3 it/s)
    qrl push 8.015 sq_dev 0.0254 lam 161.016 d_step 0.947 d_rand 55.885 var 0.000 sib 0.000 unr 3.408 unrb 3.809 d_unr 57.65 d_oth 53.35
step 79700  loss 73.9118  train_top1 0.000  lr 3.24e-06  (1.3 it/s)
    qrl push 6.948 sq_dev 0.0182 lam 161.278 d_step 0.934 d_rand 61.803 var 0.000 sib 0.000 unr 2.615 unrb 2.380 d_unr 64.79 d_oth 56.25
step 79800  loss 41.4973  train_top1 0.000  lr 3.11e-06  (1.3 it/s)
    qrl push 7.053 sq_dev 0.0007 lam 161.307 d_step 0.907 d_rand 59.686 var 0.000 sib 0.000 unr 2.744 unrb 3.250 d_unr 63.78 d_oth 52.37
step 79900  loss 49.4162  train_top1 0.000  lr 3.03e-06  (1.3 it/s)
    qrl push 6.571 sq_dev 0.0021 lam 161.297 d_step 0.924 d_rand 62.907 var 0.000 sib 0.000 unr 2.054 unrb 5.067 d_unr 69.55 d_oth 33.81
step 80000  loss 52.1578  train_top1 0.000  lr 3.00e-06  (1.3 it/s)
  VAL step 80000  loss 312.3844  top1 0.014  top8 0.097
zgoal MATE_W: 2048 checkmate finals
zgoal MATE_B: 2048 checkmate finals
saved data/derived/sep/field_fullmonth_r0.pt
VERDICT VAL_TOP1=0.014 VAL_TOP8=0.097 (chance 0.0020)
VERDICT REACH_SLOPE_WON=0.680 (n=200) REACH_SLOPE_LOST=0.685 (n=200)
VERDICT DIFF_SLOPE_WON=0.796 DIFF_SLOPE_LOST=0.842 (won-lost separation is the outcome signal; both were negative at step 2000)
[carry3] FIELD pointer -> data/derived/sep/field_fullmonth_r0.pt (round 3 done)
=== IQE round 4 on 87 staged shards -> step 85000 Fri Jul 24 00:36:36 PDT 2026 ===
[L2] preset=iqe-qrl -> iqe=True quasimetric=True qrl=True embed_scale=1.0
shards=lichess_full_stage device=mps steps=85000 batch=512 d=64 quasimetric=True ply_gap_weight=0.05 asym_weight=0.0 two_horizon=False
resumed field_fullmonth_r0.pt at step 80000
[resume] peak lr scaled 3.00e-04 -> 3.00e-05 (x0.1) to protect the converged field; --resume-lr-scale 1.0 to disable
multichannel mix: human(r0)=0.80 + self_play_v1:11:0.2
holdout: 8 batches of 512
/Users/kav/code/remote/github/catspace/catspace/nn/fb.py:676: UserWarning: Converting a tensor with requires_grad=True to a scalar may lead to unexpected behavior.
Consider using tensor.detach() first. (Triggered internally at /Users/runner/work/pytorch/pytorch/torch/csrc/autograd/generated/python_variable_methods.cpp:823.)
  d_unr = float(d_far[m].mean())
    qrl push 11.490 sq_dev 0.0084 lam 161.303 d_step 0.940 d_rand 51.063 var 0.000 sib 0.000 unr 4.944 unrb 2.890 d_unr 50.75 d_oth 51.61
step 80100  loss 26.6158  train_top1 0.000  lr 3.00e-05  (1.2 it/s)
    qrl push 8.445 sq_dev 0.0100 lam 161.282 d_step 0.908 d_rand 53.736 var 0.000 sib 0.000 unr 3.003 unrb 2.700 d_unr 64.39 d_oth 45.96
step 80200  loss 58.7018  train_top1 0.000  lr 2.99e-05  (1.3 it/s)
    qrl push 8.437 sq_dev 0.0104 lam 161.273 d_step 0.912 d_rand 56.607 var 0.000 sib 0.000 unr 3.791 unrb 3.062 d_unr 59.87 d_oth 48.42
step 80300  loss -0.6111  train_top1 0.000  lr 2.98e-05  (1.3 it/s)
    qrl push 5.786 sq_dev 0.0009 lam 161.249 d_step 0.896 d_rand 71.149 var 0.000 sib 0.000 unr 2.187 unrb 7.054 d_unr 76.08 d_oth 31.17
step 80400  loss 46.9021  train_top1 0.000  lr 2.96e-05  (1.3 it/s)
    qrl push 7.744 sq_dev 3.5572 lam 161.276 d_step 1.000 d_rand 57.797 var 0.000 sib 0.000 unr 3.374 unrb 1.914 d_unr 61.84 d_oth 53.43
step 80500  loss 65.0317  train_top1 0.000  lr 2.93e-05  (1.3 it/s)
    qrl push 7.914 sq_dev 0.0776 lam 161.383 d_step 0.862 d_rand 60.390 var 0.000 sib 0.000 unr 2.998 unrb 2.285 d_unr 64.49 d_oth 53.38
step 80600  loss 40.9489  train_top1 0.000  lr 2.91e-05  (1.2 it/s)
    qrl push 6.897 sq_dev 0.0001 lam 161.314 d_step 0.889 d_rand 62.280 var 0.000 sib 0.000 unr 2.717 unrb 2.061 d_unr 66.88 d_oth 54.29
step 80700  loss 39.4852  train_top1 0.000  lr 2.87e-05  (1.3 it/s)
    qrl push 7.128 sq_dev 0.0001 lam 161.389 d_step 0.655 d_rand 65.446 var 0.000 sib 0.000 unr 0.780 unrb 4.357 d_unr 78.94 d_oth 22.76
step 80800  loss 36.7791  train_top1 0.000  lr 2.83e-05  (1.3 it/s)
    qrl push 5.583 sq_dev 0.0146 lam 161.591 d_step 0.924 d_rand 70.201 var 0.000 sib 0.000 unr 1.139 unrb 3.156 d_unr 78.71 d_oth 28.62
step 80900  loss 53.7767  train_top1 0.000  lr 2.79e-05  (1.3 it/s)
    qrl push 7.758 sq_dev 0.0021 lam 161.670 d_step 0.866 d_rand 63.636 var 0.000 sib 0.000 unr 2.529 unrb 5.406 d_unr 71.97 d_oth 27.81
step 81000  loss 48.5550  train_top1 0.000  lr 2.74e-05  (1.3 it/s)
  VAL step 81000  loss 315.1557  top1 0.015  top8 0.091
    qrl push 6.853 sq_dev 0.0007 lam 161.742 d_step 0.829 d_rand 61.601 var 0.000 sib 0.000 unr 2.874 unrb 2.166 d_unr 61.22 d_oth 62.66
step 81100  loss 48.7169  train_top1 0.000  lr 2.69e-05  (1.1 it/s)
    qrl push 9.753 sq_dev 0.0083 lam 161.776 d_step 0.883 d_rand 53.081 var 0.000 sib 0.000 unr 4.335 unrb 3.984 d_unr 55.03 d_oth 48.90
step 81200  loss 49.2857  train_top1 0.000  lr 2.63e-05  (1.3 it/s)
    qrl push 9.333 sq_dev 0.0029 lam 161.746 d_step 0.939 d_rand 53.920 var 0.000 sib 0.000 unr 3.696 unrb 2.184 d_unr 57.99 d_oth 47.82
step 81300  loss 85.6270  train_top1 0.000  lr 2.57e-05  (1.3 it/s)
    qrl push 9.173 sq_dev 0.0010 lam 161.852 d_step 0.905 d_rand 55.193 var 0.000 sib 0.000 unr 4.048 unrb 2.372 d_unr 60.97 d_oth 46.16
step 81400  loss 64.0396  train_top1 0.000  lr 2.51e-05  (1.3 it/s)
    qrl push 8.807 sq_dev 0.0110 lam 161.823 d_step 0.937 d_rand 60.170 var 0.000 sib 0.000 unr 0.951 unrb 4.089 d_unr 78.38 d_oth 26.58
step 81500  loss 55.6197  train_top1 0.000  lr 2.44e-05  (1.3 it/s)
    qrl push 10.427 sq_dev 0.0000 lam 161.865 d_step 0.884 d_rand 50.857 var 0.000 sib 0.000 unr 5.171 unrb 2.773 d_unr 53.50 d_oth 46.67
step 81600  loss 69.3307  train_top1 0.000  lr 2.37e-05  (1.3 it/s)
    qrl push 10.342 sq_dev 0.0130 lam 161.948 d_step 0.842 d_rand 52.192 var 0.000 sib 0.000 unr 2.865 unrb 2.463 d_unr 64.62 d_oth 39.86
step 81700  loss 39.2317  train_top1 0.000  lr 2.30e-05  (1.2 it/s)
    qrl push 8.121 sq_dev 0.0450 lam 161.896 d_step 0.924 d_rand 59.404 var 0.000 sib 0.000 unr 2.879 unrb 2.083 d_unr 65.03 d_oth 48.48
step 81800  loss 86.4352  train_top1 0.000  lr 2.23e-05  (1.3 it/s)
    qrl push 9.809 sq_dev 0.0296 lam 162.087 d_step 0.819 d_rand 55.873 var 0.000 sib 0.000 unr 4.623 unrb 3.706 d_unr 58.75 d_oth 46.88
step 81900  loss 48.0922  train_top1 0.000  lr 2.15e-05  (1.3 it/s)
    qrl push 6.832 sq_dev 0.0003 lam 162.198 d_step 0.933 d_rand 61.086 var 0.000 sib 0.000 unr 2.647 unrb 3.355 d_unr 60.21 d_oth 62.98
step 82000  loss 87.8260  train_top1 0.000  lr 2.07e-05  (1.3 it/s)
  VAL step 82000  loss 288.7723  top1 0.016  top8 0.100
    qrl push 4.795 sq_dev 0.0139 lam 162.354 d_step 0.873 d_rand 74.412 var 0.000 sib 0.000 unr 1.181 unrb 4.450 d_unr 81.14 d_oth 29.70
step 82100  loss 51.7982  train_top1 0.000  lr 1.99e-05  (1.1 it/s)
    qrl push 7.775 sq_dev 0.0391 lam 162.413 d_step 0.949 d_rand 59.053 var 0.000 sib 0.000 unr 3.608 unrb 2.299 d_unr 58.58 d_oth 60.02
step 82200  loss 9.8804  train_top1 0.000  lr 1.90e-05  (1.3 it/s)
    qrl push 9.169 sq_dev 0.0169 lam 162.478 d_step 0.845 d_rand 52.866 var 0.000 sib 0.000 unr 3.506 unrb 2.260 d_unr 55.77 d_oth 48.76
step 82300  loss 40.5016  train_top1 0.000  lr 1.82e-05  (1.3 it/s)
    qrl push 7.237 sq_dev 0.0342 lam 162.475 d_step 0.950 d_rand 59.407 var 0.000 sib 0.000 unr 3.060 unrb 2.166 d_unr 59.54 d_oth 59.09
step 82400  loss 58.2628  train_top1 0.000  lr 1.74e-05  (1.3 it/s)
    qrl push 8.838 sq_dev 0.0519 lam 162.540 d_step 0.938 d_rand 56.761 var 0.000 sib 0.000 unr 3.972 unrb 2.498 d_unr 61.70 d_oth 48.21
step 82500  loss 45.2301  train_top1 0.000  lr 1.65e-05  (1.3 it/s)
    qrl push 7.433 sq_dev 0.0001 lam 162.558 d_step 0.895 d_rand 59.865 var 0.000 sib 0.000 unr 3.345 unrb 3.135 d_unr 62.96 d_oth 55.59
step 82600  loss 57.6242  train_top1 0.000  lr 1.57e-05  (1.3 it/s)
    qrl push 8.698 sq_dev 1.8729 lam 162.663 d_step 0.947 d_rand 55.287 var 0.000 sib 0.000 unr 3.698 unrb 3.515 d_unr 58.92 d_oth 48.60
step 82700  loss 46.0818  train_top1 0.000  lr 1.48e-05  (1.3 it/s)
    qrl push 8.372 sq_dev 0.0066 lam 162.752 d_step 0.853 d_rand 59.220 var 0.000 sib 0.000 unr 3.846 unrb 3.029 d_unr 60.24 d_oth 56.72
step 82800  loss 46.3580  train_top1 0.000  lr 1.40e-05  (1.3 it/s)
    qrl push 8.482 sq_dev 0.0197 lam 162.767 d_step 0.916 d_rand 60.804 var 0.000 sib 0.000 unr 3.317 unrb 3.351 d_unr 66.12 d_oth 51.79
step 82900  loss 41.8333  train_top1 0.000  lr 1.32e-05  (1.3 it/s)
    qrl push 7.592 sq_dev 0.0158 lam 162.737 d_step 0.914 d_rand 62.491 var 0.000 sib 0.000 unr 2.456 unrb 2.232 d_unr 69.07 d_oth 49.25
step 83000  loss 77.0912  train_top1 0.000  lr 1.23e-05  (1.3 it/s)
  VAL step 83000  loss 337.1346  top1 0.013  top8 0.093
    qrl push 7.152 sq_dev 0.0462 lam 162.760 d_step 0.800 d_rand 59.150 var 0.000 sib 0.000 unr 2.626 unrb 1.658 d_unr 63.35 d_oth 51.79
step 83100  loss 45.2035  train_top1 0.000  lr 1.15e-05  (1.1 it/s)
    qrl push 7.729 sq_dev 0.0001 lam 162.945 d_step 0.933 d_rand 60.994 var 0.000 sib 0.000 unr 3.331 unrb 2.652 d_unr 59.18 d_oth 66.73
step 83200  loss 47.8360  train_top1 0.000  lr 1.08e-05  (1.3 it/s)
    qrl push 11.032 sq_dev 0.0002 lam 163.073 d_step 0.917 d_rand 53.529 var 0.000 sib 0.000 unr 4.003 unrb 3.885 d_unr 59.89 d_oth 39.66
step 83300  loss 42.5376  train_top1 0.000  lr 1.00e-05  (1.3 it/s)
    qrl push 7.235 sq_dev 0.0047 lam 163.100 d_step 0.908 d_rand 67.993 var 0.000 sib 0.000 unr 1.308 unrb 2.902 d_unr 80.82 d_oth 25.62
step 83400  loss 42.8140  train_top1 0.000  lr 9.27e-06  (1.3 it/s)
    qrl push 8.121 sq_dev 0.9102 lam 163.112 d_step 0.963 d_rand 56.597 var 0.000 sib 0.000 unr 2.825 unrb 3.106 d_unr 63.58 d_oth 46.80
step 83500  loss 142.4611  train_top1 0.000  lr 8.57e-06  (1.3 it/s)
    qrl push 6.980 sq_dev 0.0024 lam 163.162 d_step 0.895 d_rand 61.408 var 0.000 sib 0.000 unr 1.970 unrb 5.621 d_unr 70.63 d_oth 35.80
step 83600  loss 36.8811  train_top1 0.000  lr 7.90e-06  (1.3 it/s)
    qrl push 8.925 sq_dev 0.1159 lam 163.245 d_step 0.905 d_rand 55.409 var 0.000 sib 0.000 unr 3.962 unrb 2.749 d_unr 57.75 d_oth 52.49
step 83700  loss 33.9326  train_top1 0.000  lr 7.26e-06  (1.3 it/s)
    qrl push 7.310 sq_dev 0.0790 lam 163.401 d_step 0.960 d_rand 62.006 var 0.000 sib 0.000 unr 3.017 unrb 3.233 d_unr 63.58 d_oth 57.09
step 83800  loss 5.7192  train_top1 0.000  lr 6.66e-06  (1.3 it/s)
    qrl push 5.261 sq_dev 0.0000 lam 163.578 d_step 0.859 d_rand 69.442 var 0.000 sib 0.000 unr 1.793 unrb 6.676 d_unr 73.95 d_oth 32.93
step 83900  loss 36.4901  train_top1 0.000  lr 6.10e-06  (1.3 it/s)
    qrl push 7.287 sq_dev 0.0111 lam 163.691 d_step 0.950 d_rand 64.087 var 0.000 sib 0.000 unr 2.939 unrb 2.031 d_unr 69.54 d_oth 54.45
step 84000  loss 50.9346  train_top1 0.000  lr 5.58e-06  (1.3 it/s)
  VAL step 84000  loss 307.4068  top1 0.015  top8 0.097
    qrl push 9.729 sq_dev 0.0000 lam 163.827 d_step 0.906 d_rand 54.847 var 0.000 sib 0.000 unr 3.802 unrb 2.033 d_unr 62.07 d_oth 44.63
step 84100  loss 89.7640  train_top1 0.000  lr 5.11e-06  (1.1 it/s)
    qrl push 6.490 sq_dev 0.0003 lam 163.761 d_step 0.938 d_rand 67.035 var 0.000 sib 0.000 unr 2.746 unrb 2.153 d_unr 69.13 d_oth 61.64
step 84200  loss 89.8224  train_top1 0.000  lr 4.67e-06  (1.3 it/s)
    qrl push 9.179 sq_dev 0.0104 lam 164.259 d_step 0.949 d_rand 55.742 var 0.000 sib 0.000 unr 4.619 unrb 2.737 d_unr 53.93 d_oth 59.53
step 84300  loss 60.7953  train_top1 0.000  lr 4.29e-06  (1.3 it/s)
    qrl push 8.443 sq_dev 0.0000 lam 164.247 d_step 0.910 d_rand 58.348 var 0.000 sib 0.000 unr 4.029 unrb 2.814 d_unr 58.68 d_oth 57.54
step 84400  loss 39.2738  train_top1 0.000  lr 3.95e-06  (1.3 it/s)
    qrl push 10.511 sq_dev 0.0053 lam 164.363 d_step 0.943 d_rand 54.852 var 0.000 sib 0.000 unr 4.191 unrb 3.253 d_unr 66.60 d_oth 42.92
step 84500  loss 55.1578  train_top1 0.000  lr 3.66e-06  (1.3 it/s)
    qrl push 7.020 sq_dev 0.0008 lam 164.388 d_step 0.918 d_rand 65.119 var 0.000 sib 0.000 unr 1.785 unrb 5.445 d_unr 73.26 d_oth 22.58
step 84600  loss 34.3508  train_top1 0.000  lr 3.43e-06  (1.3 it/s)
    qrl push 7.917 sq_dev 0.0278 lam 164.579 d_step 0.944 d_rand 56.805 var 0.000 sib 0.000 unr 3.402 unrb 3.803 d_unr 58.53 d_oth 54.32
step 84700  loss 72.2250  train_top1 0.000  lr 3.24e-06  (1.3 it/s)
    qrl push 6.805 sq_dev 0.0166 lam 164.832 d_step 0.928 d_rand 62.941 var 0.000 sib 0.000 unr 2.572 unrb 2.333 d_unr 65.97 d_oth 57.30
step 84800  loss 37.5424  train_top1 0.000  lr 3.11e-06  (1.3 it/s)
    qrl push 6.994 sq_dev 0.0006 lam 164.860 d_step 0.900 d_rand 60.565 var 0.000 sib 0.000 unr 2.744 unrb 3.210 d_unr 64.72 d_oth 53.15
step 84900  loss 48.4375  train_top1 0.000  lr 3.03e-06  (1.3 it/s)
    qrl push 6.132 sq_dev 0.0019 lam 164.847 d_step 0.922 d_rand 65.223 var 0.000 sib 0.000 unr 1.913 unrb 4.637 d_unr 71.90 d_oth 36.00
step 85000  loss 51.4062  train_top1 0.000  lr 3.00e-06  (1.3 it/s)
  VAL step 85000  loss 315.9095  top1 0.015  top8 0.098
zgoal MATE_W: 2048 checkmate finals
zgoal MATE_B: 2048 checkmate finals
saved data/derived/sep/field_fullmonth_r0.pt
VERDICT VAL_TOP1=0.015 VAL_TOP8=0.098 (chance 0.0020)
VERDICT REACH_SLOPE_WON=0.682 (n=200) REACH_SLOPE_LOST=0.687 (n=200)
VERDICT DIFF_SLOPE_WON=0.797 DIFF_SLOPE_LOST=0.842 (won-lost separation is the outcome signal; both were negative at step 2000)
[carry3] FIELD pointer -> data/derived/sep/field_fullmonth_r0.pt (round 4 done)
=== IQE round 5 on 87 staged shards -> step 90000 Fri Jul 24 01:44:04 PDT 2026 ===
[L2] preset=iqe-qrl -> iqe=True quasimetric=True qrl=True embed_scale=1.0
shards=lichess_full_stage device=mps steps=90000 batch=512 d=64 quasimetric=True ply_gap_weight=0.05 asym_weight=0.0 two_horizon=False
resumed field_fullmonth_r0.pt at step 85000
[resume] peak lr scaled 3.00e-04 -> 3.00e-05 (x0.1) to protect the converged field; --resume-lr-scale 1.0 to disable
multichannel mix: human(r0)=0.80 + self_play_v1:11:0.2
holdout: 8 batches of 512
/Users/kav/code/remote/github/catspace/catspace/nn/fb.py:676: UserWarning: Converting a tensor with requires_grad=True to a scalar may lead to unexpected behavior.
Consider using tensor.detach() first. (Triggered internally at /Users/runner/work/pytorch/pytorch/torch/csrc/autograd/generated/python_variable_methods.cpp:823.)
  d_unr = float(d_far[m].mean())
    qrl push 11.517 sq_dev 0.0072 lam 164.843 d_step 0.944 d_rand 51.598 var 0.000 sib 0.000 unr 4.964 unrb 2.872 d_unr 51.33 d_oth 52.07
step 85100  loss 23.2775  train_top1 0.000  lr 3.00e-05  (1.2 it/s)
    qrl push 8.050 sq_dev 0.0269 lam 164.808 d_step 0.924 d_rand 55.561 var 0.000 sib 0.000 unr 2.910 unrb 2.545 d_unr 66.15 d_oth 47.83
step 85200  loss 54.8569  train_top1 0.000  lr 2.99e-05  (1.3 it/s)
    qrl push 8.098 sq_dev 0.0029 lam 164.780 d_step 0.922 d_rand 58.545 var 0.000 sib 0.000 unr 3.609 unrb 2.861 d_unr 61.89 d_oth 50.15
step 85300  loss 0.6156  train_top1 0.000  lr 2.98e-05  (1.3 it/s)
    qrl push 5.990 sq_dev 0.0002 lam 164.745 d_step 0.912 d_rand 72.694 var 0.000 sib 0.000 unr 2.318 unrb 7.590 d_unr 77.98 d_oth 29.84
step 85400  loss 45.5229  train_top1 0.000  lr 2.96e-05  (1.2 it/s)
    qrl push 7.393 sq_dev 3.0585 lam 164.754 d_step 0.853 d_rand 59.453 var 0.000 sib 0.000 unr 3.300 unrb 1.979 d_unr 62.95 d_oth 55.67
step 85500  loss 58.1486  train_top1 0.000  lr 2.93e-05  (1.2 it/s)
    qrl push 7.648 sq_dev 0.0691 lam 164.834 d_step 0.911 d_rand 61.781 var 0.000 sib 0.000 unr 2.939 unrb 2.267 d_unr 65.88 d_oth 54.78
step 85600  loss 39.4001  train_top1 0.000  lr 2.91e-05  (1.2 it/s)
    qrl push 6.727 sq_dev 0.0011 lam 164.763 d_step 0.847 d_rand 63.027 var 0.000 sib 0.000 unr 2.687 unrb 2.022 d_unr 67.44 d_oth 55.36
step 85700  loss 45.3063  train_top1 0.000  lr 2.87e-05  (1.3 it/s)
    qrl push 9.646 sq_dev 0.0014 lam 164.823 d_step 0.938 d_rand 60.168 var 0.000 sib 0.000 unr 2.028 unrb 10.057 d_unr 73.37 d_oth 18.42
step 85800  loss 31.0359  train_top1 0.000  lr 2.83e-05  (1.3 it/s)
    qrl push 5.324 sq_dev 0.0014 lam 164.994 d_step 0.849 d_rand 73.754 var 0.000 sib 0.000 unr 1.141 unrb 3.323 d_unr 82.47 d_oth 31.17
step 85900  loss 49.4652  train_top1 0.000  lr 2.79e-05  (1.3 it/s)
    qrl push 6.730 sq_dev 0.0141 lam 165.034 d_step 0.879 d_rand 67.544 var 0.000 sib 0.000 unr 2.115 unrb 4.624 d_unr 75.53 d_oth 33.21
step 86000  loss 46.2092  train_top1 0.000  lr 2.74e-05  (1.3 it/s)
  VAL step 86000  loss 317.3218  top1 0.014  top8 0.091
    qrl push 6.718 sq_dev 0.0005 lam 165.096 d_step 0.766 d_rand 62.521 var 0.000 sib 0.000 unr 2.795 unrb 2.100 d_unr 62.21 d_oth 63.38
step 86100  loss 43.9238  train_top1 0.000  lr 2.69e-05  (1.1 it/s)
    qrl push 9.244 sq_dev 0.0125 lam 165.115 d_step 0.901 d_rand 55.161 var 0.000 sib 0.000 unr 4.061 unrb 3.743 d_unr 57.02 d_oth 51.18
step 86200  loss 47.8995  train_top1 0.000  lr 2.63e-05  (1.3 it/s)
    qrl push 9.164 sq_dev 0.0018 lam 165.072 d_step 0.823 d_rand 55.229 var 0.000 sib 0.000 unr 3.706 unrb 2.128 d_unr 59.33 d_oth 49.09
step 86300  loss 81.8027  train_top1 0.000  lr 2.57e-05  (1.3 it/s)
    qrl push 8.867 sq_dev 0.0033 lam 165.170 d_step 0.945 d_rand 56.283 var 0.000 sib 0.000 unr 3.932 unrb 2.299 d_unr 62.11 d_oth 47.18
step 86400  loss 58.9115  train_top1 0.000  lr 2.51e-05  (1.3 it/s)
    qrl push 8.528 sq_dev 0.0006 lam 165.121 d_step 0.912 d_rand 62.021 var 0.000 sib 0.000 unr 0.934 unrb 3.840 d_unr 80.42 d_oth 28.08
step 86500  loss 50.1738  train_top1 0.000  lr 2.44e-05  (1.3 it/s)
    qrl push 9.800 sq_dev 0.0000 lam 165.140 d_step 0.890 d_rand 52.994 var 0.000 sib 0.000 unr 4.701 unrb 2.536 d_unr 55.59 d_oth 48.90
step 86600  loss 68.9871  train_top1 0.000  lr 2.37e-05  (1.3 it/s)
    qrl push 10.202 sq_dev 0.0083 lam 165.207 d_step 0.937 d_rand 53.081 var 0.000 sib 0.000 unr 2.864 unrb 2.521 d_unr 65.52 d_oth 40.74
step 86700  loss 38.8180  train_top1 0.000  lr 2.30e-05  (1.3 it/s)
    qrl push 7.936 sq_dev 0.0443 lam 165.134 d_step 0.920 d_rand 60.749 var 0.000 sib 0.000 unr 2.844 unrb 2.037 d_unr 66.43 d_oth 49.71
step 86800  loss 83.8037  train_top1 0.000  lr 2.23e-05  (1.3 it/s)
    qrl push 9.647 sq_dev 0.0205 lam 165.292 d_step 0.884 d_rand 57.067 var 0.000 sib 0.000 unr 4.549 unrb 3.584 d_unr 60.02 d_oth 47.84
step 86900  loss 47.9213  train_top1 0.000  lr 2.15e-05  (1.3 it/s)
    qrl push 6.810 sq_dev 0.0000 lam 165.381 d_step 0.868 d_rand 61.715 var 0.000 sib 0.000 unr 2.645 unrb 3.361 d_unr 60.89 d_oth 63.49
step 87000  loss 67.6235  train_top1 0.000  lr 2.07e-05  (1.3 it/s)
  VAL step 87000  loss 292.5885  top1 0.016  top8 0.097
    qrl push 4.763 sq_dev 0.0028 lam 165.526 d_step 0.838 d_rand 75.529 var 0.000 sib 0.000 unr 1.149 unrb 4.354 d_unr 82.38 d_oth 30.03
step 87100  loss 50.3245  train_top1 0.000  lr 1.99e-05  (1.1 it/s)
    qrl push 7.583 sq_dev 0.0474 lam 165.573 d_step 0.952 d_rand 60.540 var 0.000 sib 0.000 unr 3.517 unrb 2.271 d_unr 60.09 d_oth 61.47
step 87200  loss 7.4599  train_top1 0.000  lr 1.90e-05  (1.3 it/s)
    qrl push 9.000 sq_dev 0.0128 lam 165.622 d_step 0.758 d_rand 54.184 var 0.000 sib 0.000 unr 3.476 unrb 2.214 d_unr 57.21 d_oth 49.90
step 87300  loss 39.9222  train_top1 0.000  lr 1.82e-05  (1.3 it/s)
    qrl push 7.132 sq_dev 0.0217 lam 165.599 d_step 0.928 d_rand 60.603 var 0.000 sib 0.000 unr 3.024 unrb 2.146 d_unr 60.78 d_oth 60.19
step 87400  loss 55.7203  train_top1 0.000  lr 1.74e-05  (1.3 it/s)
    qrl push 8.594 sq_dev 0.0552 lam 165.648 d_step 0.938 d_rand 58.030 var 0.000 sib 0.000 unr 3.858 unrb 2.412 d_unr 63.02 d_oth 49.39
step 87500  loss 43.6068  train_top1 0.000  lr 1.65e-05  (1.3 it/s)
    qrl push 7.163 sq_dev 0.0008 lam 165.656 d_step 0.875 d_rand 61.611 var 0.000 sib 0.000 unr 3.293 unrb 3.040 d_unr 64.51 d_oth 57.61
step 87600  loss 55.7946  train_top1 0.000  lr 1.57e-05  (1.3 it/s)
    qrl push 8.495 sq_dev 2.0271 lam 165.750 d_step 0.963 d_rand 56.447 var 0.000 sib 0.000 unr 3.681 unrb 3.444 d_unr 60.05 d_oth 49.82
step 87700  loss 43.5276  train_top1 0.000  lr 1.48e-05  (1.3 it/s)
    qrl push 8.182 sq_dev 0.0044 lam 165.823 d_step 0.891 d_rand 60.723 var 0.000 sib 0.000 unr 3.768 unrb 2.885 d_unr 61.87 d_oth 57.90
step 87800  loss 44.7028  train_top1 0.000  lr 1.40e-05  (1.3 it/s)
    qrl push 8.287 sq_dev 0.0105 lam 165.833 d_step 0.904 d_rand 62.198 var 0.000 sib 0.000 unr 3.313 unrb 3.269 d_unr 67.53 d_oth 53.16
step 87900  loss 40.6035  train_top1 0.000  lr 1.32e-05  (1.3 it/s)
    qrl push 7.433 sq_dev 0.0136 lam 165.796 d_step 0.921 d_rand 63.815 var 0.000 sib 0.000 unr 2.410 unrb 2.195 d_unr 70.47 d_oth 50.42
step 88000  loss 73.5178  train_top1 0.000  lr 1.23e-05  (1.3 it/s)
  VAL step 88000  loss 341.0255  top1 0.014  top8 0.091
    qrl push 6.973 sq_dev 0.0527 lam 165.811 d_step 0.852 d_rand 60.376 var 0.000 sib 0.000 unr 2.583 unrb 1.638 d_unr 64.58 d_oth 53.01
step 88100  loss 44.1787  train_top1 0.000  lr 1.15e-05  (1.1 it/s)
    qrl push 7.647 sq_dev 0.0003 lam 165.985 d_step 0.919 d_rand 61.894 var 0.000 sib 0.000 unr 3.303 unrb 2.623 d_unr 60.15 d_oth 67.42
step 88200  loss 47.5625  train_top1 0.000  lr 1.08e-05  (1.3 it/s)
    qrl push 11.038 sq_dev 0.0004 lam 166.099 d_step 0.926 d_rand 54.178 var 0.000 sib 0.000 unr 3.992 unrb 3.851 d_unr 60.72 d_oth 39.91
step 88300  loss 41.4193  train_top1 0.000  lr 1.00e-05  (1.3 it/s)
    qrl push 6.867 sq_dev 0.0026 lam 166.104 d_step 0.908 d_rand 70.497 var 0.000 sib 0.000 unr 1.186 unrb 2.596 d_unr 83.42 d_oth 27.83
step 88400  loss 41.8526  train_top1 0.000  lr 9.27e-06  (1.3 it/s)
    qrl push 7.870 sq_dev 0.8817 lam 166.088 d_step 0.946 d_rand 57.977 var 0.000 sib 0.000 unr 2.803 unrb 3.034 d_unr 64.87 d_oth 48.29
step 88500  loss 146.3922  train_top1 0.000  lr 8.57e-06  (1.2 it/s)
    qrl push 6.508 sq_dev 0.0014 lam 166.129 d_step 0.892 d_rand 63.842 var 0.000 sib 0.000 unr 1.797 unrb 5.258 d_unr 73.13 d_oth 38.06
step 88600  loss 35.7110  train_top1 0.000  lr 7.90e-06  (1.3 it/s)
    qrl push 8.727 sq_dev 0.0840 lam 166.202 d_step 0.909 d_rand 56.586 var 0.000 sib 0.000 unr 3.903 unrb 2.715 d_unr 58.84 d_oth 53.78
step 88700  loss 33.1087  train_top1 0.000  lr 7.26e-06  (1.3 it/s)
    qrl push 7.169 sq_dev 0.0830 lam 166.341 d_step 0.953 d_rand 63.097 var 0.000 sib 0.000 unr 2.986 unrb 3.145 d_unr 64.70 d_oth 58.10
step 88800  loss 4.9054  train_top1 0.000  lr 6.66e-06  (1.3 it/s)
    qrl push 5.030 sq_dev 0.0000 lam 166.526 d_step 0.871 d_rand 71.596 var 0.000 sib 0.000 unr 1.680 unrb 6.317 d_unr 76.20 d_oth 34.33
step 88900  loss 32.3596  train_top1 0.000  lr 6.10e-06  (1.3 it/s)
    qrl push 7.173 sq_dev 0.0159 lam 166.626 d_step 0.945 d_rand 65.290 var 0.000 sib 0.000 unr 2.948 unrb 1.999 d_unr 70.79 d_oth 55.57
step 89000  loss 50.5188  train_top1 0.000  lr 5.58e-06  (1.3 it/s)
  VAL step 89000  loss 310.5241  top1 0.015  top8 0.097
    qrl push 9.653 sq_dev 0.0000 lam 166.762 d_step 0.909 d_rand 55.785 var 0.000 sib 0.000 unr 3.810 unrb 2.015 d_unr 63.14 d_oth 45.38
step 89100  loss 88.3641  train_top1 0.000  lr 5.11e-06  (1.1 it/s)
    qrl push 6.386 sq_dev 0.0001 lam 166.692 d_step 0.933 d_rand 68.250 var 0.000 sib 0.000 unr 2.742 unrb 2.121 d_unr 70.39 d_oth 62.72
step 89200  loss 85.6815  train_top1 0.000  lr 4.67e-06  (1.3 it/s)
    qrl push 9.067 sq_dev 0.0121 lam 167.182 d_step 0.944 d_rand 56.592 var 0.000 sib 0.000 unr 4.574 unrb 2.678 d_unr 54.84 d_oth 60.24
step 89300  loss 57.1279  train_top1 0.000  lr 4.29e-06  (1.3 it/s)
    qrl push 8.265 sq_dev 0.0001 lam 167.157 d_step 0.915 d_rand 59.535 var 0.000 sib 0.000 unr 3.959 unrb 2.732 d_unr 59.84 d_oth 58.78
step 89400  loss 35.0274  train_top1 0.000  lr 3.95e-06  (1.3 it/s)
    qrl push 10.314 sq_dev 0.0049 lam 167.269 d_step 0.940 d_rand 55.924 var 0.000 sib 0.000 unr 4.181 unrb 3.211 d_unr 67.61 d_oth 44.05
step 89500  loss 55.4927  train_top1 0.000  lr 3.66e-06  (1.1 it/s)
    qrl push 6.750 sq_dev 0.0007 lam 167.292 d_step 0.915 d_rand 67.210 var 0.000 sib 0.000 unr 1.694 unrb 4.992 d_unr 75.54 d_oth 23.66
step 89600  loss 29.6025  train_top1 0.000  lr 3.43e-06  (1.1 it/s)
    qrl push 7.740 sq_dev 0.0243 lam 167.483 d_step 0.936 d_rand 57.877 var 0.000 sib 0.000 unr 3.351 unrb 3.773 d_unr 59.50 d_oth 55.55
step 89700  loss 70.9274  train_top1 0.000  lr 3.24e-06  (1.1 it/s)
    qrl push 6.644 sq_dev 0.0147 lam 167.728 d_step 0.925 d_rand 64.056 var 0.000 sib 0.000 unr 2.538 unrb 2.292 d_unr 67.10 d_oth 58.40
step 89800  loss 34.4947  train_top1 0.000  lr 3.11e-06  (1.1 it/s)
    qrl push 6.904 sq_dev 0.0009 lam 167.754 d_step 0.895 d_rand 61.494 var 0.000 sib 0.000 unr 2.741 unrb 3.165 d_unr 65.61 d_oth 54.14
step 89900  loss 46.9900  train_top1 0.000  lr 3.03e-06  (1.1 it/s)
    qrl push 5.795 sq_dev 0.0019 lam 167.736 d_step 0.920 d_rand 67.404 var 0.000 sib 0.000 unr 1.832 unrb 4.326 d_unr 74.09 d_oth 38.15
step 90000  loss 50.3727  train_top1 0.000  lr 3.00e-06  (1.1 it/s)
  VAL step 90000  loss 318.5552  top1 0.015  top8 0.098
zgoal MATE_W: 2048 checkmate finals
zgoal MATE_B: 2048 checkmate finals
saved data/derived/sep/field_fullmonth_r0.pt
VERDICT VAL_TOP1=0.015 VAL_TOP8=0.098 (chance 0.0020)
VERDICT REACH_SLOPE_WON=0.682 (n=200) REACH_SLOPE_LOST=0.687 (n=200)
VERDICT DIFF_SLOPE_WON=0.796 DIFF_SLOPE_LOST=0.843 (won-lost separation is the outcome signal; both were negative at step 2000)
[carry3] FIELD pointer -> data/derived/sep/field_fullmonth_r0.pt (round 5 done)
=== IQE progressive rounds COMPLETE Fri Jul 24 02:52:46 PDT 2026 ===
=== carry-forward v3 COMPLETE Fri Jul 24 02:52:46 PDT 2026 ===
