# launched : Sun Jul 19 02:48:45 PDT 2026
# host     : Kavehs-MacBook-Pro.local
# cwd      : /Users/kav/code/remote/github/catspace
# command  : .venv/bin/python -u experiments/train_lichess_fb.py --shards data/shards/lichess_db_standard_rated_2019-01.prefix4gb --ckpt data/derived/sep/cert_certified_smoke.pt --steps 2000 --fresh --quasimetric --cert-base --cert-base-weight 1.0 --cert-lam 8.0 --cert-scale 50.0 --phead-weight 0.3 --committor-certified-only --resign-material-gap 3.0 --d 64 --channels 64 --blocks 6 --enc-out 256 --dh 512 --batch 256 --lr 2e-4 --gamma 0.98 --seed 0
# ---
shards=lichess_db_standard_rated_2019-01.prefix4gb device=mps steps=2000 batch=256 d=64 quasimetric=True ply_gap_weight=0.05 asym_weight=0.0 two_horizon=False
model params: 2.3M (d=64 channels=64 blocks=6 enc_out=256)
holdout: 8 batches of 256
committor-certified-only ON (mate|draw|resign@>=3pts): 753191/1000000 games (75.3%) carry outcome labels to the phead; ALL games still train the geometry
cert-base ON: phead 8707 params, phead-weight=0.3 lam=8.0 scale=50.0
/Users/kav/code/remote/github/catspace/experiments/train_lichess_fb.py:842: UserWarning: Converting a tensor with requires_grad=True to a scalar may lead to unexpected behavior.
Consider using tensor.detach() first. (Triggered internally at /Users/runner/work/pytorch/pytorch/torch/csrc/autograd/generated/python_variable_methods.cpp:823.)
  print(f"    cert {float(cert):.4f}  phead {float(p_loss):.4f}", flush=True)
    cert 2.5142  phead 1.1020
step 100  loss 5.8167  train_top1 0.012  lr 1.99e-04  (10.9 it/s)
    cert 0.1907  phead 0.9726
step 200  loss 6.2773  train_top1 0.027  lr 1.96e-04  (12.7 it/s)
    cert 0.1364  phead 1.2499
step 300  loss 5.0854  train_top1 0.032  lr 1.90e-04  (13.2 it/s)
    cert 0.7695  phead 1.2613
step 400  loss 5.0964  train_top1 0.027  lr 1.83e-04  (13.8 it/s)
    cert 0.2665  phead 0.8386
step 500  loss 4.8207  train_top1 0.035  lr 1.74e-04  (13.2 it/s)
  VAL step 500  loss 4.6248  top1 0.023  top8 0.126
    cert 0.5516  phead 0.8056
step 600  loss 5.1376  train_top1 0.023  lr 1.63e-04  (13.8 it/s)
    cert 0.7202  phead 1.7384
step 700  loss 5.3645  train_top1 0.016  lr 1.51e-04  (15.0 it/s)
    cert 0.3610  phead 0.7870
step 800  loss 4.7044  train_top1 0.010  lr 1.38e-04  (14.4 it/s)
    cert 0.3835  phead 0.7672
step 900  loss 5.7210  train_top1 0.012  lr 1.24e-04  (14.8 it/s)
    cert 1.4398  phead 1.5657
step 1000  loss 4.7000  train_top1 0.051  lr 1.10e-04  (15.0 it/s)
  VAL step 1000  loss 4.5339  top1 0.025  top8 0.155
    cert 0.0619  phead 1.1142
step 1100  loss 4.9116  train_top1 0.027  lr 9.61e-05  (14.2 it/s)
    cert 0.1826  phead 0.8233
step 1200  loss 4.6387  train_top1 0.047  lr 8.23e-05  (14.8 it/s)
    cert 0.0483  phead 1.2700
step 1300  loss 4.4735  train_top1 0.031  lr 6.93e-05  (15.2 it/s)
    cert 0.1424  phead 0.7798
step 1400  loss 5.1378  train_top1 0.047  lr 5.72e-05  (15.3 it/s)
    cert 0.6371  phead 1.7195
step 1500  loss 4.5921  train_top1 0.031  lr 4.65e-05  (15.7 it/s)
  VAL step 1500  loss 4.4159  top1 0.026  top8 0.146
    cert 0.3438  phead 0.7391
step 1600  loss 4.9176  train_top1 0.023  lr 3.73e-05  (15.0 it/s)
    cert 0.1010  phead 1.1447
step 1700  loss 5.9047  train_top1 0.027  lr 2.99e-05  (15.2 it/s)
    cert 0.2189  phead 0.7489
step 1800  loss 4.7043  train_top1 0.055  lr 2.44e-05  (15.7 it/s)
    cert 0.5928  phead 1.1999
step 1900  loss 4.4040  train_top1 0.025  lr 2.11e-05  (15.4 it/s)
    cert 0.2803  phead 0.6598
step 2000  loss 4.5841  train_top1 0.039  lr 2.00e-05  (15.5 it/s)
  VAL step 2000  loss 4.3486  top1 0.029  top8 0.162
zgoal MATE_W: 2048 checkmate finals
zgoal MATE_B: 2048 checkmate finals
saved data/derived/sep/cert_certified_smoke.pt
saved data/derived/sep/cert_certified_smoke_phead.pt
VERDICT VAL_TOP1=0.029 VAL_TOP8=0.162 (chance 0.0039)
VERDICT REACH_SLOPE_WON=0.919 (n=200) REACH_SLOPE_LOST=0.907 (n=200)
VERDICT DIFF_SLOPE_WON=-0.341 DIFF_SLOPE_LOST=-0.481 (won-lost separation is the outcome signal; both were negative at step 2000)
