[diag] 100 starts (KRRvK-central), nodes=800
/Users/kav/code/remote/github/catspace/catspace/nn/opponent.py:48: UserWarning: enable_nested_tensor is True, but self.use_nested_tensor is False because encoder_layer.norm_first was True
  self.self_attn = nn.TransformerEncoder(layer, num_layers=n_self_layers)
  g000 mate                     plies=15  [51s]
  g001 BLUNDER:rook-hang        plies=4 blunder@2 Rb3  [58s]
  g002 mate                     plies=49  [178s]
  g003 mate                     plies=35  [269s]
  g004 mate                     plies=25  [328s]
  g005 NO-CLOSE:threefold_repetition plies=14 closest_dtz=3  [360s]
  g006 mate                     plies=13  [398s]
  g007 BLUNDER:rook-hang        plies=42 blunder@40 Rf5  [502s]
  g008 mate                     plies=21  [547s]
  g009 mate                     plies=7  [559s]
  g010 mate                     plies=9  [578s]
  g011 NO-CLOSE:threefold_repetition plies=25 closest_dtz=5  [641s]
  g012 NO-CLOSE:threefold_repetition plies=18 closest_dtz=1  [688s]
  g013 mate                     plies=35  [772s]
  g014 mate                     plies=9  [789s]
  g015 mate                     plies=19  [841s]
  g016 mate                     plies=29  [910s]
  g017 mate                     plies=13  [942s]
  g018 mate                     plies=17  [980s]
  g019 mate                     plies=17  [1029s]
  g020 mate                     plies=19  [1073s]
  g021 mate                     plies=29  [1141s]
  g022 mate                     plies=9  [1158s]
  g023 mate                     plies=13  [1193s]
  g024 mate                     plies=21  [1242s]
  g025 BLUNDER:rook-hang        plies=18 blunder@16 Rg4  [1291s]
