[stage] DTM gen: 3 materials x 20000 = 60000 target across 9 workers (27 chunks)
  chunk done: krrkbp +2222  total 2222/60000  (2/s)
  chunk done: krrkbp +2223  total 4445/60000  (4/s)
  chunk done: krrkbp +2222  total 6667/60000  (6/s)
  chunk done: krrkbp +2223  total 8890/60000  (8/s)
  chunk done: krrkbp +2222  total 11112/60000  (9/s)
  chunk done: krrkbp +2222  total 13334/60000  (11/s)
  chunk done: krrkbp +2222  total 15556/60000  (13/s)
  chunk done: krrkbp +2222  total 17778/60000  (15/s)
  chunk done: krrkbp +2222  total 20000/60000  (16/s)
  chunk done: krrvk +2223  total 22223/60000  (15/s)
  chunk done: krrvk +2223  total 24446/60000  (16/s)
  chunk done: krrvk +2222  total 26668/60000  (18/s)
  chunk done: krrvk +2222  total 28890/60000  (19/s)
  chunk done: krrvk +2222  total 31112/60000  (20/s)
  chunk done: krrvk +2222  total 33334/60000  (22/s)
  chunk done: krrvk +2222  total 35556/60000  (23/s)
  chunk done: krrvk +2222  total 37778/60000  (24/s)
  chunk done: krrvk +2222  total 40000/60000  (26/s)
  chunk done: krvk +2223  total 42223/60000  (25/s)
  chunk done: krvk +2223  total 44446/60000  (26/s)
  chunk done: krvk +2222  total 46668/60000  (27/s)
  chunk done: krvk +2222  total 48890/60000  (28/s)
  chunk done: krvk +2222  total 51112/60000  (29/s)
  chunk done: krvk +2222  total 53334/60000  (31/s)
  chunk done: krvk +2222  total 55556/60000  (32/s)
  chunk done: krvk +2222  total 57778/60000  (33/s)
  chunk done: krvk +2222  total 60000/60000  (34/s)
[stage] 60000 positions: 1748.2s  per-material {'krrkbp': 20000, 'krrvk': 20000, 'krvk': 20000}
VERDICT DTM_DATA n=60000 dtm[min=1 med=21 max=197] workers=9 -> data/derived/dtm_endgame_v2.npz
