[stage] optimal-play occupancy: 11 materials, 8 workers, 88 chunks
  krrkbp   lines+  375 total 375 (99s)
  krrkbp   lines+  375 total 750 (104s)
  krrkbp   lines+  375 total 1125 (106s)
  krrkbp   lines+  375 total 1500 (106s)
  krrkbp   lines+  375 total 1875 (107s)
  krrkbp   lines+  375 total 2250 (108s)
  krrkbp   lines+  375 total 2625 (111s)
  krrkbp   lines+  375 total 3000 (114s)
  krrkb    lines+  375 total 3375 (179s)
  krrkb    lines+  375 total 3750 (185s)
  krrkb    lines+  375 total 4125 (188s)
  krrkb    lines+  375 total 4500 (188s)
  krrkb    lines+  375 total 4875 (190s)
  krrkb    lines+  375 total 5250 (191s)
  krrkb    lines+  375 total 5625 (192s)
  krrkb    lines+  375 total 6000 (194s)
  krrkp    lines+  375 total 6375 (270s)
  krrkp    lines+  375 total 6750 (277s)
  krrkp    lines+  375 total 7125 (278s)
  krrkp    lines+  375 total 7500 (283s)
  krrkp    lines+  375 total 7875 (283s)
  krrkp    lines+  375 total 8250 (285s)
  krrkp    lines+  375 total 8625 (285s)
  krrkp    lines+  375 total 9000 (287s)
  krkbp    lines+  375 total 9375 (293s)
  krkbp    lines+  375 total 9750 (300s)
  krkbp    lines+  375 total 10125 (302s)
  krkbp    lines+  375 total 10500 (307s)
  krkbp    lines+  375 total 10875 (308s)
  krkbp    lines+  375 total 11250 (309s)
  krkbp    lines+  375 total 11625 (309s)
  krkbp    lines+  375 total 12000 (312s)
  krrk     lines+  375 total 12375 (356s)
  krrk     lines+  375 total 12750 (363s)
  krrk     lines+  375 total 13125 (367s)
  krrk     lines+  375 total 13500 (370s)
  krrk     lines+  375 total 13875 (372s)
  krrk     lines+  375 total 14250 (374s)
  krrk     lines+  375 total 14625 (374s)
  krrk     lines+  375 total 15000 (377s)
  krkb     lines+  375 total 15375 (378s)
  krkb     lines+  375 total 15750 (382s)
  krkb     lines+  375 total 16125 (389s)
  krkb     lines+  375 total 16500 (393s)
  krkb     lines+  375 total 16875 (394s)
  krkb     lines+  375 total 17250 (394s)
  krkb     lines+  375 total 17625 (397s)
  krkb     lines+  375 total 18000 (399s)
  krkp     lines+  375 total 18375 (451s)
  krkp     lines+  375 total 18750 (453s)
  krkp     lines+  375 total 19125 (459s)
  krkp     lines+  375 total 19500 (463s)
  krkp     lines+  375 total 19875 (464s)
  krkp     lines+  375 total 20250 (467s)
  krkp     lines+  375 total 20625 (470s)
  krkp     lines+  375 total 21000 (473s)
  kbpk     lines+  375 total 21375 (480s)
  kbpk     lines+  375 total 21750 (483s)
  kbpk     lines+  375 total 22125 (489s)
  kbpk     lines+  375 total 22500 (492s)
  kbpk     lines+  375 total 22875 (495s)
  kbpk     lines+  375 total 23250 (497s)
  kbpk     lines+  375 total 23625 (499s)
  kbpk     lines+  375 total 24000 (504s)
  krk      lines+  375 total 24375 (527s)
  krk      lines+  375 total 24750 (530s)
  krk      lines+  375 total 25125 (537s)
  krk      lines+  375 total 25500 (543s)
  krk      lines+  375 total 25875 (545s)
  krk      lines+  375 total 26250 (546s)
  kpk      lines+  375 total 26625 (546s)
  krk      lines+  375 total 27000 (548s)
  kpk      lines+  375 total 27375 (548s)
  krk      lines+  375 total 27750 (553s)
  kpk      lines+  375 total 28125 (560s)
  kpk      lines+  375 total 28500 (565s)
  kpk      lines+  375 total 28875 (565s)
  kpk      lines+  375 total 29250 (566s)
  kpk      lines+  375 total 29625 (569s)
  kpk      lines+  375 total 30000 (569s)
  kbk      lines+    0 total 30000 (909s)
  kbk      lines+    0 total 30000 (911s)
  kbk      lines+    0 total 30000 (914s)
  kbk      lines+    0 total 30000 (919s)
  kbk      lines+    0 total 30000 (921s)
  kbk      lines+    0 total 30000 (922s)
  kbk      lines+    0 total 30000 (923s)
  kbk      lines+    0 total 30000 (923s)
[stage] 240000 occupancy pairs: W=119240 D=114848 L=5912  (924s)
VERDICT OPT_OCC pairs=240000 W/D/L=119240/114848/5912 gap[med=5 max=18] -> data/derived/optimal_occupancy.npz
