  50 chunks across 10 workers (5 classes x 10)
  chunk 1/50: 6400 pairs [84s]
  chunk 2/50: 6400 pairs [84s]
  chunk 3/50: 6400 pairs [84s]
  chunk 4/50: 6400 pairs [84s]
  chunk 5/50: 6400 pairs [84s]
  chunk 6/50: 6400 pairs [84s]
  chunk 7/50: 6400 pairs [84s]
  chunk 8/50: 6400 pairs [84s]
  chunk 9/50: 6400 pairs [84s]
  chunk 10/50: 6400 pairs [84s]
  chunk 11/50: 6400 pairs [181s]
  chunk 12/50: 6400 pairs [181s]
  chunk 13/50: 6400 pairs [182s]
  chunk 14/50: 6400 pairs [182s]
  chunk 15/50: 6400 pairs [182s]
  chunk 16/50: 6400 pairs [182s]
  chunk 17/50: 6400 pairs [183s]
  chunk 18/50: 6400 pairs [183s]
  chunk 19/50: 6400 pairs [184s]
  chunk 20/50: 6400 pairs [185s]
  chunk 21/50: 6400 pairs [329s]
  chunk 22/50: 6400 pairs [329s]
  chunk 23/50: 6400 pairs [329s]
  chunk 24/50: 6400 pairs [331s]
  chunk 25/50: 6400 pairs [331s]
  chunk 26/50: 6400 pairs [334s]
  chunk 27/50: 6400 pairs [334s]
  chunk 28/50: 6400 pairs [334s]
  chunk 29/50: 6400 pairs [334s]
  chunk 30/50: 6400 pairs [334s]
  chunk 31/50: 6400 pairs [484s]
  chunk 32/50: 6400 pairs [485s]
  chunk 33/50: 6400 pairs [486s]
  chunk 34/50: 6400 pairs [486s]
  chunk 35/50: 6400 pairs [489s]
  chunk 36/50: 6400 pairs [489s]
  chunk 37/50: 6400 pairs [491s]
  chunk 38/50: 6400 pairs [491s]
  chunk 39/50: 6400 pairs [491s]
  chunk 40/50: 6400 pairs [491s]
  chunk 41/50: 6400 pairs [844s]
  chunk 42/50: 6400 pairs [844s]
  chunk 43/50: 6400 pairs [847s]
  chunk 44/50: 6400 pairs [847s]
  chunk 45/50: 6400 pairs [847s]
  chunk 46/50: 6400 pairs [847s]
  chunk 47/50: 6400 pairs [847s]
  chunk 48/50: 6400 pairs [848s]
  chunk 49/50: 6400 pairs [851s]
  chunk 50/50: 6400 pairs [851s]

=== COVERAGE data/derived/pairwise_tb_v1.npz (320000 pairs, 853s) ===
  delta (reach-distance) plies: min 1 med 3 max 59 mean 5.2
  delta percentiles [10/25/50/75/90]: [1, 1, 3, 6, 12]
  delta histogram [(1, 92064), (2, 89897), (4, 72309), (8, 44675), (16, 17746), (32, 3309), (64, 0)]
  is_mate goals: 55154 (17.2% of pairs reach the mate landmark)
  source piece-count spread: {3: 164499, 4: 155501}
  goal piece-count spread:  {3: 170216, 4: 149784}
DONE gen_pairwise_data
