[stage] 357223 pool positions, 2172150 edges (9% irrev)
[stage] +143790 best-play edges -> 2315940 total
/Users/kav/code/remote/github/catspace/experiments/train_geometry_l1.py:183: UserWarning: Converting a tensor with requires_grad=True to a scalar may lead to unexpected behavior.
Consider using tensor.detach() first. (Triggered internally at /Users/runner/work/pytorch/pytorch/torch/csrc/autograd/generated/python_variable_methods.cpp:823.)
  print(f"  step {step:4d}  L_pos {float(L_pos):.3f} L_hard {float(L_hard):.3f} L_repel {float(L_repel):.3f} L_dtm {float(L_dtm):.3f}  "
  step    0  L_pos 94.558 L_hard 28.316 L_repel 373.607 L_dtm 0.000  d_pos 10.91  asym rev 0.99 irr 1.01 (sep 1.02x)  KRk->KQk 17.5  (2s)
  step  100  L_pos 359.997 L_hard 0.000 L_repel 96.927 L_dtm 0.000  d_pos 20.35  asym rev 1.00 irr 1.01 (sep 1.01x)  KRk->KQk 20.8  (116s)
  step  200  L_pos 362.103 L_hard 0.443 L_repel 85.605 L_dtm 0.000  d_pos 20.23  asym rev 0.98 irr 0.97 (sep 0.99x)  KRk->KQk 18.4  (229s)
  step  300  L_pos 300.631 L_hard 0.192 L_repel 70.376 L_dtm 0.000  d_pos 17.65  asym rev 0.97 irr 1.00 (sep 1.04x)  KRk->KQk 15.4  (342s)
  step  400  L_pos 86.967 L_hard 27.724 L_repel 45.768 L_dtm 0.000  d_pos 8.35  asym rev 1.10 irr 1.02 (sep 0.93x)  KRk->KQk 7.1  (455s)
  step  500  L_pos 90.636 L_hard 19.968 L_repel 27.069 L_dtm 0.000  d_pos 7.86  asym rev 1.14 irr 1.12 (sep 0.98x)  KRk->KQk 7.4  (574s)
  step  600  L_pos 74.326 L_hard 18.157 L_repel 36.679 L_dtm 0.000  d_pos 7.90  asym rev 1.27 irr 1.21 (sep 0.96x)  KRk->KQk 7.4  (686s)
  step  700  L_pos 41.635 L_hard 43.099 L_repel 30.803 L_dtm 0.000  d_pos 5.38  asym rev 1.52 irr 2.02 (sep 1.33x)  KRk->KQk 6.6  (820s)
  step  800  L_pos 39.263 L_hard 19.054 L_repel 19.167 L_dtm 0.000  d_pos 4.81  asym rev 2.02 irr 1.43 (sep 0.71x)  KRk->KQk 8.7  (935s)
  step  900  L_pos 30.941 L_hard 31.868 L_repel 13.875 L_dtm 0.000  d_pos 4.99  asym rev 2.09 irr 1.53 (sep 0.73x)  KRk->KQk 10.1  (1047s)
  step 1000  L_pos 32.056 L_hard 9.661 L_repel 11.122 L_dtm 0.000  d_pos 3.73  asym rev 3.94 irr 1.99 (sep 0.51x)  KRk->KQk 11.6  (1158s)
  step 1100  L_pos 20.335 L_hard 17.200 L_repel 18.904 L_dtm 0.000  d_pos 4.11  asym rev 2.85 irr 1.27 (sep 0.44x)  KRk->KQk 11.7  (1270s)
  step 1200  L_pos 20.371 L_hard 11.722 L_repel 10.445 L_dtm 0.000  d_pos 3.67  asym rev 3.87 irr 1.74 (sep 0.45x)  KRk->KQk 12.0  (1381s)
  step 1300  L_pos 13.767 L_hard 18.943 L_repel 17.247 L_dtm 0.000  d_pos 3.26  asym rev 5.61 irr 2.00 (sep 0.36x)  KRk->KQk 13.3  (1492s)
  step 1400  L_pos 11.000 L_hard 8.575 L_repel 8.505 L_dtm 0.000  d_pos 2.71  asym rev 5.10 irr 1.63 (sep 0.32x)  KRk->KQk 18.5  (1604s)
  step 1500  L_pos 12.186 L_hard 11.488 L_repel 7.283 L_dtm 0.000  d_pos 3.00  asym rev 4.51 irr 1.90 (sep 0.42x)  KRk->KQk 19.4  (1717s)
  step 1600  L_pos 20.571 L_hard 15.081 L_repel 14.316 L_dtm 0.000  d_pos 3.54  asym rev 5.46 irr 1.87 (sep 0.34x)  KRk->KQk 21.1  (1830s)
  step 1700  L_pos 14.887 L_hard 19.059 L_repel 14.203 L_dtm 0.000  d_pos 2.97  asym rev 5.93 irr 1.32 (sep 0.22x)  KRk->KQk 19.6  (1943s)
  step 1800  L_pos 6.941 L_hard 30.023 L_repel 12.629 L_dtm 0.000  d_pos 1.64  asym rev 8.24 irr 4.10 (sep 0.50x)  KRk->KQk 20.5  (2055s)
  step 1900  L_pos 13.051 L_hard 8.112 L_repel 10.827 L_dtm 0.000  d_pos 2.69  asym rev 7.14 irr 2.67 (sep 0.37x)  KRk->KQk 18.7  (2168s)
  step 2000  L_pos 18.609 L_hard 19.207 L_repel 3.135 L_dtm 0.000  d_pos 3.00  asym rev 7.33 irr 2.03 (sep 0.28x)  KRk->KQk 25.1  (2280s)
  step 2100  L_pos 18.801 L_hard 23.374 L_repel 6.174 L_dtm 0.000  d_pos 2.48  asym rev 8.67 irr 2.65 (sep 0.31x)  KRk->KQk 22.2  (2393s)
  step 2200  L_pos 14.451 L_hard 2.179 L_repel 4.348 L_dtm 0.000  d_pos 2.86  asym rev 6.83 irr 2.19 (sep 0.32x)  KRk->KQk 22.2  (2505s)
  step 2300  L_pos 14.037 L_hard 12.612 L_repel 12.281 L_dtm 0.000  d_pos 1.78  asym rev 9.29 irr 2.62 (sep 0.28x)  KRk->KQk 19.1  (2618s)
  step 2400  L_pos 9.969 L_hard 19.605 L_repel 2.851 L_dtm 0.000  d_pos 2.40  asym rev 6.61 irr 1.78 (sep 0.27x)  KRk->KQk 26.5  (2730s)
  step 2499  L_pos 8.044 L_hard 11.012 L_repel 2.075 L_dtm 0.000  d_pos 1.70  asym rev 10.19 irr 2.98 (sep 0.29x)  KRk->KQk 23.8  (2841s)
saved data/derived/sep/iqe_geom_field.pt
VERDICT GEOM_L1 asym_sep=0.31x (irr 2.64/rev 8.55) KRk->KQk=23.8
