[stage] 59976 positions, 351965 edges; successor key-sets precomputed in 3s
/Users/kav/code/remote/github/catspace/experiments/train_geometry_min.py:186: UserWarning: Converting a tensor with requires_grad=True to a scalar may lead to unexpected behavior.
Consider using tensor.detach() first. (Triggered internally at /Users/runner/work/pytorch/pytorch/torch/csrc/autograd/generated/python_variable_methods.cpp:823.)
  print(f"  step {step:4d}  L_pos {float(L_pos):.3f} L_push {float(L_push):.3f}  "
  step    0  L_pos 92.329 L_push 224.744  d_pos 10.69 d_push 10.7  asym rev 0.99 irr 0.92 (sep 0.94x)  KRk->KQk 4.7  excl 0  (2s)
  step  100  L_pos 16.055 L_push 114.941  d_pos 4.76 d_push 13.1  asym rev 0.97 irr 1.00 (sep 1.03x)  KRk->KQk 4.3  excl 0  (102s)
  step  200  L_pos 8.709 L_push 71.346  d_pos 4.72 d_push 21.5  asym rev 0.99 irr 0.98 (sep 0.99x)  KRk->KQk 4.5  excl 0  (202s)
  step  300  L_pos 3.412 L_push 54.628  d_pos 3.00 d_push 20.2  asym rev 1.20 irr 1.04 (sep 0.87x)  KRk->KQk 3.3  excl 0  (302s)
  step  400  L_pos 2.743 L_push 47.585  d_pos 1.91 d_push 18.0  asym rev 1.23 irr 1.04 (sep 0.85x)  KRk->KQk 3.0  excl 0  (403s)
  step  500  L_pos 0.720 L_push 19.323  d_pos 1.20 d_push 22.7  asym rev 1.68 irr 0.95 (sep 0.56x)  KRk->KQk 2.9  excl 0  (503s)
  step  600  L_pos 0.457 L_push 5.655  d_pos 1.19 d_push 28.9  asym rev 6.92 irr 2.16 (sep 0.31x)  KRk->KQk 5.6  excl 0  (603s)
  step  700  L_pos 1.077 L_push 3.164  d_pos 1.34 d_push 32.0  asym rev 6.32 irr 3.98 (sep 0.63x)  KRk->KQk 8.0  excl 0  (709s)
  step  800  L_pos 0.809 L_push 7.466  d_pos 1.17 d_push 33.3  asym rev 8.44 irr 2.93 (sep 0.35x)  KRk->KQk 10.9  excl 0  (808s)
  step  900  L_pos 0.307 L_push 3.462  d_pos 1.29 d_push 33.0  asym rev 7.77 irr 2.93 (sep 0.38x)  KRk->KQk 10.7  excl 0  (907s)
  step 1000  L_pos 0.606 L_push 3.796  d_pos 1.19 d_push 34.2  asym rev 7.36 irr 5.47 (sep 0.74x)  KRk->KQk 11.5  excl 0  (1006s)
  step 1100  L_pos 0.155 L_push 2.407  d_pos 1.06 d_push 36.4  asym rev 10.60 irr 6.52 (sep 0.61x)  KRk->KQk 13.1  excl 0  (1105s)
  step 1200  L_pos 0.204 L_push 0.853  d_pos 1.19 d_push 36.7  asym rev 11.67 irr 7.02 (sep 0.60x)  KRk->KQk 13.0  excl 0  (1203s)
  step 1300  L_pos 0.954 L_push 28.537  d_pos 1.71 d_push 17.7  asym rev 1.67 irr 1.39 (sep 0.83x)  KRk->KQk 4.2  excl 0  (1302s)
  step 1400  L_pos 0.345 L_push 3.388  d_pos 1.19 d_push 35.2  asym rev 9.77 irr 5.48 (sep 0.56x)  KRk->KQk 8.9  excl 0  (1401s)
  step 1500  L_pos 0.130 L_push 3.265  d_pos 1.10 d_push 36.3  asym rev 9.94 irr 4.50 (sep 0.45x)  KRk->KQk 12.0  excl 0  (1500s)
  step 1600  L_pos 0.190 L_push 2.447  d_pos 1.03 d_push 38.6  asym rev 9.06 irr 5.99 (sep 0.66x)  KRk->KQk 13.2  excl 0  (1599s)
  step 1700  L_pos 0.129 L_push 4.017  d_pos 1.09 d_push 38.9  asym rev 10.46 irr 6.68 (sep 0.64x)  KRk->KQk 13.7  excl 0  (1698s)
  step 1800  L_pos 0.251 L_push 2.057  d_pos 1.13 d_push 39.8  asym rev 10.00 irr 7.72 (sep 0.77x)  KRk->KQk 13.6  excl 0  (1797s)
  step 1900  L_pos 0.054 L_push 1.945  d_pos 1.05 d_push 41.9  asym rev 14.84 irr 7.40 (sep 0.50x)  KRk->KQk 14.9  excl 0  (1896s)
  step 2000  L_pos 0.226 L_push 2.974  d_pos 1.14 d_push 40.7  asym rev 10.65 irr 7.08 (sep 0.66x)  KRk->KQk 16.0  excl 0  (1994s)
  step 2100  L_pos 0.117 L_push 3.596  d_pos 1.09 d_push 42.5  asym rev 10.20 irr 5.02 (sep 0.49x)  KRk->KQk 15.9  excl 0  (2093s)
  step 2200  L_pos 0.141 L_push 1.340  d_pos 1.12 d_push 42.6  asym rev 12.73 irr 8.49 (sep 0.67x)  KRk->KQk 17.2  excl 1  (2192s)
  step 2300  L_pos 0.199 L_push 3.460  d_pos 1.17 d_push 43.0  asym rev 9.91 irr 10.39 (sep 1.05x)  KRk->KQk 16.8  excl 0  (2291s)
  step 2400  L_pos 0.255 L_push 2.519  d_pos 1.13 d_push 45.9  asym rev 12.01 irr 9.19 (sep 0.76x)  KRk->KQk 17.5  excl 0  (2389s)
  step 2499  L_pos 0.107 L_push 2.207  d_pos 1.02 d_push 45.0  asym rev 16.15 irr 9.18 (sep 0.57x)  KRk->KQk 18.2  excl 0  (2487s)
saved data/derived/sep/iqe_geom_min.pt
VERDICT GEOM_MIN d_pos~1 asym_sep=0.50x (irr 6.28/rev 12.56) KRk->KQk=18.2 (should be HUGE = unreachable)
