=== [1/3] IQE nucleus (GroupNorm), 5000 steps ===
[stage] 19846 won nucleus positions; building material keys...
[stage] 198 material classes
/Users/kav/code/remote/github/catspace/experiments/train_iqe_nucleus.py:159: UserWarning: Converting a tensor with requires_grad=True to a scalar may lead to unexpected behavior.
Consider using tensor.detach() first. (Triggered internally at /Users/runner/work/pytorch/pytorch/torch/csrc/autograd/generated/python_variable_methods.cpp:823.)
  print(f"  step {step:4d}  L_rank {float(L_rank):.3f} L_sym {float(L_sym):.3f} "
  step    0  L_rank 1.002 L_sym 6.738 L_sep 54.189 L_step 0.000 L_strata 0.000  spearman(d,DTM) -0.034  (0s)
  step  500  L_rank 0.763 L_sym 0.114 L_sep 1.274 L_step 0.000 L_strata 0.000  spearman(d,DTM) +0.362  (101s)
  step 1000  L_rank 0.691 L_sym 0.048 L_sep 0.099 L_step 0.000 L_strata 0.000  spearman(d,DTM) +0.295  (198s)
  step 1500  L_rank 0.642 L_sym 0.050 L_sep 0.069 L_step 0.000 L_strata 0.000  spearman(d,DTM) +0.220  (295s)
  step 2000  L_rank 0.623 L_sym 0.046 L_sep 0.070 L_step 0.000 L_strata 0.000  spearman(d,DTM) +0.326  (391s)
  step 2500  L_rank 0.536 L_sym 0.052 L_sep 0.070 L_step 0.000 L_strata 0.000  spearman(d,DTM) +0.242  (488s)
  step 3000  L_rank 0.564 L_sym 0.026 L_sep 0.035 L_step 0.000 L_strata 0.000  spearman(d,DTM) +0.342  (585s)
  step 3500  L_rank 0.535 L_sym 0.036 L_sep 0.039 L_step 0.000 L_strata 0.000  spearman(d,DTM) +0.290  (681s)
  step 4000  L_rank 0.487 L_sym 0.037 L_sep 0.043 L_step 0.000 L_strata 0.000  spearman(d,DTM) +0.364  (778s)
  step 4500  L_rank 0.426 L_sym 0.032 L_sep 0.032 L_step 0.000 L_strata 0.000  spearman(d,DTM) +0.303  (874s)
  step 4999  L_rank 0.294 L_sym 0.024 L_sep 0.043 L_step 0.000 L_strata 0.000  spearman(d,DTM) +0.455  (970s)
saved data/derived/sep/iqe_nucleus_gn.pt
VERDICT IQE_NUCLEUS overall_spearman(d,DTM)=+0.393 (centroid on incumbent was ~0/neg; >0.5 = a usable DTM-ordered nucleus)
=== [2/3] Infinite one-way fine-tune (GroupNorm), 3000 steps ===
[before] pawncap asym d_bwd/d_fwd=0.99 (fwd=11.66 bwd=11.62)
/Users/kav/code/remote/github/catspace/experiments/cluster_infinite_finetune.py:126: UserWarning: Converting a tensor with requires_grad=True to a scalar may lead to unexpected behavior.
Consider using tensor.detach() first. (Triggered internally at /Users/runner/work/pytorch/pytorch/torch/csrc/autograd/generated/python_variable_methods.cpp:823.)
  print(f"  step {step:4d}  L_rank {float(L_rank):.3f} L_sym {float(L_sym):.3f} "
  step    0  L_rank 0.355 L_sym 0.024 L_step 211.878 L_inf 2376.754  d_fwd 11.60 d_bwd 11.57  sp(d,DTM) +0.311  (2s)
  step  500  L_rank 1.616 L_sym 1.379 L_step 111.241 L_inf 341.639  d_fwd 1.20 d_bwd 54.59  sp(d,DTM) -0.216  (818s)
  step 1000  L_rank 2.196 L_sym 1.105 L_step 38.879 L_inf 61.338  d_fwd 1.14 d_bwd 62.32  sp(d,DTM) -0.162  (1635s)
=== [3/3] BatchNorm-vs-eval proof on the GroupNorm field (should show NO gap) ===
Traceback (most recent call last):
  File [35m"/Users/kav/code/remote/github/catspace/experiments/prove_batchnorm.py"[0m, line [35m27[0m, in [35m<module>[0m
    fb, _ = [31mload_ckpt[0m[1;31m(_ckpt, dev)[0m
            [31m~~~~~~~~~[0m[1;31m^^^^^^^^^^^^[0m
  File [35m"/Users/kav/code/remote/github/catspace/catspace/nn/fb.py"[0m, line [35m758[0m, in [35mload_ckpt[0m
    payload = torch.load(Path(path), map_location=device, weights_only=False)
  File [35m"/Users/kav/code/remote/github/catspace/.venv/lib/python3.14/site-packages/torch/serialization.py"[0m, line [35m1561[0m, in [35mload[0m
    with [31m_open_file_like[0m[1;31m(f, "rb")[0m as opened_file:
         [31m~~~~~~~~~~~~~~~[0m[1;31m^^^^^^^^^[0m
  File [35m"/Users/kav/code/remote/github/catspace/.venv/lib/python3.14/site-packages/torch/serialization.py"[0m, line [35m795[0m, in [35m_open_file_like[0m
    return _open_file(name_or_buffer, mode)
  File [35m"/Users/kav/code/remote/github/catspace/.venv/lib/python3.14/site-packages/torch/serialization.py"[0m, line [35m776[0m, in [35m__init__[0m
    super().__init__([31mopen[0m[1;31m(name, mode)[0m)  # noqa: SIM115
                     [31m~~~~[0m[1;31m^^^^^^^^^^^^[0m
[1;35mFileNotFoundError[0m: [35m[Errno 2] No such file or directory: 'data/derived/sep/iqe_infinite_gn.pt'[0m
