[integration] merged immortal banks -> artifacts/experiments/integration_seed_*.fens
[import] artifacts/experiments/integration_seed_bank.fens -> artifacts/experiments/integration_bank.fens: +87297
[import] artifacts/experiments/integration_seed_lossbank.fens -> artifacts/experiments/integration_lossbank.fens: +1678
[import] artifacts/experiments/integration_seed_drawbank.fens -> artifacts/experiments/integration_drawbank.fens: +15160
/Users/kav/code/remote/github/catspace/experiments/train_dtm_tok.py:42: UserWarning: enable_nested_tensor is True, but self.use_nested_tensor is False because encoder_layer.norm_first was True
  self.enc = nn.TransformerEncoder(enc, num_layers=layers)
/Users/kav/code/remote/github/catspace/experiments/train_dtm_tok.py:42: UserWarning: enable_nested_tensor is True, but self.use_nested_tensor is False because encoder_layer.norm_first was True
  self.enc = nn.TransformerEncoder(enc, num_layers=layers)
/Users/kav/code/remote/github/catspace/experiments/train_dtm_tok.py:42: UserWarning: enable_nested_tensor is True, but self.use_nested_tensor is False because encoder_layer.norm_first was True
  self.enc = nn.TransformerEncoder(enc, num_layers=layers)
/Users/kav/code/remote/github/catspace/experiments/train_dtm_tok.py:42: UserWarning: enable_nested_tensor is True, but self.use_nested_tensor is False because encoder_layer.norm_first was True
  self.enc = nn.TransformerEncoder(enc, num_layers=layers)
/Users/kav/code/remote/github/catspace/catspace/nn/opponent.py:48: UserWarning: enable_nested_tensor is True, but self.use_nested_tensor is False because encoder_layer.norm_first was True
  self.self_attn = nn.TransformerEncoder(layer, num_layers=n_self_layers)
/Users/kav/code/remote/github/catspace/catspace/nn/opponent.py:48: UserWarning: enable_nested_tensor is True, but self.use_nested_tensor is False because encoder_layer.norm_first was True
  self.self_attn = nn.TransformerEncoder(layer, num_layers=n_self_layers)
/Users/kav/code/remote/github/catspace/catspace/nn/opponent.py:48: UserWarning: enable_nested_tensor is True, but self.use_nested_tensor is False because encoder_layer.norm_first was True
  self.self_attn = nn.TransformerEncoder(layer, num_layers=n_self_layers)
/Users/kav/code/remote/github/catspace/catspace/nn/opponent.py:48: UserWarning: enable_nested_tensor is True, but self.use_nested_tensor is False because encoder_layer.norm_first was True
  self.self_attn = nn.TransformerEncoder(layer, num_layers=n_self_layers)
[planner] RL selector loaded: data/derived/sep/planner_rl_r0.pt
[planner] RL selector loaded: data/derived/sep/planner_rl_r0.pt
[planner] RL selector loaded: data/derived/sep/planner_rl_r0.pt
[planner] RL selector loaded: data/derived/sep/planner_rl_r0.pt
    [prune-audit:loss] max|err| 0.000 cands 128/1678
    [prune-audit:draw] max|err| 0.000 cands 128/15160
    [prune-audit:loss] max|err| 0.000 cands 128/1678
    [prune-audit:loss] max|err| 0.000 cands 128/1678
    [prune-audit:draw] max|err| 0.000 cands 128/15160
    [prune-audit:draw] max|err| 0.000 cands 128/15160
    [prune-audit:loss] max|err| 0.000 cands 128/1678
    [prune-audit:draw] max|err| 0.000 cands 128/15160
    mv01  113.7s = prior   6.5 (2863) + embF  13.5 (2863) + dbank  16.1 ( 5726) + tree  68.7 + harvest  1.0  nodes=5000
    [tri-refresh] dmin est 0.801 exact 0.801 err +0.000
    mv01  119.9s = prior   6.9 (2892) + embF  15.6 (2892) + dbank  17.6 ( 5784) + tree  69.7 + harvest  0.8  nodes=5000
    mv01  122.0s = prior   6.7 (2576) + embF  18.7 (2576) + dbank  18.7 ( 5152) + tree  66.7 + harvest  0.7  nodes=5000
    mv01  123.6s = prior   6.9 (2797) + embF  18.6 (2797) + dbank  19.0 ( 5594) + tree  68.3 + harvest  0.6  nodes=5000
    [tri-refresh] dmin est 0.833 exact 0.816 err +0.017
    [tri-refresh] dmin est 0.816 exact 0.816 err +0.000
    [tri-refresh] dmin est 0.791 exact 0.791 err +0.000
Traceback (most recent call last):
  File [35m"/Users/kav/code/remote/github/catspace/experiments/integration_tests.py"[0m, line [35m88[0m, in [35m<module>[0m
    [31mmain[0m[1;31m()[0m
    [31m~~~~[0m[1;31m^^[0m
  File [35m"/Users/kav/code/remote/github/catspace/experiments/integration_tests.py"[0m, line [35m68[0m, in [35mmain[0m
    for ln in [31mres_file.read_text[0m[1;31m()[0m.splitlines():
              [31m~~~~~~~~~~~~~~~~~~[0m[1;31m^^[0m
  File [35m"/opt/homebrew/Cellar/python@3.14/3.14.5/Frameworks/Python.framework/Versions/3.14/lib/python3.14/pathlib/__init__.py"[0m, line [35m787[0m, in [35mread_text[0m
    with [31mself.open[0m[1;31m(mode='r', encoding=encoding, errors=errors, newline=newline)[0m as f:
         [31m~~~~~~~~~[0m[1;31m^^^^^^^^^^^^^^^^^^^^^^^^^^^^^^^^^^^^^^^^^^^^^^^^^^^^^^^^^^^^^[0m
  File [35m"/opt/homebrew/Cellar/python@3.14/3.14.5/Frameworks/Python.framework/Versions/3.14/lib/python3.14/pathlib/__init__.py"[0m, line [35m771[0m, in [35mopen[0m
    return [31mio.open[0m[1;31m(self, mode, buffering, encoding, errors, newline)[0m
           [31m~~~~~~~[0m[1;31m^^^^^^^^^^^^^^^^^^^^^^^^^^^^^^^^^^^^^^^^^^^^^^^^^^[0m
[1;35mFileNotFoundError[0m: [35m[Errno 2] No such file or directory: 'artifacts/experiments/integration_results.jsonl'[0m
