shards=lichess_db_standard_rated_2019-01.prefix1gb device=mps steps=40000 batch=512 d=64 quasimetric=True ply_gap_weight=0.05 asym_weight=0.0 two_horizon=False
model params: 2.3M (d=64 channels=64 blocks=6 enc_out=256)
holdout: 8 batches of 512
/Users/kav/code/remote/github/catspace/experiments/train_lichess_fb.py:958: UserWarning: Converting a tensor with requires_grad=True to a scalar may lead to unexpected behavior.
Consider using tensor.detach() first. (Triggered internally at /Users/runner/work/pytorch/pytorch/torch/csrc/autograd/generated/python_variable_methods.cpp:823.)
  print(f"step {step}  loss {float(loss):.4f}  train_top1 {float(top1):.3f}  "
step 100  loss 5.8422  train_top1 0.010  lr 3.00e-04  (11.9 it/s)
step 200  loss 5.1737  train_top1 0.018  lr 3.00e-04  (12.6 it/s)
step 300  loss 4.8193  train_top1 0.029  lr 3.00e-04  (12.3 it/s)
step 400  loss 4.8522  train_top1 0.024  lr 3.00e-04  (13.0 it/s)
step 500  loss 4.8834  train_top1 0.020  lr 3.00e-04  (12.9 it/s)
  VAL step 500  loss 4.8834  top1 0.021  top8 0.128
step 600  loss 4.5755  train_top1 0.029  lr 3.00e-04  (12.1 it/s)
step 700  loss 4.7207  train_top1 0.037  lr 3.00e-04  (12.9 it/s)
step 800  loss 4.8903  train_top1 0.021  lr 3.00e-04  (13.4 it/s)
step 900  loss 4.6162  train_top1 0.037  lr 3.00e-04  (13.3 it/s)
step 1000  loss 4.7143  train_top1 0.031  lr 3.00e-04  (13.4 it/s)
  VAL step 1000  loss 4.6110  top1 0.027  top8 0.159
step 1100  loss 4.7928  train_top1 0.029  lr 2.99e-04  (12.7 it/s)
step 1200  loss 4.6968  train_top1 0.035  lr 2.99e-04  (13.2 it/s)
step 1300  loss 4.5381  train_top1 0.021  lr 2.99e-04  (13.3 it/s)
step 1400  loss 4.4310  train_top1 0.025  lr 2.99e-04  (13.4 it/s)
step 1500  loss 4.7291  train_top1 0.033  lr 2.99e-04  (13.5 it/s)
  VAL step 1500  loss 4.5103  top1 0.029  top8 0.155
step 1600  loss 4.5385  train_top1 0.035  lr 2.99e-04  (12.8 it/s)
step 1700  loss 4.5196  train_top1 0.029  lr 2.99e-04  (13.7 it/s)
step 1800  loss 4.4885  train_top1 0.031  lr 2.99e-04  (1.1 it/s)
step 1900  loss 4.5462  train_top1 0.043  lr 2.99e-04  (13.4 it/s)
step 2000  loss 4.2030  train_top1 0.039  lr 2.98e-04  (13.5 it/s)
  VAL step 2000  loss 4.4583  top1 0.025  top8 0.147
step 2100  loss 4.3941  train_top1 0.025  lr 2.98e-04  (12.8 it/s)
step 2200  loss 4.7836  train_top1 0.018  lr 2.98e-04  (13.4 it/s)
step 2300  loss 4.3304  train_top1 0.039  lr 2.98e-04  (13.4 it/s)
step 2400  loss 4.5726  train_top1 0.020  lr 2.98e-04  (13.2 it/s)
step 2500  loss 4.6057  train_top1 0.021  lr 2.97e-04  (13.6 it/s)
  VAL step 2500  loss 4.4384  top1 0.026  top8 0.147
step 2600  loss 4.4060  train_top1 0.025  lr 2.97e-04  (12.7 it/s)
step 2700  loss 4.3827  train_top1 0.039  lr 2.97e-04  (13.4 it/s)
step 2800  loss 4.3453  train_top1 0.025  lr 2.97e-04  (13.6 it/s)
step 2900  loss 4.6786  train_top1 0.029  lr 2.97e-04  (13.4 it/s)
step 3000  loss 4.5994  train_top1 0.018  lr 2.96e-04  (13.5 it/s)
  VAL step 3000  loss 4.3812  top1 0.027  top8 0.150
step 3100  loss 4.2234  train_top1 0.030  lr 2.96e-04  (12.9 it/s)
step 3200  loss 4.5191  train_top1 0.041  lr 2.96e-04  (13.5 it/s)
step 3300  loss 4.2805  train_top1 0.041  lr 2.95e-04  (13.6 it/s)
step 3400  loss 4.7412  train_top1 0.029  lr 2.95e-04  (13.3 it/s)
step 3500  loss 4.1601  train_top1 0.029  lr 2.95e-04  (13.5 it/s)
  VAL step 3500  loss 4.3502  top1 0.031  top8 0.152
step 3600  loss 4.3553  train_top1 0.035  lr 2.95e-04  (12.7 it/s)
step 3700  loss 4.4761  train_top1 0.033  lr 2.94e-04  (13.6 it/s)
step 3800  loss 4.5858  train_top1 0.043  lr 2.94e-04  (13.5 it/s)
step 3900  loss 4.8586  train_top1 0.018  lr 2.94e-04  (13.6 it/s)
step 4000  loss 4.4008  train_top1 0.020  lr 2.93e-04  (13.2 it/s)
  VAL step 4000  loss 4.3224  top1 0.029  top8 0.165
step 4100  loss 4.1012  train_top1 0.035  lr 2.93e-04  (12.6 it/s)
step 4200  loss 4.4702  train_top1 0.037  lr 2.93e-04  (13.4 it/s)
step 4300  loss 4.3873  train_top1 0.037  lr 2.92e-04  (13.6 it/s)
step 4400  loss 4.4926  train_top1 0.025  lr 2.92e-04  (13.5 it/s)
step 4500  loss 4.3655  train_top1 0.027  lr 2.92e-04  (13.3 it/s)
  VAL step 4500  loss 4.3123  top1 0.028  top8 0.171
step 4600  loss 4.2335  train_top1 0.041  lr 2.91e-04  (12.7 it/s)
step 4700  loss 4.3829  train_top1 0.041  lr 2.91e-04  (13.5 it/s)
step 4800  loss 5.1495  train_top1 0.025  lr 2.91e-04  (13.5 it/s)
step 4900  loss 4.2770  train_top1 0.037  lr 2.90e-04  (13.6 it/s)
step 5000  loss 4.2689  train_top1 0.033  lr 2.90e-04  (13.5 it/s)
  VAL step 5000  loss 4.3237  top1 0.029  top8 0.162
  ladder checkpoint -> lichess_gn_qm_full_step5000.pt
step 5100  loss 4.4597  train_top1 0.047  lr 2.89e-04  (12.5 it/s)
step 5200  loss 4.4156  train_top1 0.035  lr 2.89e-04  (13.5 it/s)
step 5300  loss 4.4033  train_top1 0.031  lr 2.88e-04  (13.6 it/s)
step 5400  loss 4.1270  train_top1 0.033  lr 2.88e-04  (13.4 it/s)
step 5500  loss 4.4910  train_top1 0.027  lr 2.88e-04  (13.5 it/s)
  VAL step 5500  loss 4.3088  top1 0.031  top8 0.157
step 5600  loss 4.3231  train_top1 0.035  lr 2.87e-04  (12.8 it/s)
step 5700  loss 4.3219  train_top1 0.041  lr 2.87e-04  (13.4 it/s)
step 5800  loss 4.3027  train_top1 0.027  lr 2.86e-04  (13.5 it/s)
step 5900  loss 4.4663  train_top1 0.029  lr 2.86e-04  (13.3 it/s)
step 6000  loss 4.4223  train_top1 0.034  lr 2.85e-04  (13.4 it/s)
  VAL step 6000  loss 4.2914  top1 0.032  top8 0.173
step 6100  loss 4.2060  train_top1 0.043  lr 2.85e-04  (12.9 it/s)
step 6200  loss 4.2133  train_top1 0.028  lr 2.84e-04  (13.5 it/s)
step 6300  loss 4.4978  train_top1 0.043  lr 2.84e-04  (13.5 it/s)
step 6400  loss 4.0214  train_top1 0.025  lr 2.83e-04  (13.6 it/s)
step 6500  loss 4.3906  train_top1 0.033  lr 2.83e-04  (13.5 it/s)
  VAL step 6500  loss 4.2936  top1 0.030  top8 0.146
step 6600  loss 4.4912  train_top1 0.027  lr 2.82e-04  (12.8 it/s)
step 6700  loss 3.9569  train_top1 0.035  lr 2.82e-04  (13.5 it/s)
step 6800  loss 4.1120  train_top1 0.033  lr 2.81e-04  (13.6 it/s)
step 6900  loss 4.1966  train_top1 0.035  lr 2.81e-04  (13.5 it/s)
step 7000  loss 4.0944  train_top1 0.031  lr 2.80e-04  (13.7 it/s)
  VAL step 7000  loss 4.2658  top1 0.027  top8 0.160
step 7100  loss 4.1951  train_top1 0.035  lr 2.80e-04  (13.0 it/s)
step 7200  loss 4.8133  train_top1 0.021  lr 2.79e-04  (13.8 it/s)
step 7300  loss 4.3975  train_top1 0.018  lr 2.78e-04  (13.8 it/s)
step 7400  loss 4.0431  train_top1 0.039  lr 2.78e-04  (13.9 it/s)
step 7500  loss 4.4346  train_top1 0.039  lr 2.77e-04  (13.7 it/s)
  VAL step 7500  loss 4.2740  top1 0.030  top8 0.164
step 7600  loss 4.6065  train_top1 0.027  lr 2.77e-04  (13.1 it/s)
step 7700  loss 4.4458  train_top1 0.031  lr 2.76e-04  (13.8 it/s)
step 7800  loss 4.4034  train_top1 0.021  lr 2.75e-04  (13.8 it/s)
step 7900  loss 4.2393  train_top1 0.031  lr 2.75e-04  (14.0 it/s)
step 8000  loss 4.4423  train_top1 0.027  lr 2.74e-04  (14.0 it/s)
  VAL step 8000  loss 4.2707  top1 0.028  top8 0.156
step 8100  loss 4.3033  train_top1 0.033  lr 2.74e-04  (13.3 it/s)
step 8200  loss 4.4322  train_top1 0.020  lr 2.73e-04  (14.0 it/s)
step 8300  loss 4.2766  train_top1 0.029  lr 2.72e-04  (14.0 it/s)
step 8400  loss 4.2465  train_top1 0.029  lr 2.72e-04  (13.9 it/s)
step 8500  loss 4.3825  train_top1 0.041  lr 2.71e-04  (14.0 it/s)
  VAL step 8500  loss 4.2390  top1 0.030  top8 0.159
step 8600  loss 4.4659  train_top1 0.039  lr 2.70e-04  (13.3 it/s)
step 8700  loss 4.7168  train_top1 0.021  lr 2.70e-04  (14.0 it/s)
step 8800  loss 4.3359  train_top1 0.029  lr 2.69e-04  (14.0 it/s)
step 8900  loss 4.2410  train_top1 0.029  lr 2.68e-04  (13.9 it/s)
step 9000  loss 4.1431  train_top1 0.035  lr 2.68e-04  (14.0 it/s)
  VAL step 9000  loss 4.2649  top1 0.030  top8 0.164
step 9100  loss 4.3934  train_top1 0.033  lr 2.67e-04  (13.3 it/s)
step 9200  loss 4.7522  train_top1 0.025  lr 2.66e-04  (14.0 it/s)
step 9300  loss 4.4549  train_top1 0.029  lr 2.66e-04  (13.9 it/s)
step 9400  loss 4.0141  train_top1 0.042  lr 2.65e-04  (13.8 it/s)
step 9500  loss 4.2300  train_top1 0.033  lr 2.64e-04  (14.0 it/s)
  VAL step 9500  loss 4.2362  top1 0.028  top8 0.166
step 9600  loss 4.1940  train_top1 0.033  lr 2.63e-04  (13.3 it/s)
step 9700  loss 4.4006  train_top1 0.025  lr 2.63e-04  (14.0 it/s)
step 9800  loss 4.3199  train_top1 0.015  lr 2.62e-04  (13.9 it/s)
step 9900  loss 4.4263  train_top1 0.023  lr 2.61e-04  (14.0 it/s)
step 10000  loss 4.3072  train_top1 0.035  lr 2.60e-04  (13.9 it/s)
  VAL step 10000  loss 4.2431  top1 0.030  top8 0.158
  ladder checkpoint -> lichess_gn_qm_full_step10000.pt
step 10100  loss 4.3133  train_top1 0.039  lr 2.60e-04  (12.9 it/s)
step 10200  loss 4.1172  train_top1 0.035  lr 2.59e-04  (13.8 it/s)
step 10300  loss 4.2191  train_top1 0.047  lr 2.58e-04  (13.9 it/s)
step 10400  loss 3.9339  train_top1 0.037  lr 2.57e-04  (13.8 it/s)
step 10500  loss 4.1181  train_top1 0.049  lr 2.57e-04  (13.9 it/s)
  VAL step 10500  loss 4.2372  top1 0.032  top8 0.168
step 10600  loss 4.2916  train_top1 0.036  lr 2.56e-04  (13.2 it/s)
step 10700  loss 4.2092  train_top1 0.045  lr 2.55e-04  (13.8 it/s)
step 10800  loss 4.2378  train_top1 0.029  lr 2.54e-04  (13.8 it/s)
step 10900  loss 4.3334  train_top1 0.043  lr 2.53e-04  (13.8 it/s)
step 11000  loss 4.0399  train_top1 0.035  lr 2.53e-04  (13.9 it/s)
  VAL step 11000  loss 4.2522  top1 0.028  top8 0.171
step 11100  loss 4.1916  train_top1 0.037  lr 2.52e-04  (13.1 it/s)
step 11200  loss 4.3606  train_top1 0.035  lr 2.51e-04  (13.8 it/s)
step 11300  loss 4.2106  train_top1 0.035  lr 2.50e-04  (13.9 it/s)
step 11400  loss 4.0895  train_top1 0.033  lr 2.49e-04  (13.8 it/s)
step 11500  loss 4.1549  train_top1 0.033  lr 2.49e-04  (13.8 it/s)
  VAL step 11500  loss 4.2536  top1 0.030  top8 0.176
step 11600  loss 4.4713  train_top1 0.026  lr 2.48e-04  (13.1 it/s)
step 11700  loss 4.4353  train_top1 0.029  lr 2.47e-04  (13.8 it/s)
step 11800  loss 4.0275  train_top1 0.041  lr 2.46e-04  (13.8 it/s)
step 11900  loss 4.3277  train_top1 0.031  lr 2.45e-04  (14.0 it/s)
step 12000  loss 4.2218  train_top1 0.033  lr 2.44e-04  (13.9 it/s)
  VAL step 12000  loss 4.2212  top1 0.030  top8 0.164
step 12100  loss 4.1841  train_top1 0.025  lr 2.43e-04  (13.1 it/s)
step 12200  loss 4.3472  train_top1 0.025  lr 2.43e-04  (13.9 it/s)
step 12300  loss 3.9264  train_top1 0.039  lr 2.42e-04  (13.3 it/s)
step 12400  loss 4.1054  train_top1 0.042  lr 2.41e-04  (14.1 it/s)
step 12500  loss 4.3965  train_top1 0.025  lr 2.40e-04  (14.0 it/s)
  VAL step 12500  loss 4.2220  top1 0.029  top8 0.171
step 12600  loss 4.3061  train_top1 0.029  lr 2.39e-04  (13.3 it/s)
step 12700  loss 4.2677  train_top1 0.037  lr 2.38e-04  (13.7 it/s)
step 12800  loss 4.2257  train_top1 0.033  lr 2.37e-04  (14.0 it/s)
step 12900  loss 4.2118  train_top1 0.045  lr 2.36e-04  (14.1 it/s)
step 13000  loss 4.1922  train_top1 0.041  lr 2.36e-04  (14.1 it/s)
  VAL step 13000  loss 4.2068  top1 0.028  top8 0.160
step 13100  loss 4.4040  train_top1 0.037  lr 2.35e-04  (13.3 it/s)
step 13200  loss 4.1395  train_top1 0.029  lr 2.34e-04  (14.0 it/s)
step 13300  loss 3.8991  train_top1 0.047  lr 2.33e-04  (14.1 it/s)
step 13400  loss 4.1226  train_top1 0.029  lr 2.32e-04  (14.0 it/s)
step 13500  loss 4.0958  train_top1 0.045  lr 2.31e-04  (14.0 it/s)
  VAL step 13500  loss 4.2086  top1 0.025  top8 0.160
step 13600  loss 4.4099  train_top1 0.027  lr 2.30e-04  (13.3 it/s)
step 13700  loss 4.1213  train_top1 0.035  lr 2.29e-04  (13.9 it/s)
step 13800  loss 4.3257  train_top1 0.049  lr 2.28e-04  (14.0 it/s)
step 13900  loss 4.2274  train_top1 0.035  lr 2.27e-04  (13.7 it/s)
step 14000  loss 4.2607  train_top1 0.031  lr 2.26e-04  (14.0 it/s)
  VAL step 14000  loss 4.1989  top1 0.029  top8 0.160
step 14100  loss 4.1778  train_top1 0.045  lr 2.25e-04  (13.4 it/s)
step 14200  loss 4.7053  train_top1 0.018  lr 2.24e-04  (14.0 it/s)
step 14300  loss 4.1711  train_top1 0.037  lr 2.23e-04  (14.0 it/s)
step 14400  loss 4.3664  train_top1 0.045  lr 2.22e-04  (14.0 it/s)
step 14500  loss 4.0652  train_top1 0.027  lr 2.22e-04  (13.7 it/s)
  VAL step 14500  loss 4.1835  top1 0.032  top8 0.170
step 14600  loss 4.2257  train_top1 0.041  lr 2.21e-04  (13.3 it/s)
step 14700  loss 4.3829  train_top1 0.021  lr 2.20e-04  (14.0 it/s)
step 14800  loss 4.3388  train_top1 0.029  lr 2.19e-04  (14.1 it/s)
step 14900  loss 4.1125  train_top1 0.045  lr 2.18e-04  (13.6 it/s)
step 15000  loss 4.2553  train_top1 0.033  lr 2.17e-04  (14.0 it/s)
  VAL step 15000  loss 4.1997  top1 0.029  top8 0.159
  ladder checkpoint -> lichess_gn_qm_full_step15000.pt
step 15100  loss 4.3050  train_top1 0.025  lr 2.16e-04  (12.7 it/s)
step 15200  loss 4.2874  train_top1 0.039  lr 2.15e-04  (14.1 it/s)
step 15300  loss 4.2398  train_top1 0.035  lr 2.14e-04  (14.0 it/s)
step 15400  loss 3.9432  train_top1 0.035  lr 2.13e-04  (14.0 it/s)
step 15500  loss 4.3797  train_top1 0.039  lr 2.12e-04  (13.7 it/s)
  VAL step 15500  loss 4.1926  top1 0.030  top8 0.164
step 15600  loss 4.2958  train_top1 0.025  lr 2.11e-04  (13.3 it/s)
step 15700  loss 4.4467  train_top1 0.031  lr 2.10e-04  (13.9 it/s)
step 15800  loss 4.0565  train_top1 0.043  lr 2.09e-04  (14.0 it/s)
step 15900  loss 4.3568  train_top1 0.047  lr 2.08e-04  (14.0 it/s)
step 16000  loss 3.9269  train_top1 0.038  lr 2.07e-04  (13.7 it/s)
  VAL step 16000  loss 4.1780  top1 0.031  top8 0.165
step 16100  loss 4.2998  train_top1 0.031  lr 2.06e-04  (13.1 it/s)
step 16200  loss 4.2806  train_top1 0.035  lr 2.05e-04  (14.1 it/s)
step 16300  loss 4.1381  train_top1 0.031  lr 2.04e-04  (14.0 it/s)
step 16400  loss 4.2086  train_top1 0.025  lr 2.03e-04  (14.0 it/s)
step 16500  loss 4.1824  train_top1 0.023  lr 2.02e-04  (14.1 it/s)
  VAL step 16500  loss 4.1670  top1 0.032  top8 0.158
step 16600  loss 4.2609  train_top1 0.029  lr 2.01e-04  (13.3 it/s)
step 16700  loss 4.1717  train_top1 0.031  lr 2.00e-04  (14.0 it/s)
step 16800  loss 4.2519  train_top1 0.033  lr 1.99e-04  (14.0 it/s)
step 16900  loss 4.5101  train_top1 0.020  lr 1.98e-04  (13.7 it/s)
step 17000  loss 4.0299  train_top1 0.035  lr 1.97e-04  (14.0 it/s)
  VAL step 17000  loss 4.1525  top1 0.031  top8 0.162
step 17100  loss 4.1982  train_top1 0.027  lr 1.95e-04  (13.3 it/s)
step 17200  loss 4.5860  train_top1 0.023  lr 1.94e-04  (14.0 it/s)
step 17300  loss 4.3148  train_top1 0.031  lr 1.93e-04  (14.1 it/s)
step 17400  loss 4.3738  train_top1 0.035  lr 1.92e-04  (13.7 it/s)
step 17500  loss 4.0664  train_top1 0.039  lr 1.91e-04  (14.0 it/s)
  VAL step 17500  loss 4.1681  top1 0.032  top8 0.169
step 17600  loss 3.9462  train_top1 0.043  lr 1.90e-04  (13.3 it/s)
step 17700  loss 4.3607  train_top1 0.031  lr 1.89e-04  (14.1 it/s)
step 17800  loss 4.2308  train_top1 0.031  lr 1.88e-04  (14.0 it/s)
step 17900  loss 4.1863  train_top1 0.029  lr 1.87e-04  (13.8 it/s)
step 18000  loss 4.4719  train_top1 0.035  lr 1.86e-04  (13.7 it/s)
  VAL step 18000  loss 4.1874  top1 0.029  top8 0.173
step 18100  loss 3.9207  train_top1 0.033  lr 1.85e-04  (13.3 it/s)
step 18200  loss 4.4965  train_top1 0.031  lr 1.84e-04  (14.0 it/s)
step 18300  loss 4.3493  train_top1 0.037  lr 1.83e-04  (14.0 it/s)
step 18400  loss 4.3371  train_top1 0.025  lr 1.82e-04  (14.0 it/s)
step 18500  loss 4.3257  train_top1 0.037  lr 1.81e-04  (14.0 it/s)
  VAL step 18500  loss 4.1658  top1 0.034  top8 0.175
step 18600  loss 4.1762  train_top1 0.041  lr 1.80e-04  (13.3 it/s)
step 18700  loss 4.3808  train_top1 0.031  lr 1.79e-04  (14.0 it/s)
step 18800  loss 4.6801  train_top1 0.037  lr 1.78e-04  (14.0 it/s)
step 18900  loss 4.3515  train_top1 0.033  lr 1.77e-04  (13.7 it/s)
step 19000  loss 4.4271  train_top1 0.027  lr 1.76e-04  (14.1 it/s)
  VAL step 19000  loss 4.1759  top1 0.033  top8 0.172
step 19100  loss 4.2669  train_top1 0.027  lr 1.75e-04  (13.3 it/s)
step 19200  loss 4.4080  train_top1 0.035  lr 1.73e-04  (14.0 it/s)
step 19300  loss 4.4429  train_top1 0.021  lr 1.72e-04  (14.0 it/s)
step 19400  loss 4.1605  train_top1 0.047  lr 1.71e-04  (14.0 it/s)
step 19500  loss 4.4901  train_top1 0.033  lr 1.70e-04  (14.0 it/s)
  VAL step 19500  loss 4.1885  top1 0.031  top8 0.168
step 19600  loss 4.3917  train_top1 0.035  lr 1.69e-04  (13.3 it/s)
step 19700  loss 4.2616  train_top1 0.027  lr 1.68e-04  (14.0 it/s)
step 19800  loss 4.0516  train_top1 0.036  lr 1.67e-04  (14.0 it/s)
step 19900  loss 4.2209  train_top1 0.043  lr 1.66e-04  (14.0 it/s)
step 20000  loss 4.2475  train_top1 0.029  lr 1.65e-04  (14.0 it/s)
  VAL step 20000  loss 4.1655  top1 0.031  top8 0.168
  ladder checkpoint -> lichess_gn_qm_full_step20000.pt
step 20100  loss 4.1285  train_top1 0.031  lr 1.64e-04  (12.9 it/s)
step 20200  loss 4.2243  train_top1 0.041  lr 1.63e-04  (14.0 it/s)
step 20300  loss 4.2776  train_top1 0.031  lr 1.62e-04  (14.0 it/s)
step 20400  loss 4.5058  train_top1 0.023  lr 1.61e-04  (14.0 it/s)
step 20500  loss 4.4897  train_top1 0.036  lr 1.60e-04  (14.0 it/s)
  VAL step 20500  loss 4.1656  top1 0.031  top8 0.174
step 20600  loss 4.1608  train_top1 0.039  lr 1.59e-04  (13.3 it/s)
step 20700  loss 3.9915  train_top1 0.035  lr 1.58e-04  (13.9 it/s)
step 20800  loss 4.3270  train_top1 0.039  lr 1.57e-04  (14.0 it/s)
step 20900  loss 4.0240  train_top1 0.035  lr 1.55e-04  (14.0 it/s)
step 21000  loss 4.0521  train_top1 0.041  lr 1.54e-04  (13.9 it/s)
  VAL step 21000  loss 4.1370  top1 0.028  top8 0.167
step 21100  loss 4.2030  train_top1 0.033  lr 1.53e-04  (13.3 it/s)
step 21200  loss 4.0324  train_top1 0.031  lr 1.52e-04  (13.9 it/s)
step 21300  loss 3.9318  train_top1 0.041  lr 1.51e-04  (13.9 it/s)
step 21400  loss 4.2251  train_top1 0.040  lr 1.50e-04  (13.9 it/s)
step 21500  loss 4.3533  train_top1 0.020  lr 1.49e-04  (13.9 it/s)
  VAL step 21500  loss 4.1728  top1 0.029  top8 0.173
step 21600  loss 4.2686  train_top1 0.039  lr 1.48e-04  (13.2 it/s)
step 21700  loss 4.4348  train_top1 0.033  lr 1.47e-04  (13.9 it/s)
step 21800  loss 4.1673  train_top1 0.037  lr 1.46e-04  (13.9 it/s)
step 21900  loss 4.1437  train_top1 0.035  lr 1.45e-04  (13.9 it/s)
step 22000  loss 4.5390  train_top1 0.037  lr 1.44e-04  (13.9 it/s)
  VAL step 22000  loss 4.1453  top1 0.030  top8 0.166
step 22100  loss 4.3129  train_top1 0.033  lr 1.43e-04  (13.2 it/s)
step 22200  loss 3.8768  train_top1 0.049  lr 1.42e-04  (14.0 it/s)
step 22300  loss 3.9559  train_top1 0.043  lr 1.41e-04  (14.0 it/s)
step 22400  loss 3.8929  train_top1 0.031  lr 1.40e-04  (13.9 it/s)
step 22500  loss 4.2294  train_top1 0.034  lr 1.39e-04  (13.9 it/s)
  VAL step 22500  loss 4.1534  top1 0.030  top8 0.171
step 22600  loss 4.2923  train_top1 0.031  lr 1.38e-04  (13.2 it/s)
step 22700  loss 4.3601  train_top1 0.039  lr 1.37e-04  (13.9 it/s)
step 22800  loss 4.0563  train_top1 0.043  lr 1.36e-04  (14.0 it/s)
step 22900  loss 4.6414  train_top1 0.036  lr 1.35e-04  (14.0 it/s)
step 23000  loss 4.4140  train_top1 0.027  lr 1.33e-04  (14.0 it/s)
  VAL step 23000  loss 4.1566  top1 0.031  top8 0.172
step 23100  loss 4.3950  train_top1 0.025  lr 1.32e-04  (13.2 it/s)
step 23200  loss 4.6076  train_top1 0.031  lr 1.31e-04  (13.9 it/s)
step 23300  loss 4.1700  train_top1 0.037  lr 1.30e-04  (13.9 it/s)
step 23400  loss 4.1478  train_top1 0.035  lr 1.29e-04  (14.0 it/s)
step 23500  loss 4.3812  train_top1 0.037  lr 1.28e-04  (13.9 it/s)
  VAL step 23500  loss 4.1490  top1 0.033  top8 0.177
step 23600  loss 4.0658  train_top1 0.036  lr 1.27e-04  (13.1 it/s)
step 23700  loss 4.2809  train_top1 0.023  lr 1.26e-04  (14.0 it/s)
step 23800  loss 4.2693  train_top1 0.028  lr 1.25e-04  (13.9 it/s)
step 23900  loss 3.9429  train_top1 0.031  lr 1.24e-04  (13.9 it/s)
step 24000  loss 4.6249  train_top1 0.035  lr 1.23e-04  (13.9 it/s)
  VAL step 24000  loss 4.1353  top1 0.030  top8 0.167
step 24100  loss 3.9720  train_top1 0.051  lr 1.22e-04  (13.2 it/s)
step 24200  loss 4.2560  train_top1 0.031  lr 1.21e-04  (13.9 it/s)
step 24300  loss 4.2826  train_top1 0.029  lr 1.20e-04  (13.9 it/s)
step 24400  loss 4.2126  train_top1 0.025  lr 1.19e-04  (13.9 it/s)
step 24500  loss 4.1474  train_top1 0.041  lr 1.18e-04  (13.9 it/s)
  VAL step 24500  loss 4.1269  top1 0.030  top8 0.168
step 24600  loss 4.4475  train_top1 0.031  lr 1.17e-04  (13.2 it/s)
step 24700  loss 4.1617  train_top1 0.041  lr 1.16e-04  (13.9 it/s)
step 24800  loss 4.3744  train_top1 0.020  lr 1.15e-04  (13.9 it/s)
step 24900  loss 4.2736  train_top1 0.031  lr 1.14e-04  (13.9 it/s)
step 25000  loss 4.0917  train_top1 0.039  lr 1.13e-04  (13.9 it/s)
  VAL step 25000  loss 4.1385  top1 0.033  top8 0.158
  ladder checkpoint -> lichess_gn_qm_full_step25000.pt
step 25100  loss 4.2213  train_top1 0.043  lr 1.12e-04  (12.8 it/s)
step 25200  loss 4.1574  train_top1 0.037  lr 1.11e-04  (13.8 it/s)
step 25300  loss 4.4303  train_top1 0.035  lr 1.10e-04  (13.8 it/s)
step 25400  loss 4.1943  train_top1 0.029  lr 1.09e-04  (13.9 it/s)
step 25500  loss 4.1902  train_top1 0.031  lr 1.08e-04  (13.9 it/s)
  VAL step 25500  loss 4.1396  top1 0.036  top8 0.181
step 25600  loss 4.6895  train_top1 0.021  lr 1.08e-04  (13.2 it/s)
step 25700  loss 4.6260  train_top1 0.039  lr 1.07e-04  (13.9 it/s)
step 25800  loss 4.0831  train_top1 0.037  lr 1.06e-04  (13.8 it/s)
step 25900  loss 4.0877  train_top1 0.041  lr 1.05e-04  (13.9 it/s)
step 26000  loss 4.1763  train_top1 0.037  lr 1.04e-04  (13.8 it/s)
  VAL step 26000  loss 4.1290  top1 0.032  top8 0.165
step 26100  loss 4.2457  train_top1 0.037  lr 1.03e-04  (13.2 it/s)
step 26200  loss 4.5730  train_top1 0.033  lr 1.02e-04  (13.8 it/s)
step 26300  loss 4.4025  train_top1 0.031  lr 1.01e-04  (13.8 it/s)
step 26400  loss 4.0365  train_top1 0.039  lr 1.00e-04  (13.8 it/s)
step 26500  loss 3.8405  train_top1 0.033  lr 9.90e-05  (13.8 it/s)
  VAL step 26500  loss 4.1374  top1 0.033  top8 0.172
step 26600  loss 4.3299  train_top1 0.027  lr 9.81e-05  (13.2 it/s)
step 26700  loss 4.3733  train_top1 0.035  lr 9.72e-05  (13.8 it/s)
step 26800  loss 4.4989  train_top1 0.027  lr 9.63e-05  (13.8 it/s)
step 26900  loss 4.0850  train_top1 0.029  lr 9.54e-05  (13.8 it/s)
step 27000  loss 4.2330  train_top1 0.033  lr 9.45e-05  (13.9 it/s)
  VAL step 27000  loss 4.1332  top1 0.033  top8 0.174
step 27100  loss 4.5877  train_top1 0.025  lr 9.36e-05  (13.1 it/s)
step 27200  loss 3.9832  train_top1 0.045  lr 9.27e-05  (13.8 it/s)
step 27300  loss 4.1926  train_top1 0.041  lr 9.18e-05  (13.9 it/s)
step 27400  loss 4.0530  train_top1 0.031  lr 9.09e-05  (13.9 it/s)
step 27500  loss 4.3563  train_top1 0.021  lr 9.00e-05  (13.8 it/s)
  VAL step 27500  loss 4.1241  top1 0.034  top8 0.169
step 27600  loss 3.9040  train_top1 0.039  lr 8.91e-05  (13.1 it/s)
step 27700  loss 4.1362  train_top1 0.037  lr 8.83e-05  (13.8 it/s)
step 27800  loss 3.9758  train_top1 0.037  lr 8.74e-05  (13.8 it/s)
step 27900  loss 4.3858  train_top1 0.027  lr 8.65e-05  (13.8 it/s)
step 28000  loss 4.1182  train_top1 0.030  lr 8.57e-05  (13.8 it/s)
  VAL step 28000  loss 4.1394  top1 0.033  top8 0.168
step 28100  loss 4.2935  train_top1 0.027  lr 8.48e-05  (13.2 it/s)
step 28200  loss 4.4966  train_top1 0.039  lr 8.40e-05  (13.8 it/s)
step 28300  loss 4.0510  train_top1 0.031  lr 8.31e-05  (13.8 it/s)
step 28400  loss 4.1707  train_top1 0.051  lr 8.23e-05  (13.9 it/s)
step 28500  loss 4.2945  train_top1 0.037  lr 8.14e-05  (13.9 it/s)
  VAL step 28500  loss 4.1280  top1 0.036  top8 0.181
step 28600  loss 4.2962  train_top1 0.047  lr 8.06e-05  (13.2 it/s)
step 28700  loss 4.2253  train_top1 0.033  lr 7.98e-05  (13.7 it/s)
step 28800  loss 4.1109  train_top1 0.035  lr 7.90e-05  (13.9 it/s)
step 28900  loss 4.2004  train_top1 0.039  lr 7.81e-05  (13.8 it/s)
step 29000  loss 3.8825  train_top1 0.051  lr 7.73e-05  (13.8 it/s)
  VAL step 29000  loss 4.1241  top1 0.033  top8 0.170
step 29100  loss 4.0686  train_top1 0.031  lr 7.65e-05  (13.2 it/s)
step 29200  loss 4.1279  train_top1 0.035  lr 7.57e-05  (13.8 it/s)
step 29300  loss 4.0254  train_top1 0.041  lr 7.49e-05  (13.8 it/s)
step 29400  loss 4.1142  train_top1 0.033  lr 7.42e-05  (13.8 it/s)
step 29500  loss 4.0341  train_top1 0.043  lr 7.34e-05  (13.8 it/s)
  VAL step 29500  loss 4.1237  top1 0.032  top8 0.167
step 29600  loss 4.1043  train_top1 0.031  lr 7.26e-05  (13.2 it/s)
step 29700  loss 3.8591  train_top1 0.041  lr 7.18e-05  (13.8 it/s)
step 29800  loss 4.2805  train_top1 0.033  lr 7.11e-05  (13.8 it/s)
step 29900  loss 4.1127  train_top1 0.043  lr 7.03e-05  (13.8 it/s)
step 30000  loss 4.0774  train_top1 0.051  lr 6.95e-05  (13.9 it/s)
  VAL step 30000  loss 4.1134  top1 0.034  top8 0.166
  ladder checkpoint -> lichess_gn_qm_full_step30000.pt
step 30100  loss 4.1895  train_top1 0.031  lr 6.88e-05  (12.8 it/s)
step 30200  loss 4.0119  train_top1 0.033  lr 6.81e-05  (13.8 it/s)
step 30300  loss 4.1321  train_top1 0.033  lr 6.73e-05  (13.8 it/s)
step 30400  loss 4.3732  train_top1 0.029  lr 6.66e-05  (13.8 it/s)
step 30500  loss 4.0291  train_top1 0.033  lr 6.59e-05  (13.9 it/s)
  VAL step 30500  loss 4.1175  top1 0.032  top8 0.170
step 30600  loss 4.1529  train_top1 0.031  lr 6.52e-05  (13.1 it/s)
step 30700  loss 4.0547  train_top1 0.041  lr 6.44e-05  (13.8 it/s)
step 30800  loss 4.0982  train_top1 0.053  lr 6.37e-05  (13.8 it/s)
step 30900  loss 4.4429  train_top1 0.027  lr 6.30e-05  (13.8 it/s)
step 31000  loss 4.3378  train_top1 0.025  lr 6.24e-05  (13.8 it/s)
  VAL step 31000  loss 4.1277  top1 0.033  top8 0.170
step 31100  loss 3.8683  train_top1 0.044  lr 6.17e-05  (13.1 it/s)
step 31200  loss 4.0348  train_top1 0.037  lr 6.10e-05  (13.9 it/s)
step 31300  loss 3.9730  train_top1 0.040  lr 6.03e-05  (13.8 it/s)
step 31400  loss 4.1877  train_top1 0.033  lr 5.96e-05  (13.8 it/s)
step 31500  loss 4.1347  train_top1 0.027  lr 5.90e-05  (13.8 it/s)
  VAL step 31500  loss 4.1164  top1 0.034  top8 0.172
step 31600  loss 4.0226  train_top1 0.035  lr 5.83e-05  (13.1 it/s)
step 31700  loss 4.1694  train_top1 0.045  lr 5.77e-05  (13.9 it/s)
step 31800  loss 4.3096  train_top1 0.035  lr 5.70e-05  (13.9 it/s)
step 31900  loss 4.0921  train_top1 0.037  lr 5.64e-05  (13.8 it/s)
step 32000  loss 4.0742  train_top1 0.043  lr 5.58e-05  (13.9 it/s)
  VAL step 32000  loss 4.1134  top1 0.033  top8 0.168
step 32100  loss 4.3182  train_top1 0.037  lr 5.52e-05  (13.2 it/s)
step 32200  loss 3.9432  train_top1 0.041  lr 5.46e-05  (13.8 it/s)
step 32300  loss 4.0367  train_top1 0.037  lr 5.39e-05  (13.8 it/s)
step 32400  loss 4.2783  train_top1 0.023  lr 5.34e-05  (13.9 it/s)
step 32500  loss 4.1742  train_top1 0.042  lr 5.28e-05  (13.8 it/s)
  VAL step 32500  loss 4.1107  top1 0.033  top8 0.172
step 32600  loss 4.1828  train_top1 0.031  lr 5.22e-05  (13.2 it/s)
step 32700  loss 4.2086  train_top1 0.027  lr 5.16e-05  (13.8 it/s)
step 32800  loss 3.9547  train_top1 0.035  lr 5.10e-05  (13.9 it/s)
step 32900  loss 4.2055  train_top1 0.021  lr 5.05e-05  (13.8 it/s)
step 33000  loss 4.6025  train_top1 0.027  lr 4.99e-05  (13.8 it/s)
  VAL step 33000  loss 4.1093  top1 0.030  top8 0.167
step 33100  loss 4.2892  train_top1 0.043  lr 4.93e-05  (13.1 it/s)
step 33200  loss 4.5357  train_top1 0.043  lr 4.88e-05  (13.8 it/s)
step 33300  loss 4.1794  train_top1 0.043  lr 4.83e-05  (13.8 it/s)
step 33400  loss 4.3854  train_top1 0.037  lr 4.77e-05  (13.8 it/s)
step 33500  loss 4.3970  train_top1 0.031  lr 4.72e-05  (13.9 it/s)
  VAL step 33500  loss 4.1113  top1 0.032  top8 0.164
step 33600  loss 4.0858  train_top1 0.025  lr 4.67e-05  (13.2 it/s)
step 33700  loss 4.1478  train_top1 0.043  lr 4.62e-05  (13.8 it/s)
step 33800  loss 4.0851  train_top1 0.035  lr 4.57e-05  (13.8 it/s)
step 33900  loss 4.3297  train_top1 0.027  lr 4.52e-05  (13.9 it/s)
step 34000  loss 4.0581  train_top1 0.043  lr 4.47e-05  (13.9 it/s)
  VAL step 34000  loss 4.1111  top1 0.032  top8 0.175
step 34100  loss 4.4337  train_top1 0.053  lr 4.42e-05  (13.1 it/s)
step 34200  loss 4.2505  train_top1 0.031  lr 4.38e-05  (13.8 it/s)
step 34300  loss 4.3479  train_top1 0.029  lr 4.33e-05  (13.8 it/s)
step 34400  loss 4.0421  train_top1 0.037  lr 4.29e-05  (13.8 it/s)
step 34500  loss 4.3268  train_top1 0.035  lr 4.24e-05  (13.9 it/s)
  VAL step 34500  loss 4.1060  top1 0.030  top8 0.170
step 34600  loss 4.3573  train_top1 0.033  lr 4.20e-05  (13.2 it/s)
step 34700  loss 4.0502  train_top1 0.028  lr 4.15e-05  (13.8 it/s)
step 34800  loss 4.4259  train_top1 0.023  lr 4.11e-05  (13.8 it/s)
step 34900  loss 4.6249  train_top1 0.039  lr 4.07e-05  (13.9 it/s)
step 35000  loss 4.1420  train_top1 0.037  lr 4.03e-05  (13.8 it/s)
  VAL step 35000  loss 4.1112  top1 0.035  top8 0.170
  ladder checkpoint -> lichess_gn_qm_full_step35000.pt
step 35100  loss 4.2792  train_top1 0.033  lr 3.99e-05  (12.8 it/s)
step 35200  loss 4.1339  train_top1 0.036  lr 3.95e-05  (13.8 it/s)
step 35300  loss 3.8976  train_top1 0.043  lr 3.91e-05  (13.8 it/s)
step 35400  loss 3.9729  train_top1 0.049  lr 3.87e-05  (13.8 it/s)
step 35500  loss 4.1646  train_top1 0.031  lr 3.83e-05  (13.9 it/s)
  VAL step 35500  loss 4.1082  top1 0.033  top8 0.168
step 35600  loss 4.2095  train_top1 0.021  lr 3.80e-05  (13.1 it/s)
step 35700  loss 4.2365  train_top1 0.047  lr 3.76e-05  (13.9 it/s)
step 35800  loss 4.1391  train_top1 0.033  lr 3.73e-05  (13.9 it/s)
step 35900  loss 4.1559  train_top1 0.047  lr 3.69e-05  (13.8 it/s)
step 36000  loss 4.0868  train_top1 0.038  lr 3.66e-05  (13.8 it/s)
  VAL step 36000  loss 4.1168  top1 0.031  top8 0.168
step 36100  loss 4.5333  train_top1 0.033  lr 3.63e-05  (13.2 it/s)
step 36200  loss 4.1160  train_top1 0.041  lr 3.60e-05  (13.8 it/s)
step 36300  loss 4.0506  train_top1 0.045  lr 3.57e-05  (13.8 it/s)
step 36400  loss 4.6077  train_top1 0.025  lr 3.54e-05  (13.8 it/s)
step 36500  loss 4.1168  train_top1 0.025  lr 3.51e-05  (13.9 it/s)
  VAL step 36500  loss 4.1069  top1 0.033  top8 0.167
step 36600  loss 4.2906  train_top1 0.030  lr 3.48e-05  (13.1 it/s)
step 36700  loss 4.1714  train_top1 0.029  lr 3.45e-05  (13.8 it/s)
step 36800  loss 4.4058  train_top1 0.029  lr 3.42e-05  (13.9 it/s)
step 36900  loss 4.3893  train_top1 0.024  lr 3.40e-05  (13.8 it/s)
step 37000  loss 4.0593  train_top1 0.051  lr 3.37e-05  (13.8 it/s)
  VAL step 37000  loss 4.1083  top1 0.030  top8 0.166
step 37100  loss 4.1358  train_top1 0.047  lr 3.35e-05  (13.1 it/s)
step 37200  loss 4.4782  train_top1 0.018  lr 3.33e-05  (13.8 it/s)
step 37300  loss 3.9847  train_top1 0.029  lr 3.30e-05  (13.8 it/s)
step 37400  loss 4.0209  train_top1 0.047  lr 3.28e-05  (13.8 it/s)
step 37500  loss 4.2788  train_top1 0.034  lr 3.26e-05  (13.8 it/s)
  VAL step 37500  loss 4.0997  top1 0.034  top8 0.171
step 37600  loss 4.4768  train_top1 0.031  lr 3.24e-05  (13.1 it/s)
step 37700  loss 4.3017  train_top1 0.016  lr 3.22e-05  (13.9 it/s)
step 37800  loss 4.1640  train_top1 0.030  lr 3.20e-05  (13.9 it/s)
step 37900  loss 4.1273  train_top1 0.039  lr 3.18e-05  (13.8 it/s)
step 38000  loss 4.1345  train_top1 0.033  lr 3.17e-05  (13.8 it/s)
  VAL step 38000  loss 4.1011  top1 0.036  top8 0.173
step 38100  loss 3.9548  train_top1 0.047  lr 3.15e-05  (13.2 it/s)
step 38200  loss 4.0025  train_top1 0.046  lr 3.13e-05  (13.8 it/s)
step 38300  loss 4.0725  train_top1 0.039  lr 3.12e-05  (13.9 it/s)
step 38400  loss 3.9907  train_top1 0.035  lr 3.11e-05  (13.9 it/s)
step 38500  loss 4.0538  train_top1 0.030  lr 3.09e-05  (13.8 it/s)
  VAL step 38500  loss 4.1034  top1 0.034  top8 0.173
step 38600  loss 4.1666  train_top1 0.033  lr 3.08e-05  (13.1 it/s)
step 38700  loss 4.2389  train_top1 0.035  lr 3.07e-05  (13.8 it/s)
step 38800  loss 4.1547  train_top1 0.036  lr 3.06e-05  (13.8 it/s)
step 38900  loss 4.1602  train_top1 0.041  lr 3.05e-05  (13.9 it/s)
step 39000  loss 4.4174  train_top1 0.041  lr 3.04e-05  (13.8 it/s)
  VAL step 39000  loss 4.0971  top1 0.035  top8 0.171
step 39100  loss 4.1307  train_top1 0.029  lr 3.03e-05  (13.1 it/s)
step 39200  loss 4.2350  train_top1 0.035  lr 3.03e-05  (13.8 it/s)
step 39300  loss 4.0735  train_top1 0.035  lr 3.02e-05  (13.8 it/s)
step 39400  loss 4.3367  train_top1 0.035  lr 3.02e-05  (13.9 it/s)
step 39500  loss 4.0039  train_top1 0.045  lr 3.01e-05  (13.9 it/s)
  VAL step 39500  loss 4.1001  top1 0.035  top8 0.171
step 39600  loss 3.9834  train_top1 0.049  lr 3.01e-05  (13.2 it/s)
step 39700  loss 4.0143  train_top1 0.035  lr 3.00e-05  (13.8 it/s)
step 39800  loss 4.1170  train_top1 0.027  lr 3.00e-05  (13.8 it/s)
step 39900  loss 4.3259  train_top1 0.031  lr 3.00e-05  (13.8 it/s)
step 40000  loss 3.9779  train_top1 0.045  lr 3.00e-05  (13.8 it/s)
  VAL step 40000  loss 4.0971  top1 0.033  top8 0.168
zgoal MATE_W: 2048 checkmate finals
zgoal MATE_B: 2048 checkmate finals
saved data/derived/sep/lichess_gn_qm_full.pt
VERDICT VAL_TOP1=0.033 VAL_TOP8=0.168 (chance 0.0020)
VERDICT REACH_SLOPE_WON=0.231 (n=200) REACH_SLOPE_LOST=0.117 (n=200)
VERDICT DIFF_SLOPE_WON=-0.100 DIFF_SLOPE_LOST=-0.296 (won-lost separation is the outcome signal; both were negative at step 2000)
