# launched : Sun Jul 19 22:03:46 PDT 2026
# host     : Kavehs-MacBook-Pro.local
# cwd      : /Users/kav/code/remote/github/catspace
# command  : .venv/bin/python -u experiments/gen_lichess_nearmate.py --workers 9 --cap 60000
# ---
[stage] scanning 56 shards for <=5-piece positions (9 workers, cap 60000)
  1071 near-mate positions (17/s)
  2142 near-mate positions (35/s)
  3213 near-mate positions (52/s)
  4284 near-mate positions (69/s)
  5355 near-mate positions (86/s)
  6426 near-mate positions (104/s)
  7497 near-mate positions (121/s)
  8568 near-mate positions (138/s)
  9639 near-mate positions (155/s)
  10710 near-mate positions (97/s)
  11781 near-mate positions (107/s)
  12852 near-mate positions (116/s)
  13923 near-mate positions (126/s)
  14994 near-mate positions (127/s)
  16065 near-mate positions (136/s)
  17136 near-mate positions (141/s)
  18207 near-mate positions (150/s)
  19278 near-mate positions (159/s)
  20349 near-mate positions (114/s)
  21420 near-mate positions (120/s)
  22491 near-mate positions (126/s)
  23562 near-mate positions (132/s)
  24633 near-mate positions (139/s)
  25704 near-mate positions (145/s)
  26775 near-mate positions (145/s)
  27846 near-mate positions (151/s)
  28917 near-mate positions (157/s)
  29988 near-mate positions (138/s)
  31059 near-mate positions (143/s)
  32130 near-mate positions (148/s)
  33201 near-mate positions (152/s)
  34272 near-mate positions (154/s)
  35343 near-mate positions (159/s)
  36414 near-mate positions (159/s)
  37485 near-mate positions (159/s)
  38556 near-mate positions (160/s)
  39627 near-mate positions (149/s)
  40698 near-mate positions (150/s)
  41769 near-mate positions (148/s)
  42840 near-mate positions (152/s)
  43911 near-mate positions (155/s)
  44982 near-mate positions (159/s)
  46053 near-mate positions (163/s)
  47124 near-mate positions (167/s)
  48195 near-mate positions (167/s)
  49266 near-mate positions (155/s)
  50337 near-mate positions (152/s)
  51408 near-mate positions (155/s)
  52479 near-mate positions (158/s)
  53550 near-mate positions (161/s)
  54621 near-mate positions (164/s)
  55692 near-mate positions (161/s)
  56763 near-mate positions (164/s)
  57834 near-mate positions (168/s)
  58905 near-mate positions (164/s)
  59976 near-mate positions (164/s)
[stage] 59976 positions: 367.5s
VERDICT LICHESS_NEARMATE n=59976 won=19846 draw=55999 dtm[min=1 med=20 max=197] -> data/derived/lichess_nearmate.npz
