[gen] ALL tablebase classes on disk: ['KBBBvK', 'KBBNvK', 'KBBPvK', 'KBBvK', 'KBBvKB', 'KBBvKN', 'KBBvKP', 'KBBvKQ', 'KBBvKR', 'KBNNvK', 'KBNPvK', 'KBNPvKR', 'KBNvK', 'KBNvKB', 'KBNvKN', 'KBNvKP', 'KBNvKQ', 'KBNvKR', 'KBPPvK', 'KBPvK', 'KBPvKB', 'KBPvKN', 'KBPvKP', 'KBPvKQ', 'KBPvKR', 'KBvK', 'KBvKB', 'KBvKN', 'KBvKP', 'KNNNvK', 'KNNPvK', 'KNNvK', 'KNNvKB', 'KNNvKN', 'KNNvKP', 'KNNvKQ', 'KNNvKR', 'KNPPvK', 'KNPvK', 'KNPvKB', 'KNPvKN', 'KNPvKP', 'KNPvKQ', 'KNPvKR', 'KNvK', 'KNvKN', 'KNvKP', 'KPPPvK', 'KPPvK', 'KPPvKB', 'KPPvKN', 'KPPvKP', 'KPPvKQ', 'KPPvKR', 'KPvK', 'KPvKP', 'KQBBvK', 'KQBNvK', 'KQBPvK', 'KQBvK', 'KQBvKB', 'KQBvKN', 'KQBvKP', 'KQBvKQ', 'KQBvKR', 'KQNNvK', 'KQNPvK', 'KQNvK', 'KQNvKB', 'KQNvKN', 'KQNvKP', 'KQNvKQ', 'KQNvKR', 'KQPPvK', 'KQPvK', 'KQPvKB', 'KQPvKN', 'KQPvKP', 'KQPvKQ', 'KQPvKR', 'KQQBvK', 'KQQNvK', 'KQQPvK', 'KQQQvK', 'KQQRvK', 'KQQvK', 'KQQvKB', 'KQQvKN', 'KQQvKP', 'KQQvKQ', 'KQQvKR', 'KQRBvK', 'KQRNvK', 'KQRPvK', 'KQRRvK', 'KQRvK', 'KQRvKB', 'KQRvKN', 'KQRvKP', 'KQRvKQ', 'KQRvKR', 'KQvK', 'KQvKB', 'KQvKN', 'KQvKP', 'KQvKQ', 'KQvKR', 'KRBBvK', 'KRBNvK', 'KRBPvK', 'KRBvK', 'KRBvKB', 'KRBvKN', 'KRBvKP', 'KRBvKQ', 'KRBvKR', 'KRNNvK', 'KRNPvK', 'KRNvK', 'KRNvKB', 'KRNvKN', 'KRNvKP', 'KRNvKQ', 'KRNvKR', 'KRPPvK', 'KRPvK', 'KRPvKB', 'KRPvKN', 'KRPvKP', 'KRPvKQ', 'KRPvKR', 'KRRBvK', 'KRRNvK', 'KRRPvK', 'KRRRvK', 'KRRvK', 'KRRvKB', 'KRRvKBN', 'KRRvKBP', 'KRRvKN', 'KRRvKNP', 'KRRvKP', 'KRRvKQ', 'KRRvKR', 'KRvK', 'KRvKB', 'KRvKN', 'KRvKP', 'KRvKR']
[stage] DTM gen: 149 materials x 300 = 44700 target across 3 workers (447 chunks)
  chunk done: KBBBvK +100  total 100/44700  (60/s)
  chunk done: KBBNvK +100  total 200/44700  (45/s)
  chunk done: KBBBvK +100  total 300/44700  (10/s)
  chunk done: KBBBvK +100  total 400/44700  (13/s)
  chunk done: KBBNvK +100  total 500/44700  (10/s)
  chunk done: KBBPvK +100  total 600/44700  (11/s)
  chunk done: KBBPvK +100  total 700/44700  (12/s)
  chunk done: KBBvK +100  total 800/44700  (13/s)
  chunk done: KBBvK +100  total 900/44700  (12/s)
  chunk done: KBBNvK +100  total 1000/44700  (13/s)
  chunk done: KBBvKB +100  total 1100/44700  (14/s)
  chunk done: KBBvKB +100  total 1200/44700  (15/s)
  chunk done: KBBPvK +100  total 1300/44700  (15/s)
  chunk done: KBBvK +100  total 1400/44700  (15/s)
  chunk done: KBBvKB +100  total 1500/44700  (15/s)
  chunk done: KBBvKN +100  total 1600/44700  (9/s)
  chunk done: KBBvKN +100  total 1700/44700  (9/s)
  chunk done: KBBvKN +100  total 1800/44700  (9/s)
  chunk done: KBBvKP +100  total 1900/44700  (7/s)
  chunk done: KBBvKP +100  total 2000/44700  (7/s)
  chunk done: KBBvKP +100  total 2100/44700  (7/s)
  chunk done: KBBvKQ +100  total 2200/44700  (7/s)
  chunk done: KBBvKQ +100  total 2300/44700  (8/s)
  chunk done: KBBvKQ +100  total 2400/44700  (8/s)
  chunk done: KBBvKR +100  total 2500/44700  (8/s)
  chunk done: KBBvKR +100  total 2600/44700  (8/s)
  chunk done: KBBvKR +100  total 2700/44700  (8/s)
  chunk done: KBNNvK +100  total 2800/44700  (8/s)
  chunk done: KBNNvK +100  total 2900/44700  (8/s)
  chunk done: KBNNvK +100  total 3000/44700  (8/s)
  chunk done: KBNPvK +100  total 3100/44700  (8/s)
  chunk done: KBNPvK +100  total 3200/44700  (8/s)
  chunk done: KBNPvK +100  total 3300/44700  (8/s)
  chunk done: KBNPvKR +100  total 3400/44700  (8/s)
  chunk done: KBNPvKR +100  total 3500/44700  (8/s)
  chunk done: KBNPvKR +100  total 3600/44700  (8/s)
  chunk done: KBNvK +100  total 3700/44700  (8/s)
  chunk done: KBNvK +100  total 3800/44700  (8/s)
  chunk done: KBNvK +100  total 3900/44700  (8/s)
  chunk done: KBNvKB +100  total 4000/44700  (8/s)
  chunk done: KBNvKB +100  total 4100/44700  (8/s)
  chunk done: KBNvKB +100  total 4200/44700  (8/s)
  chunk done: KBNvKN +100  total 4300/44700  (8/s)
  chunk done: KBNvKN +100  total 4400/44700  (8/s)
  chunk done: KBNvKN +100  total 4500/44700  (8/s)
  chunk done: KBNvKP +100  total 4600/44700  (6/s)
  chunk done: KBNvKP +100  total 4700/44700  (6/s)
  chunk done: KBNvKP +100  total 4800/44700  (6/s)
  chunk done: KBNvKQ +100  total 4900/44700  (6/s)
  chunk done: KBNvKQ +100  total 5000/44700  (6/s)
  chunk done: KBNvKQ +100  total 5100/44700  (6/s)
  chunk done: KBNvKR +100  total 5200/44700  (6/s)
  chunk done: KBNvKR +100  total 5300/44700  (6/s)
  chunk done: KBNvKR +100  total 5400/44700  (6/s)
  chunk done: KBPPvK +100  total 5500/44700  (7/s)
  chunk done: KBPPvK +100  total 5600/44700  (7/s)
  chunk done: KBPPvK +100  total 5700/44700  (7/s)
  chunk done: KBPvK +100  total 5800/44700  (7/s)
  chunk done: KBPvK +100  total 5900/44700  (7/s)
  chunk done: KBPvK +100  total 6000/44700  (7/s)
  chunk done: KBPvKB +100  total 6100/44700  (7/s)
  chunk done: KBPvKB +100  total 6200/44700  (7/s)
  chunk done: KBPvKB +100  total 6300/44700  (7/s)
  chunk done: KBPvKN +100  total 6400/44700  (7/s)
  chunk done: KBPvKN +100  total 6500/44700  (7/s)
  chunk done: KBPvKN +100  total 6600/44700  (7/s)
  chunk done: KBPvKP +100  total 6700/44700  (7/s)
  chunk done: KBPvKP +100  total 6800/44700  (7/s)
  chunk done: KBPvKP +100  total 6900/44700  (7/s)
  chunk done: KBPvKQ +100  total 7000/44700  (7/s)
  chunk done: KBPvKQ +100  total 7100/44700  (7/s)
  chunk done: KBPvKQ +100  total 7200/44700  (7/s)
  chunk done: KBPvKR +100  total 7300/44700  (7/s)
  chunk done: KBvK +0  total 7300/44700  (7/s)
  chunk done: KBPvKR +100  total 7400/44700  (7/s)
  chunk done: KBPvKR +100  total 7500/44700  (7/s)
  chunk done: KBvK +0  total 7500/44700  (7/s)
  chunk done: KBvKB +4  total 7504/44700  (7/s)
  chunk done: KBvKB +1  total 7505/44700  (7/s)
  chunk done: KBvK +0  total 7505/44700  (7/s)
  chunk done: KBvKN +0  total 7505/44700  (7/s)
  chunk done: KBvKN +0  total 7505/44700  (7/s)
  chunk done: KBvKB +4  total 7509/44700  (7/s)
  chunk done: KBvKN +0  total 7509/44700  (7/s)
  chunk done: KBvKP +1  total 7510/44700  (7/s)
  chunk done: KBvKP +1  total 7511/44700  (7/s)
  chunk done: KBvKP +0  total 7511/44700  (7/s)
  chunk done: KNNNvK +100  total 7611/44700  (7/s)
  chunk done: KNNNvK +100  total 7711/44700  (7/s)
  chunk done: KNNNvK +100  total 7811/44700  (7/s)
  chunk done: KNNPvK +100  total 7911/44700  (7/s)
  chunk done: KNNPvK +100  total 8011/44700  (7/s)
  chunk done: KNNPvK +100  total 8111/44700  (7/s)
  chunk done: KNNvK +2  total 8113/44700  (7/s)
  chunk done: KNNvK +1  total 8114/44700  (7/s)
  chunk done: KNNvK +1  total 8115/44700  (7/s)
  chunk done: KNNvKB +9  total 8124/44700  (7/s)
  chunk done: KNNvKB +8  total 8132/44700  (7/s)
  chunk done: KNNvKN +27  total 8159/44700  (7/s)
  chunk done: KNNvKB +9  total 8168/44700  (7/s)
  chunk done: KNNvKN +27  total 8195/44700  (7/s)
  chunk done: KNNvKN +24  total 8219/44700  (7/s)
  chunk done: KNNvKP +100  total 8319/44700  (7/s)
  chunk done: KNNvKP +100  total 8419/44700  (7/s)
  chunk done: KNNvKP +100  total 8519/44700  (7/s)
  chunk done: KNNvKQ +1  total 8520/44700  (6/s)
  chunk done: KNNvKR +4  total 8524/44700  (6/s)
  chunk done: KNNvKQ +3  total 8527/44700  (6/s)
  chunk done: KNNvKR +3  total 8530/44700  (6/s)
  chunk done: KNNvKR +1  total 8531/44700  (6/s)
  chunk done: KNNvKQ +0  total 8531/44700  (6/s)
  chunk done: KNPPvK +100  total 8631/44700  (6/s)
  chunk done: KNPPvK +100  total 8731/44700  (6/s)
  chunk done: KNPPvK +100  total 8831/44700  (6/s)
  chunk done: KNPvK +100  total 8931/44700  (6/s)
  chunk done: KNPvK +100  total 9031/44700  (7/s)
  chunk done: KNPvK +100  total 9131/44700  (7/s)
  chunk done: KNPvKB +100  total 9231/44700  (7/s)
  chunk done: KNPvKB +100  total 9331/44700  (7/s)
  chunk done: KNPvKB +100  total 9431/44700  (7/s)
  chunk done: KNPvKN +100  total 9531/44700  (7/s)
  chunk done: KNPvKN +100  total 9631/44700  (7/s)
  chunk done: KNPvKN +100  total 9731/44700  (7/s)
  chunk done: KNPvKP +100  total 9831/44700  (7/s)
  chunk done: KNPvKP +100  total 9931/44700  (7/s)
  chunk done: KNPvKP +100  total 10031/44700  (7/s)
  chunk done: KNPvKQ +100  total 10131/44700  (7/s)
  chunk done: KNPvKQ +100  total 10231/44700  (7/s)
  chunk done: KNPvKQ +100  total 10331/44700  (7/s)
  chunk done: KNPvKR +100  total 10431/44700  (7/s)
  chunk done: KNPvKR +100  total 10531/44700  (7/s)
  chunk done: KNPvKR +100  total 10631/44700  (7/s)
  chunk done: KNvK +0  total 10631/44700  (7/s)
  chunk done: KNvK +0  total 10631/44700  (7/s)
  chunk done: KNvKN +0  total 10631/44700  (7/s)
  chunk done: KNvK +0  total 10631/44700  (7/s)
  chunk done: KNvKN +0  total 10631/44700  (7/s)
  chunk done: KNvKP +2  total 10633/44700  (7/s)
  chunk done: KNvKN +1  total 10634/44700  (7/s)
  chunk done: KNvKP +0  total 10634/44700  (7/s)
  chunk done: KNvKP +2  total 10636/44700  (7/s)
  chunk done: KPPPvK +100  total 10736/44700  (7/s)
  chunk done: KPPvK +100  total 10836/44700  (7/s)
  chunk done: KPPPvK +100  total 10936/44700  (7/s)
  chunk done: KPPPvK +100  total 11036/44700  (7/s)
  chunk done: KPPvK +100  total 11136/44700  (7/s)
  chunk done: KPPvK +100  total 11236/44700  (7/s)
  chunk done: KPPvKB +100  total 11336/44700  (7/s)
  chunk done: KPPvKB +100  total 11436/44700  (7/s)
  chunk done: KPPvKB +100  total 11536/44700  (7/s)
  chunk done: KPPvKN +100  total 11636/44700  (7/s)
  chunk done: KPPvKN +100  total 11736/44700  (7/s)
  chunk done: KPPvKP +100  total 11836/44700  (7/s)
  chunk done: KPPvKN +100  total 11936/44700  (7/s)
  chunk done: KPPvKP +100  total 12036/44700  (7/s)
  chunk done: KPPvKQ +100  total 12136/44700  (7/s)
  chunk done: KPPvKP +100  total 12236/44700  (7/s)
  chunk done: KPPvKQ +100  total 12336/44700  (7/s)
  chunk done: KPPvKQ +100  total 12436/44700  (7/s)
  chunk done: KPPvKR +100  total 12536/44700  (7/s)
  chunk done: KPvK +100  total 12636/44700  (7/s)
  chunk done: KPvK +100  total 12736/44700  (7/s)
  chunk done: KPvK +100  total 12836/44700  (7/s)
  chunk done: KPPvKR +100  total 12936/44700  (7/s)
  chunk done: KPPvKR +100  total 13036/44700  (7/s)
  chunk done: KPvKP +100  total 13136/44700  (7/s)
  chunk done: KPvKP +100  total 13236/44700  (7/s)
  chunk done: KPvKP +100  total 13336/44700  (7/s)
  chunk done: KQBBvK +100  total 13436/44700  (7/s)
  chunk done: KQBBvK +100  total 13536/44700  (7/s)
  chunk done: KQBBvK +100  total 13636/44700  (7/s)
  chunk done: KQBNvK +100  total 13736/44700  (7/s)
  chunk done: KQBNvK +100  total 13836/44700  (7/s)
  chunk done: KQBNvK +100  total 13936/44700  (7/s)
  chunk done: KQBPvK +100  total 14036/44700  (7/s)
  chunk done: KQBPvK +100  total 14136/44700  (7/s)
  chunk done: KQBvK +100  total 14236/44700  (7/s)
  chunk done: KQBPvK +100  total 14336/44700  (8/s)
  chunk done: KQBvK +100  total 14436/44700  (7/s)
  chunk done: KQBvK +100  total 14536/44700  (8/s)
  chunk done: KQBvKB +100  total 14636/44700  (7/s)
  chunk done: KQBvKB +100  total 14736/44700  (8/s)
  chunk done: KQBvKB +100  total 14836/44700  (8/s)
  chunk done: KQBvKN +100  total 14936/44700  (8/s)
  chunk done: KQBvKN +100  total 15036/44700  (8/s)
  chunk done: KQBvKP +100  total 15136/44700  (8/s)
  chunk done: KQBvKN +100  total 15236/44700  (8/s)
  chunk done: KQBvKP +100  total 15336/44700  (8/s)
  chunk done: KQBvKQ +100  total 15436/44700  (8/s)
  chunk done: KQBvKQ +100  total 15536/44700  (8/s)
  chunk done: KQBvKQ +100  total 15636/44700  (8/s)
  chunk done: KQBvKP +100  total 15736/44700  (8/s)
  chunk done: KQBvKR +100  total 15836/44700  (7/s)
  chunk done: KQBvKR +100  total 15936/44700  (8/s)
  chunk done: KQBvKR +100  total 16036/44700  (8/s)
  chunk done: KQNNvK +100  total 16136/44700  (8/s)
  chunk done: KQNNvK +100  total 16236/44700  (8/s)
  chunk done: KQNNvK +100  total 16336/44700  (8/s)
  chunk done: KQNPvK +100  total 16436/44700  (8/s)
  chunk done: KQNPvK +100  total 16536/44700  (8/s)
  chunk done: KQNPvK +100  total 16636/44700  (8/s)
  chunk done: KQNvK +100  total 16736/44700  (8/s)
  chunk done: KQNvK +100  total 16836/44700  (8/s)
  chunk done: KQNvK +100  total 16936/44700  (8/s)
  chunk done: KQNvKB +100  total 17036/44700  (8/s)
  chunk done: KQNvKB +100  total 17136/44700  (8/s)
  chunk done: KQNvKB +100  total 17236/44700  (8/s)
  chunk done: KQNvKN +100  total 17336/44700  (8/s)
  chunk done: KQNvKN +100  total 17436/44700  (8/s)
  chunk done: KQNvKN +100  total 17536/44700  (8/s)
  chunk done: KQNvKP +100  total 17636/44700  (8/s)
  chunk done: KQNvKP +100  total 17736/44700  (8/s)
  chunk done: KQNvKQ +100  total 17836/44700  (8/s)
  chunk done: KQNvKQ +100  total 17936/44700  (8/s)
  chunk done: KQNvKP +100  total 18036/44700  (8/s)
  chunk done: KQNvKQ +100  total 18136/44700  (8/s)
  chunk done: KQNvKR +100  total 18236/44700  (8/s)
  chunk done: KQPPvK +100  total 18336/44700  (8/s)
  chunk done: KQNvKR +100  total 18436/44700  (8/s)
  chunk done: KQPPvK +100  total 18536/44700  (8/s)
  chunk done: KQNvKR +100  total 18636/44700  (8/s)
  chunk done: KQPPvK +100  total 18736/44700  (8/s)
  chunk done: KQPvK +100  total 18836/44700  (8/s)
  chunk done: KQPvK +100  total 18936/44700  (8/s)
  chunk done: KQPvK +100  total 19036/44700  (8/s)
  chunk done: KQPvKB +100  total 19136/44700  (8/s)
  chunk done: KQPvKB +100  total 19236/44700  (8/s)
  chunk done: KQPvKB +100  total 19336/44700  (8/s)
  chunk done: KQPvKN +100  total 19436/44700  (8/s)
  chunk done: KQPvKN +100  total 19536/44700  (8/s)
  chunk done: KQPvKN +100  total 19636/44700  (8/s)
  chunk done: KQPvKP +100  total 19736/44700  (8/s)
  chunk done: KQPvKP +100  total 19836/44700  (8/s)
  chunk done: KQPvKP +100  total 19936/44700  (8/s)
  chunk done: KQPvKQ +100  total 20036/44700  (8/s)
  chunk done: KQPvKQ +100  total 20136/44700  (8/s)
  chunk done: KQPvKQ +100  total 20236/44700  (8/s)
  chunk done: KQPvKR +100  total 20336/44700  (8/s)
  chunk done: KQQBvK +100  total 20436/44700  (8/s)
  chunk done: KQPvKR +100  total 20536/44700  (8/s)
  chunk done: KQPvKR +100  total 20636/44700  (8/s)
  chunk done: KQQBvK +100  total 20736/44700  (8/s)
  chunk done: KQQNvK +100  total 20836/44700  (8/s)
  chunk done: KQQNvK +100  total 20936/44700  (8/s)
  chunk done: KQQBvK +100  total 21036/44700  (8/s)
  chunk done: KQQNvK +100  total 21136/44700  (8/s)
  chunk done: KQQPvK +100  total 21236/44700  (8/s)
  chunk done: KQQQvK +100  total 21336/44700  (8/s)
  chunk done: KQQPvK +100  total 21436/44700  (8/s)
  chunk done: KQQQvK +100  total 21536/44700  (8/s)
  chunk done: KQQPvK +100  total 21636/44700  (8/s)
  chunk done: KQQQvK +100  total 21736/44700  (8/s)
  chunk done: KQQRvK +100  total 21836/44700  (8/s)
  chunk done: KQQRvK +100  total 21936/44700  (8/s)
  chunk done: KQQvK +100  total 22036/44700  (8/s)
  chunk done: KQQRvK +100  total 22136/44700  (8/s)
  chunk done: KQQvK +100  total 22236/44700  (8/s)
  chunk done: KQQvK +100  total 22336/44700  (8/s)
  chunk done: KQQvKB +100  total 22436/44700  (8/s)
  chunk done: KQQvKB +100  total 22536/44700  (8/s)
  chunk done: KQQvKB +100  total 22636/44700  (8/s)
  chunk done: KQQvKN +100  total 22736/44700  (8/s)
  chunk done: KQQvKN +100  total 22836/44700  (8/s)
  chunk done: KQQvKP +100  total 22936/44700  (8/s)
  chunk done: KQQvKN +100  total 23036/44700  (8/s)
  chunk done: KQQvKP +100  total 23136/44700  (8/s)
  chunk done: KQQvKQ +100  total 23236/44700  (8/s)
  chunk done: KQQvKP +100  total 23336/44700  (8/s)
  chunk done: KQQvKQ +100  total 23436/44700  (8/s)
  chunk done: KQQvKQ +100  total 23536/44700  (8/s)
  chunk done: KQQvKR +100  total 23636/44700  (8/s)
  chunk done: KQQvKR +100  total 23736/44700  (8/s)
  chunk done: KQQvKR +100  total 23836/44700  (8/s)
  chunk done: KQRBvK +100  total 23936/44700  (8/s)
  chunk done: KQRBvK +100  total 24036/44700  (8/s)
  chunk done: KQRBvK +100  total 24136/44700  (8/s)
  chunk done: KQRNvK +100  total 24236/44700  (8/s)
  chunk done: KQRNvK +100  total 24336/44700  (8/s)
  chunk done: KQRNvK +100  total 24436/44700  (8/s)
  chunk done: KQRPvK +100  total 24536/44700  (8/s)
  chunk done: KQRPvK +100  total 24636/44700  (8/s)
  chunk done: KQRPvK +100  total 24736/44700  (8/s)
  chunk done: KQRRvK +100  total 24836/44700  (8/s)
  chunk done: KQRRvK +100  total 24936/44700  (9/s)
  chunk done: KQRRvK +100  total 25036/44700  (9/s)
  chunk done: KQRvK +100  total 25136/44700  (9/s)
  chunk done: KQRvK +100  total 25236/44700  (9/s)
  chunk done: KQRvK +100  total 25336/44700  (9/s)
  chunk done: KQRvKB +100  total 25436/44700  (9/s)
  chunk done: KQRvKB +100  total 25536/44700  (9/s)
  chunk done: KQRvKB +100  total 25636/44700  (9/s)
  chunk done: KQRvKN +100  total 25736/44700  (9/s)
  chunk done: KQRvKN +100  total 25836/44700  (9/s)
  chunk done: KQRvKN +100  total 25936/44700  (9/s)
  chunk done: KQRvKP +100  total 26036/44700  (9/s)
  chunk done: KQRvKP +100  total 26136/44700  (9/s)
  chunk done: KQRvKP +100  total 26236/44700  (9/s)
  chunk done: KQRvKQ +100  total 26336/44700  (9/s)
  chunk done: KQRvKQ +100  total 26436/44700  (9/s)
  chunk done: KQRvKQ +100  total 26536/44700  (9/s)
  chunk done: KQRvKR +100  total 26636/44700  (9/s)
  chunk done: KQRvKR +100  total 26736/44700  (9/s)
  chunk done: KQvK +100  total 26836/44700  (9/s)
  chunk done: KQvK +100  total 26936/44700  (9/s)
  chunk done: KQRvKR +100  total 27036/44700  (9/s)
  chunk done: KQvK +100  total 27136/44700  (9/s)
  chunk done: KQvKB +100  total 27236/44700  (9/s)
  chunk done: KQvKB +100  total 27336/44700  (9/s)
  chunk done: KQvKB +100  total 27436/44700  (9/s)
  chunk done: KQvKN +100  total 27536/44700  (9/s)
  chunk done: KQvKN +100  total 27636/44700  (9/s)
  chunk done: KQvKN +100  total 27736/44700  (9/s)
  chunk done: KQvKP +100  total 27836/44700  (9/s)
  chunk done: KQvKP +100  total 27936/44700  (9/s)
  chunk done: KQvKQ +100  total 28036/44700  (9/s)
  chunk done: KQvKP +100  total 28136/44700  (9/s)
  chunk done: KQvKQ +100  total 28236/44700  (9/s)
  chunk done: KQvKQ +100  total 28336/44700  (9/s)
  chunk done: KQvKR +100  total 28436/44700  (8/s)
  chunk done: KQvKR +100  total 28536/44700  (8/s)
  chunk done: KQvKR +100  total 28636/44700  (8/s)
  chunk done: KRBBvK +100  total 28736/44700  (8/s)
  chunk done: KRBBvK +100  total 28836/44700  (8/s)
  chunk done: KRBBvK +100  total 28936/44700  (8/s)
  chunk done: KRBNvK +100  total 29036/44700  (9/s)
  chunk done: KRBNvK +100  total 29136/44700  (8/s)
  chunk done: KRBPvK +100  total 29236/44700  (9/s)
  chunk done: KRBNvK +100  total 29336/44700  (9/s)
  chunk done: KRBvK +100  total 29436/44700  (9/s)
  chunk done: KRBPvK +100  total 29536/44700  (9/s)
  chunk done: KRBvK +100  total 29636/44700  (9/s)
  chunk done: KRBPvK +100  total 29736/44700  (9/s)
  chunk done: KRBvK +100  total 29836/44700  (9/s)
  chunk done: KRBvKB +100  total 29936/44700  (9/s)
  chunk done: KRBvKB +100  total 30036/44700  (9/s)
  chunk done: KRBvKB +100  total 30136/44700  (9/s)
  chunk done: KRBvKN +100  total 30236/44700  (8/s)
  chunk done: KRBvKN +100  total 30336/44700  (9/s)
  chunk done: KRBvKN +100  total 30436/44700  (9/s)
  chunk done: KRBvKP +100  total 30536/44700  (8/s)
  chunk done: KRBvKP +100  total 30636/44700  (8/s)
  chunk done: KRBvKP +100  total 30736/44700  (8/s)
  chunk done: KRBvKQ +100  total 30836/44700  (8/s)
  chunk done: KRBvKQ +100  total 30936/44700  (9/s)
  chunk done: KRBvKQ +100  total 31036/44700  (9/s)
  chunk done: KRBvKR +100  total 31136/44700  (9/s)
  chunk done: KRBvKR +100  total 31236/44700  (9/s)
  chunk done: KRBvKR +100  total 31336/44700  (9/s)
  chunk done: KRNNvK +100  total 31436/44700  (9/s)
  chunk done: KRNNvK +100  total 31536/44700  (9/s)
  chunk done: KRNNvK +100  total 31636/44700  (9/s)
  chunk done: KRNPvK +100  total 31736/44700  (9/s)
  chunk done: KRNPvK +100  total 31836/44700  (9/s)
  chunk done: KRNvK +100  total 31936/44700  (9/s)
  chunk done: KRNvK +100  total 32036/44700  (9/s)
  chunk done: KRNPvK +100  total 32136/44700  (9/s)
  chunk done: KRNvK +100  total 32236/44700  (9/s)
  chunk done: KRNvKB +100  total 32336/44700  (9/s)
  chunk done: KRNvKB +100  total 32436/44700  (9/s)
  chunk done: KRNvKB +100  total 32536/44700  (9/s)
  chunk done: KRNvKN +100  total 32636/44700  (9/s)
  chunk done: KRNvKN +100  total 32736/44700  (9/s)
  chunk done: KRNvKN +100  total 32836/44700  (9/s)
  chunk done: KRNvKP +100  total 32936/44700  (9/s)
  chunk done: KRNvKP +100  total 33036/44700  (9/s)
  chunk done: KRNvKP +100  total 33136/44700  (9/s)
  chunk done: KRNvKQ +100  total 33236/44700  (9/s)
  chunk done: KRNvKQ +100  total 33336/44700  (9/s)
  chunk done: KRNvKQ +100  total 33436/44700  (9/s)
  chunk done: KRNvKR +100  total 33536/44700  (9/s)
  chunk done: KRNvKR +100  total 33636/44700  (9/s)
  chunk done: KRNvKR +100  total 33736/44700  (9/s)
  chunk done: KRPPvK +100  total 33836/44700  (9/s)
  chunk done: KRPvK +100  total 33936/44700  (9/s)
  chunk done: KRPPvK +100  total 34036/44700  (9/s)
  chunk done: KRPPvK +100  total 34136/44700  (9/s)
  chunk done: KRPvK +100  total 34236/44700  (9/s)
  chunk done: KRPvK +100  total 34336/44700  (9/s)
  chunk done: KRPvKB +100  total 34436/44700  (9/s)
  chunk done: KRPvKB +100  total 34536/44700  (9/s)
  chunk done: KRPvKB +100  total 34636/44700  (9/s)
  chunk done: KRPvKN +100  total 34736/44700  (9/s)
  chunk done: KRPvKN +100  total 34836/44700  (9/s)
  chunk done: KRPvKN +100  total 34936/44700  (9/s)
  chunk done: KRPvKP +100  total 35036/44700  (9/s)
  chunk done: KRPvKQ +100  total 35136/44700  (9/s)
  chunk done: KRPvKP +100  total 35236/44700  (9/s)
  chunk done: KRPvKP +100  total 35336/44700  (9/s)
  chunk done: KRPvKQ +100  total 35436/44700  (9/s)
  chunk done: KRPvKQ +100  total 35536/44700  (9/s)
  chunk done: KRPvKR +100  total 35636/44700  (9/s)
  chunk done: KRPvKR +100  total 35736/44700  (9/s)
  chunk done: KRRBvK +100  total 35836/44700  (9/s)
  chunk done: KRPvKR +100  total 35936/44700  (9/s)
  chunk done: KRRBvK +100  total 36036/44700  (9/s)
  chunk done: KRRBvK +100  total 36136/44700  (9/s)
  chunk done: KRRNvK +100  total 36236/44700  (9/s)
  chunk done: KRRNvK +100  total 36336/44700  (9/s)
  chunk done: KRRNvK +100  total 36436/44700  (9/s)
  chunk done: KRRPvK +100  total 36536/44700  (9/s)
  chunk done: KRRPvK +100  total 36636/44700  (9/s)
  chunk done: KRRRvK +100  total 36736/44700  (9/s)
  chunk done: KRRRvK +100  total 36836/44700  (9/s)
  chunk done: KRRPvK +100  total 36936/44700  (9/s)
  chunk done: KRRRvK +100  total 37036/44700  (9/s)
  chunk done: KRRvK +100  total 37136/44700  (9/s)
  chunk done: KRRvK +100  total 37236/44700  (9/s)
  chunk done: KRRvK +100  total 37336/44700  (9/s)
  chunk done: KRRvKB +100  total 37436/44700  (9/s)
  chunk done: KRRvKB +100  total 37536/44700  (9/s)
  chunk done: KRRvKB +100  total 37636/44700  (9/s)
  chunk done: KRRvKBN +100  total 37736/44700  (9/s)
  chunk done: KRRvKBN +100  total 37836/44700  (9/s)
  chunk done: KRRvKBN +100  total 37936/44700  (9/s)
  chunk done: KRRvKBP +100  total 38036/44700  (9/s)
  chunk done: KRRvKBP +100  total 38136/44700  (9/s)
  chunk done: KRRvKBP +100  total 38236/44700  (9/s)
  chunk done: KRRvKN +100  total 38336/44700  (9/s)
  chunk done: KRRvKN +100  total 38436/44700  (9/s)
  chunk done: KRRvKN +100  total 38536/44700  (9/s)
  chunk done: KRRvKNP +100  total 38636/44700  (9/s)
  chunk done: KRRvKNP +100  total 38736/44700  (9/s)
  chunk done: KRRvKP +100  total 38836/44700  (9/s)
  chunk done: KRRvKNP +100  total 38936/44700  (9/s)
  chunk done: KRRvKQ +100  total 39036/44700  (9/s)
  chunk done: KRRvKQ +100  total 39136/44700  (9/s)
  chunk done: KRRvKP +100  total 39236/44700  (9/s)
  chunk done: KRRvKP +100  total 39336/44700  (9/s)
  chunk done: KRRvKQ +100  total 39436/44700  (9/s)
  chunk done: KRRvKR +100  total 39536/44700  (9/s)
  chunk done: KRvK +100  total 39636/44700  (9/s)
  chunk done: KRvK +100  total 39736/44700  (9/s)
  chunk done: KRRvKR +100  total 39836/44700  (9/s)
  chunk done: KRvK +100  total 39936/44700  (9/s)
  chunk done: KRRvKR +100  total 40036/44700  (9/s)
  chunk done: KRvKB +100  total 40136/44700  (9/s)
  chunk done: KRvKB +100  total 40236/44700  (9/s)
  chunk done: KRvKB +100  total 40336/44700  (9/s)
  chunk done: KRvKN +100  total 40436/44700  (9/s)
  chunk done: KRvKN +100  total 40536/44700  (9/s)
  chunk done: KRvKN +100  total 40636/44700  (9/s)
  chunk done: KRvKP +100  total 40736/44700  (9/s)
  chunk done: KRvKP +100  total 40836/44700  (9/s)
  chunk done: KRvKP +100  total 40936/44700  (9/s)
  chunk done: KRvKR +100  total 41036/44700  (9/s)
  chunk done: KRvKR +100  total 41136/44700  (9/s)
  chunk done: KRvKR +100  total 41236/44700  (9/s)
[stage] 41236 positions: 4591.1s  per-material {'KBBBvK': 300, 'KBBNvK': 300, 'KBBPvK': 300, 'KBBvK': 300, 'KBBvKB': 300, 'KBBvKN': 300, 'KBBvKP': 300, 'KBBvKQ': 300, 'KBBvKR': 300, 'KBNNvK': 300, 'KBNPvK': 300, 'KBNPvKR': 300, 'KBNvK': 300, 'KBNvKB': 300, 'KBNvKN': 300, 'KBNvKP': 300, 'KBNvKQ': 300, 'KBNvKR': 300, 'KBPPvK': 300, 'KBPvK': 300, 'KBPvKB': 300, 'KBPvKN': 300, 'KBPvKP': 300, 'KBPvKQ': 300, 'KBPvKR': 300, 'KBvK': 0, 'KBvKB': 9, 'KBvKN': 0, 'KBvKP': 2, 'KNNNvK': 300, 'KNNPvK': 300, 'KNNvK': 4, 'KNNvKB': 26, 'KNNvKN': 78, 'KNNvKP': 300, 'KNNvKQ': 4, 'KNNvKR': 8, 'KNPPvK': 300, 'KNPvK': 300, 'KNPvKB': 300, 'KNPvKN': 300, 'KNPvKP': 300, 'KNPvKQ': 300, 'KNPvKR': 300, 'KNvK': 0, 'KNvKN': 1, 'KNvKP': 4, 'KPPPvK': 300, 'KPPvK': 300, 'KPPvKB': 300, 'KPPvKN': 300, 'KPPvKP': 300, 'KPPvKQ': 300, 'KPPvKR': 300, 'KPvK': 300, 'KPvKP': 300, 'KQBBvK': 300, 'KQBNvK': 300, 'KQBPvK': 300, 'KQBvK': 300, 'KQBvKB': 300, 'KQBvKN': 300, 'KQBvKP': 300, 'KQBvKQ': 300, 'KQBvKR': 300, 'KQNNvK': 300, 'KQNPvK': 300, 'KQNvK': 300, 'KQNvKB': 300, 'KQNvKN': 300, 'KQNvKP': 300, 'KQNvKQ': 300, 'KQNvKR': 300, 'KQPPvK': 300, 'KQPvK': 300, 'KQPvKB': 300, 'KQPvKN': 300, 'KQPvKP': 300, 'KQPvKQ': 300, 'KQPvKR': 300, 'KQQBvK': 300, 'KQQNvK': 300, 'KQQPvK': 300, 'KQQQvK': 300, 'KQQRvK': 300, 'KQQvK': 300, 'KQQvKB': 300, 'KQQvKN': 300, 'KQQvKP': 300, 'KQQvKQ': 300, 'KQQvKR': 300, 'KQRBvK': 300, 'KQRNvK': 300, 'KQRPvK': 300, 'KQRRvK': 300, 'KQRvK': 300, 'KQRvKB': 300, 'KQRvKN': 300, 'KQRvKP': 300, 'KQRvKQ': 300, 'KQRvKR': 300, 'KQvK': 300, 'KQvKB': 300, 'KQvKN': 300, 'KQvKP': 300, 'KQvKQ': 300, 'KQvKR': 300, 'KRBBvK': 300, 'KRBNvK': 300, 'KRBPvK': 300, 'KRBvK': 300, 'KRBvKB': 300, 'KRBvKN': 300, 'KRBvKP': 300, 'KRBvKQ': 300, 'KRBvKR': 300, 'KRNNvK': 300, 'KRNPvK': 300, 'KRNvK': 300, 'KRNvKB': 300, 'KRNvKN': 300, 'KRNvKP': 300, 'KRNvKQ': 300, 'KRNvKR': 300, 'KRPPvK': 300, 'KRPvK': 300, 'KRPvKB': 300, 'KRPvKN': 300, 'KRPvKP': 0, 'KRPvKQ': 0, 'KRPvKR': 0, 'KRRBvK': 0, 'KRRNvK': 0, 'KRRPvK': 0, 'KRRRvK': 0, 'KRRvK': 0, 'KRRvKB': 0, 'KRRvKBN': 0, 'KRRvKBP': 0, 'KRRvKN': 0, 'KRRvKNP': 0, 'KRRvKP': 0, 'KRRvKQ': 0, 'KRRvKR': 0, 'KRvK': 0, 'KRvKB': 0, 'KRvKN': 0, 'KRvKP': 0, 'KRvKR': 0}
VERDICT DTM_DATA n=41236 dtm[min=1 med=25 max=197] workers=3 -> data/derived/nucleus/round_0.npz
