[gen] ALL tablebase classes on disk: ['KBBBvK', 'KBBNvK', 'KBBPvK', 'KBBvK', 'KBBvKB', 'KBBvKN', 'KBBvKP', 'KBBvKQ', 'KBBvKR', 'KBNNvK', 'KBNPvK', 'KBNPvKR', 'KBNvK', 'KBNvKB', 'KBNvKN', 'KBNvKP', 'KBNvKQ', 'KBNvKR', 'KBPPvK', 'KBPvK', 'KBPvKB', 'KBPvKN', 'KBPvKP', 'KBPvKQ', 'KBPvKR', 'KBvK', 'KBvKB', 'KBvKN', 'KBvKP', 'KNNNvK', 'KNNPvK', 'KNNvK', 'KNNvKB', 'KNNvKN', 'KNNvKP', 'KNNvKQ', 'KNNvKR', 'KNPPvK', 'KNPvK', 'KNPvKB', 'KNPvKN', 'KNPvKP', 'KNPvKQ', 'KNPvKR', 'KNvK', 'KNvKN', 'KNvKP', 'KPPPvK', 'KPPvK', 'KPPvKB', 'KPPvKN', 'KPPvKP', 'KPPvKQ', 'KPPvKR', 'KPvK', 'KPvKP', 'KQBBvK', 'KQBNvK', 'KQBPvK', 'KQBvK', 'KQBvKB', 'KQBvKN', 'KQBvKP', 'KQBvKQ', 'KQBvKR', 'KQNNvK', 'KQNPvK', 'KQNvK', 'KQNvKB', 'KQNvKN', 'KQNvKP', 'KQNvKQ', 'KQNvKR', 'KQPPvK', 'KQPvK', 'KQPvKB', 'KQPvKN', 'KQPvKP', 'KQPvKQ', 'KQPvKR', 'KQQBvK', 'KQQNvK', 'KQQPvK', 'KQQQvK', 'KQQRvK', 'KQQvK', 'KQQvKB', 'KQQvKN', 'KQQvKP', 'KQQvKQ', 'KQQvKR', 'KQRBvK', 'KQRNvK', 'KQRPvK', 'KQRRvK', 'KQRvK', 'KQRvKB', 'KQRvKN', 'KQRvKP', 'KQRvKQ', 'KQRvKR', 'KQvK', 'KQvKB', 'KQvKN', 'KQvKP', 'KQvKQ', 'KQvKR', 'KRBBvK', 'KRBNvK', 'KRBPvK', 'KRBvK', 'KRBvKB', 'KRBvKN', 'KRBvKP', 'KRBvKQ', 'KRBvKR', 'KRNNvK', 'KRNPvK', 'KRNvK', 'KRNvKB', 'KRNvKN', 'KRNvKP', 'KRNvKQ', 'KRNvKR', 'KRPPvK', 'KRPvK', 'KRPvKB', 'KRPvKN', 'KRPvKP', 'KRPvKQ', 'KRPvKR', 'KRRBvK', 'KRRNvK', 'KRRPvK', 'KRRRvK', 'KRRvK', 'KRRvKB', 'KRRvKBN', 'KRRvKBP', 'KRRvKN', 'KRRvKNP', 'KRRvKP', 'KRRvKQ', 'KRRvKR', 'KRvK', 'KRvKB', 'KRvKN', 'KRvKP', 'KRvKR']
[stage] DTM gen: 149 materials x 6000 = 894000 target across 3 workers (447 chunks)
  chunk done: KBBBvK +2000  total 2000/894000  (4/s)
  chunk done: KBBBvK +2000  total 4000/894000  (9/s)
  chunk done: KBBBvK +2000  total 6000/894000  (13/s)
/opt/homebrew/Cellar/python@3.14/3.14.5/Frameworks/Python.framework/Versions/3.14/lib/python3.14/multiprocessing/resource_tracker.py:475: UserWarning: resource_tracker: There appear to be 5 leaked semaphore objects to clean up at shutdown: {'/mp-fne3kiwv', '/mp-psk6bmf1', '/mp-3fw9mb_d', '/mp-a5pv51z6', '/mp-sjeraja8'}
  warnings.warn(
[gen] ALL tablebase classes on disk: ['KBBBvK', 'KBBNvK', 'KBBPvK', 'KBBvK', 'KBBvKB', 'KBBvKN', 'KBBvKP', 'KBBvKQ', 'KBBvKR', 'KBNNvK', 'KBNPvK', 'KBNPvKR', 'KBNvK', 'KBNvKB', 'KBNvKN', 'KBNvKP', 'KBNvKQ', 'KBNvKR', 'KBPPvK', 'KBPvK', 'KBPvKB', 'KBPvKN', 'KBPvKP', 'KBPvKQ', 'KBPvKR', 'KBvK', 'KBvKB', 'KBvKN', 'KBvKP', 'KNNNvK', 'KNNPvK', 'KNNvK', 'KNNvKB', 'KNNvKN', 'KNNvKP', 'KNNvKQ', 'KNNvKR', 'KNPPvK', 'KNPvK', 'KNPvKB', 'KNPvKN', 'KNPvKP', 'KNPvKQ', 'KNPvKR', 'KNvK', 'KNvKN', 'KNvKP', 'KPPPvK', 'KPPvK', 'KPPvKB', 'KPPvKN', 'KPPvKP', 'KPPvKQ', 'KPPvKR', 'KPvK', 'KPvKP', 'KQBBvK', 'KQBNvK', 'KQBPvK', 'KQBvK', 'KQBvKB', 'KQBvKN', 'KQBvKP', 'KQBvKQ', 'KQBvKR', 'KQNNvK', 'KQNPvK', 'KQNvK', 'KQNvKB', 'KQNvKN', 'KQNvKP', 'KQNvKQ', 'KQNvKR', 'KQPPvK', 'KQPvK', 'KQPvKB', 'KQPvKN', 'KQPvKP', 'KQPvKQ', 'KQPvKR', 'KQQBvK', 'KQQNvK', 'KQQPvK', 'KQQQvK', 'KQQRvK', 'KQQvK', 'KQQvKB', 'KQQvKN', 'KQQvKP', 'KQQvKQ', 'KQQvKR', 'KQRBvK', 'KQRNvK', 'KQRPvK', 'KQRRvK', 'KQRvK', 'KQRvKB', 'KQRvKN', 'KQRvKP', 'KQRvKQ', 'KQRvKR', 'KQvK', 'KQvKB', 'KQvKN', 'KQvKP', 'KQvKQ', 'KQvKR', 'KRBBvK', 'KRBNvK', 'KRBPvK', 'KRBvK', 'KRBvKB', 'KRBvKN', 'KRBvKP', 'KRBvKQ', 'KRBvKR', 'KRNNvK', 'KRNPvK', 'KRNvK', 'KRNvKB', 'KRNvKN', 'KRNvKP', 'KRNvKQ', 'KRNvKR', 'KRPPvK', 'KRPvK', 'KRPvKB', 'KRPvKN', 'KRPvKP', 'KRPvKQ', 'KRPvKR', 'KRRBvK', 'KRRNvK', 'KRRPvK', 'KRRRvK', 'KRRvK', 'KRRvKB', 'KRRvKBN', 'KRRvKBP', 'KRRvKN', 'KRRvKNP', 'KRRvKP', 'KRRvKQ', 'KRRvKR', 'KRvK', 'KRvKB', 'KRvKN', 'KRvKP', 'KRvKR']
[stage] DTM gen: 149 materials x 6000 = 894000 target across 3 workers (447 chunks)
  chunk done: KBBBvK +2000  total 2000/894000  (6/s)
  chunk done: KBBBvK +2000  total 4000/894000  (11/s)
  chunk done: KBBBvK +2000  total 6000/894000  (9/s)
  chunk done: KBBNvK +2000  total 8000/894000  (8/s)
  chunk done: KBBNvK +2000  total 10000/894000  (8/s)
  chunk done: KBBPvK +2000  total 12000/894000  (8/s)
  chunk done: KBBPvK +2000  total 14000/894000  (8/s)
  chunk done: KBBvK +2000  total 16000/894000  (8/s)
  chunk done: KBBPvK +2000  total 18000/894000  (9/s)
  chunk done: KBBvK +2000  total 20000/894000  (10/s)
  chunk done: KBBvK +2000  total 22000/894000  (10/s)
  chunk done: KBBvKB +2000  total 24000/894000  (10/s)
  chunk done: KBBvKB +2000  total 26000/894000  (11/s)
  chunk done: KBBNvK +2000  total 28000/894000  (10/s)
  chunk done: KBBvKN +2000  total 30000/894000  (8/s)
  chunk done: KBBvKN +2000  total 32000/894000  (8/s)
  chunk done: KBBvKN +2000  total 34000/894000  (7/s)
  chunk done: KBBvKP +2000  total 36000/894000  (7/s)
  chunk done: KBBvKP +2000  total 38000/894000  (6/s)
  chunk done: KBBvKQ +2000  total 40000/894000  (6/s)
  chunk done: KBBvKP +2000  total 42000/894000  (6/s)
  chunk done: KBBvKQ +2000  total 44000/894000  (6/s)
  chunk done: KBBvKQ +2000  total 46000/894000  (6/s)
  chunk done: KBBvKR +2000  total 48000/894000  (7/s)
  chunk done: KBBvKR +2000  total 50000/894000  (7/s)
  chunk done: KBBvKR +2000  total 52000/894000  (7/s)
  chunk done: KBNNvK +2000  total 54000/894000  (7/s)
  chunk done: KBNNvK +2000  total 56000/894000  (7/s)
  chunk done: KBNPvK +2000  total 58000/894000  (7/s)
  chunk done: KBNNvK +2000  total 60000/894000  (7/s)
  chunk done: KBNPvK +2000  total 62000/894000  (7/s)
  chunk done: KBNPvK +2000  total 64000/894000  (7/s)
  chunk done: KBNPvKR +2000  total 66000/894000  (7/s)
  chunk done: KBNPvKR +2000  total 68000/894000  (7/s)
  chunk done: KBNvK +2000  total 70000/894000  (7/s)
  chunk done: KBNPvKR +2000  total 72000/894000  (7/s)
  chunk done: KBNvK +2000  total 74000/894000  (7/s)
  chunk done: KBNvK +2000  total 76000/894000  (7/s)
  chunk done: KBBvKB +2000  total 78000/894000  (7/s)
  chunk done: KBNvKB +2000  total 80000/894000  (7/s)
  chunk done: KBNvKB +2000  total 82000/894000  (7/s)
  chunk done: KBNvKN +2000  total 84000/894000  (7/s)
  chunk done: KBNvKN +2000  total 86000/894000  (7/s)
  chunk done: KBNvKN +2000  total 88000/894000  (7/s)
