[gen] ALL tablebase classes on disk: ['KBBBvK', 'KBBNvK', 'KBBPvK', 'KBBvK', 'KBBvKB', 'KBBvKN', 'KBBvKP', 'KBBvKQ', 'KBBvKR', 'KBNNvK', 'KBNPvK', 'KBNPvKR', 'KBNvK', 'KBNvKB', 'KBNvKN', 'KBNvKP', 'KBNvKQ', 'KBNvKR', 'KBPPvK', 'KBPvK', 'KBPvKB', 'KBPvKN', 'KBPvKP', 'KBPvKQ', 'KBPvKR', 'KBvK', 'KBvKB', 'KBvKN', 'KBvKP', 'KNNNvK', 'KNNPvK', 'KNNvK', 'KNNvKB', 'KNNvKN', 'KNNvKP', 'KNNvKQ', 'KNNvKR', 'KNPPvK', 'KNPvK', 'KNPvKB', 'KNPvKN', 'KNPvKP', 'KNPvKQ', 'KNPvKR', 'KNvK', 'KNvKN', 'KNvKP', 'KPPPvK', 'KPPvK', 'KPPvKB', 'KPPvKN', 'KPPvKP', 'KPPvKQ', 'KPPvKR', 'KPvK', 'KPvKP', 'KQBBvK', 'KQBNvK', 'KQBPvK', 'KQBvK', 'KQBvKB', 'KQBvKN', 'KQBvKP', 'KQBvKQ', 'KQBvKR', 'KQNNvK', 'KQNPvK', 'KQNvK', 'KQNvKB', 'KQNvKN', 'KQNvKP', 'KQNvKQ', 'KQNvKR', 'KQPPvK', 'KQPvK', 'KQPvKB', 'KQPvKN', 'KQPvKP', 'KQPvKQ', 'KQPvKR', 'KQQBvK', 'KQQNvK', 'KQQPvK', 'KQQQvK', 'KQQRvK', 'KQQvK', 'KQQvKB', 'KQQvKN', 'KQQvKP', 'KQQvKQ', 'KQQvKR', 'KQRBvK', 'KQRNvK', 'KQRPvK', 'KQRRvK', 'KQRvK', 'KQRvKB', 'KQRvKN', 'KQRvKP', 'KQRvKQ', 'KQRvKR', 'KQvK', 'KQvKB', 'KQvKN', 'KQvKP', 'KQvKQ', 'KQvKR', 'KRBBvK', 'KRBNvK', 'KRBPvK', 'KRBvK', 'KRBvKB', 'KRBvKN', 'KRBvKP', 'KRBvKQ', 'KRBvKR', 'KRNNvK', 'KRNPvK', 'KRNvK', 'KRNvKB', 'KRNvKN', 'KRNvKP', 'KRNvKQ', 'KRNvKR', 'KRPPvK', 'KRPvK', 'KRPvKB', 'KRPvKN', 'KRPvKP', 'KRPvKQ', 'KRPvKR', 'KRRBvK', 'KRRNvK', 'KRRPvK', 'KRRRvK', 'KRRvK', 'KRRvKB', 'KRRvKBN', 'KRRvKBP', 'KRRvKN', 'KRRvKNP', 'KRRvKP', 'KRRvKQ', 'KRRvKR', 'KRvK', 'KRvKB', 'KRvKN', 'KRvKP', 'KRvKR']
[stage] DTM gen: 149 materials x 3000 = 447000 target across 3 workers (447 chunks)
  chunk done: KBBBvK +1000  total 1000/447000  (4/s)
  chunk done: KBBBvK +1000  total 2000/447000  (8/s)
  chunk done: KBBBvK +1000  total 3000/447000  (12/s)
[gen] ALL tablebase classes on disk: ['KBBBvK', 'KBBNvK', 'KBBPvK', 'KBBvK', 'KBBvKB', 'KBBvKN', 'KBBvKP', 'KBBvKQ', 'KBBvKR', 'KBNNvK', 'KBNPvK', 'KBNPvKR', 'KBNvK', 'KBNvKB', 'KBNvKN', 'KBNvKP', 'KBNvKQ', 'KBNvKR', 'KBPPvK', 'KBPvK', 'KBPvKB', 'KBPvKN', 'KBPvKP', 'KBPvKQ', 'KBPvKR', 'KBvK', 'KBvKB', 'KBvKN', 'KBvKP', 'KNNNvK', 'KNNPvK', 'KNNvK', 'KNNvKB', 'KNNvKN', 'KNNvKP', 'KNNvKQ', 'KNNvKR', 'KNPPvK', 'KNPvK', 'KNPvKB', 'KNPvKN', 'KNPvKP', 'KNPvKQ', 'KNPvKR', 'KNvK', 'KNvKN', 'KNvKP', 'KPPPvK', 'KPPvK', 'KPPvKB', 'KPPvKN', 'KPPvKP', 'KPPvKQ', 'KPPvKR', 'KPvK', 'KPvKP', 'KQBBvK', 'KQBNvK', 'KQBPvK', 'KQBvK', 'KQBvKB', 'KQBvKN', 'KQBvKP', 'KQBvKQ', 'KQBvKR', 'KQNNvK', 'KQNPvK', 'KQNvK', 'KQNvKB', 'KQNvKN', 'KQNvKP', 'KQNvKQ', 'KQNvKR', 'KQPPvK', 'KQPvK', 'KQPvKB', 'KQPvKN', 'KQPvKP', 'KQPvKQ', 'KQPvKR', 'KQQBvK', 'KQQNvK', 'KQQPvK', 'KQQQvK', 'KQQRvK', 'KQQvK', 'KQQvKB', 'KQQvKN', 'KQQvKP', 'KQQvKQ', 'KQQvKR', 'KQRBvK', 'KQRNvK', 'KQRPvK', 'KQRRvK', 'KQRvK', 'KQRvKB', 'KQRvKN', 'KQRvKP', 'KQRvKQ', 'KQRvKR', 'KQvK', 'KQvKB', 'KQvKN', 'KQvKP', 'KQvKQ', 'KQvKR', 'KRBBvK', 'KRBNvK', 'KRBPvK', 'KRBvK', 'KRBvKB', 'KRBvKN', 'KRBvKP', 'KRBvKQ', 'KRBvKR', 'KRNNvK', 'KRNPvK', 'KRNvK', 'KRNvKB', 'KRNvKN', 'KRNvKP', 'KRNvKQ', 'KRNvKR', 'KRPPvK', 'KRPvK', 'KRPvKB', 'KRPvKN', 'KRPvKP', 'KRPvKQ', 'KRPvKR', 'KRRBvK', 'KRRNvK', 'KRRPvK', 'KRRRvK', 'KRRvK', 'KRRvKB', 'KRRvKBN', 'KRRvKBP', 'KRRvKN', 'KRRvKNP', 'KRRvKP', 'KRRvKQ', 'KRRvKR', 'KRvK', 'KRvKB', 'KRvKN', 'KRvKP', 'KRvKR']
[stage] DTM gen: 149 materials x 3000 = 447000 target across 3 workers (447 chunks)
  chunk done: KBBBvK +1000  total 1000/447000  (5/s)
  chunk done: KBBBvK +1000  total 2000/447000  (6/s)
  chunk done: KBBNvK +1000  total 3000/447000  (5/s)
  chunk done: KBBNvK +1000  total 4000/447000  (4/s)
  chunk done: KBBNvK +1000  total 5000/447000  (4/s)
  chunk done: KBBPvK +1000  total 6000/447000  (4/s)
  chunk done: KBBPvK +1000  total 7000/447000  (4/s)
  chunk done: KBBPvK +1000  total 8000/447000  (4/s)
  chunk done: KBBvK +1000  total 9000/447000  (4/s)
  chunk done: KBBvK +1000  total 10000/447000  (5/s)
  chunk done: KBBvK +1000  total 11000/447000  (5/s)
  chunk done: KBBvKB +1000  total 12000/447000  (5/s)
  chunk done: KBBvKB +1000  total 13000/447000  (6/s)
  chunk done: KBBvKB +1000  total 14000/447000  (6/s)
  chunk done: KBBvKN +1000  total 15000/447000  (5/s)
  chunk done: KBBBvK +1000  total 16000/447000  (5/s)
  chunk done: KBBvKN +1000  total 17000/447000  (6/s)
  chunk done: KBBvKP +1000  total 18000/447000  (5/s)
  chunk done: KBBvKP +1000  total 19000/447000  (5/s)
  chunk done: KBBvKQ +1000  total 20000/447000  (5/s)
  chunk done: KBBvKQ +1000  total 21000/447000  (5/s)
  chunk done: KBBvKQ +1000  total 22000/447000  (5/s)
  chunk done: KBBvKP +1000  total 23000/447000  (5/s)
  chunk done: KBBvKR +1000  total 24000/447000  (5/s)
  chunk done: KBBvKR +1000  total 25000/447000  (6/s)
  chunk done: KBBvKR +1000  total 26000/447000  (6/s)
  chunk done: KBNNvK +1000  total 27000/447000  (5/s)
  chunk done: KBBvKN +1000  total 28000/447000  (5/s)
  chunk done: KBNNvK +1000  total 29000/447000  (5/s)
  chunk done: KBNPvK +1000  total 30000/447000  (6/s)
  chunk done: KBNPvK +1000  total 31000/447000  (5/s)
  chunk done: KBNPvK +1000  total 32000/447000  (6/s)
  chunk done: KBNPvKR +1000  total 33000/447000  (5/s)
  chunk done: KBNPvKR +1000  total 34000/447000  (6/s)
  chunk done: KBNvK +1000  total 35000/447000  (6/s)
  chunk done: KBNPvKR +1000  total 36000/447000  (6/s)
  chunk done: KBNvK +1000  total 37000/447000  (6/s)
  chunk done: KBNvK +1000  total 38000/447000  (6/s)
  chunk done: KBNvKB +1000  total 39000/447000  (6/s)
  chunk done: KBNvKB +1000  total 40000/447000  (6/s)
  chunk done: KBNvKB +1000  total 41000/447000  (6/s)
  chunk done: KBNvKN +1000  total 42000/447000  (6/s)
  chunk done: KBNvKN +1000  total 43000/447000  (6/s)
  chunk done: KBNvKN +1000  total 44000/447000  (6/s)
  chunk done: KBNvKP +1000  total 45000/447000  (5/s)
  chunk done: KBNvKP +1000  total 46000/447000  (5/s)
  chunk done: KBNNvK +1000  total 47000/447000  (5/s)
  chunk done: KBNvKQ +1000  total 48000/447000  (5/s)
  chunk done: KBNvKQ +1000  total 49000/447000  (5/s)
  chunk done: KBNvKQ +1000  total 50000/447000  (5/s)
  chunk done: KBNvKR +1000  total 51000/447000  (5/s)
  chunk done: KBNvKR +1000  total 52000/447000  (5/s)
  chunk done: KBNvKR +1000  total 53000/447000  (5/s)
  chunk done: KBPPvK +1000  total 54000/447000  (5/s)
  chunk done: KBPPvK +1000  total 55000/447000  (5/s)
  chunk done: KBPPvK +1000  total 56000/447000  (5/s)
  chunk done: KBPvK +1000  total 57000/447000  (5/s)
  chunk done: KBPvK +1000  total 58000/447000  (5/s)
  chunk done: KBPvK +1000  total 59000/447000  (5/s)
  chunk done: KBPvKB +1000  total 60000/447000  (5/s)
  chunk done: KBPvKB +1000  total 61000/447000  (5/s)
  chunk done: KBPvKB +1000  total 62000/447000  (5/s)
  chunk done: KBPvKN +1000  total 63000/447000  (6/s)
  chunk done: KBPvKN +1000  total 64000/447000  (6/s)
  chunk done: KBPvKN +1000  total 65000/447000  (6/s)
  chunk done: KBPvKP +1000  total 66000/447000  (6/s)
  chunk done: KBPvKP +1000  total 67000/447000  (6/s)
  chunk done: KBPvKQ +1000  total 68000/447000  (6/s)
  chunk done: KBPvKP +1000  total 69000/447000  (6/s)
  chunk done: KBPvKQ +1000  total 70000/447000  (6/s)
  chunk done: KBPvKQ +1000  total 71000/447000  (6/s)
  chunk done: KBPvKR +1000  total 72000/447000  (6/s)
  chunk done: KBPvKR +1000  total 73000/447000  (6/s)
  chunk done: KBvK +0  total 73000/447000  (6/s)
  chunk done: KBPvKR +1000  total 74000/447000  (6/s)
  chunk done: KBvK +0  total 74000/447000  (6/s)
  chunk done: KBvKB +18  total 74018/447000  (6/s)
  chunk done: KBvK +0  total 74018/447000  (6/s)
  chunk done: KBvKB +22  total 74040/447000  (6/s)
  chunk done: KBvKB +19  total 74059/447000  (6/s)
  chunk done: KBvKN +1  total 74060/447000  (6/s)
  chunk done: KBvKN +0  total 74060/447000  (6/s)
  chunk done: KBvKN +0  total 74060/447000  (6/s)
  chunk done: KBvKP +5  total 74065/447000  (6/s)
  chunk done: KBvKP +10  total 74075/447000  (6/s)
  chunk done: KBvKP +4  total 74079/447000  (5/s)
  chunk done: KNNNvK +1000  total 75079/447000  (5/s)
  chunk done: KNNNvK +1000  total 76079/447000  (5/s)
  chunk done: KNNNvK +1000  total 77079/447000  (5/s)
  chunk done: KNNPvK +1000  total 78079/447000  (5/s)
  chunk done: KNNPvK +1000  total 79079/447000  (5/s)
  chunk done: KNNPvK +1000  total 80079/447000  (5/s)
  chunk done: KNNvK +28  total 80107/447000  (5/s)
  chunk done: KNNvK +29  total 80136/447000  (5/s)
  chunk done: KNNvK +30  total 80166/447000  (5/s)
  chunk done: KNNvKB +67  total 80233/447000  (5/s)
  chunk done: KNNvKB +63  total 80296/447000  (5/s)
  chunk done: KNNvKB +64  total 80360/447000  (5/s)
  chunk done: KNNvKN +262  total 80622/447000  (5/s)
  chunk done: KNNvKN +234  total 80856/447000  (5/s)
  chunk done: KNNvKN +242  total 81098/447000  (5/s)
  chunk done: KNNvKP +1000  total 82098/447000  (5/s)
  chunk done: KNNvKP +1000  total 83098/447000  (5/s)
  chunk done: KNNvKP +1000  total 84098/447000  (5/s)
  chunk done: KNNvKQ +21  total 84119/447000  (5/s)
  chunk done: KNNvKQ +15  total 84134/447000  (5/s)
  chunk done: KNNvKQ +21  total 84155/447000  (5/s)
  chunk done: KNNvKR +24  total 84179/447000  (5/s)
  chunk done: KNNvKR +30  total 84209/447000  (5/s)
  chunk done: KNNvKR +32  total 84241/447000  (5/s)
  chunk done: KNPPvK +1000  total 85241/447000  (5/s)
  chunk done: KNPPvK +1000  total 86241/447000  (5/s)
  chunk done: KNPPvK +1000  total 87241/447000  (5/s)
  chunk done: KNPvK +1000  total 88241/447000  (5/s)
  chunk done: KNPvK +1000  total 89241/447000  (5/s)
  chunk done: KNPvK +1000  total 90241/447000  (5/s)
  chunk done: KNPvKB +1000  total 91241/447000  (5/s)
  chunk done: KNPvKB +1000  total 92241/447000  (5/s)
  chunk done: KNPvKB +1000  total 93241/447000  (5/s)
  chunk done: KNPvKN +1000  total 94241/447000  (5/s)
  chunk done: KNPvKN +1000  total 95241/447000  (5/s)
  chunk done: KNPvKN +1000  total 96241/447000  (5/s)
  chunk done: KNPvKP +1000  total 97241/447000  (5/s)
  chunk done: KNPvKP +1000  total 98241/447000  (5/s)
  chunk done: KNPvKQ +1000  total 99241/447000  (5/s)
  chunk done: KNPvKP +1000  total 100241/447000  (5/s)
  chunk done: KNPvKQ +1000  total 101241/447000  (5/s)
  chunk done: KNPvKQ +1000  total 102241/447000  (5/s)
  chunk done: KNPvKR +1000  total 103241/447000  (5/s)
  chunk done: KNPvKR +1000  total 104241/447000  (5/s)
  chunk done: KNvK +0  total 104241/447000  (5/s)
  chunk done: KNPvKR +1000  total 105241/447000  (5/s)
  chunk done: KNvK +0  total 105241/447000  (5/s)
  chunk done: KNvK +0  total 105241/447000  (5/s)
  chunk done: KNvKN +2  total 105243/447000  (5/s)
  chunk done: KNvKN +0  total 105243/447000  (5/s)
  chunk done: KNvKP +13  total 105256/447000  (5/s)
  chunk done: KNvKP +22  total 105278/447000  (5/s)
  chunk done: KNvKP +11  total 105289/447000  (5/s)
  chunk done: KPPPvK +1000  total 106289/447000  (5/s)
  chunk done: KPPPvK +1000  total 107289/447000  (5/s)
  chunk done: KPPPvK +1000  total 108289/447000  (5/s)
  chunk done: KPPvK +1000  total 109289/447000  (5/s)
  chunk done: KPPvK +1000  total 110289/447000  (5/s)
  chunk done: KPPvK +1000  total 111289/447000  (5/s)
  chunk done: KBNvKP +1000  total 112289/447000  (5/s)
  chunk done: KPPvKB +1000  total 113289/447000  (5/s)
  chunk done: KPPvKB +1000  total 114289/447000  (5/s)
  chunk done: KPPvKB +1000  total 115289/447000  (5/s)
  chunk done: KPPvKN +1000  total 116289/447000  (5/s)
  chunk done: KPPvKN +1000  total 117289/447000  (5/s)
  chunk done: KPPvKN +1000  total 118289/447000  (5/s)
  chunk done: KPPvKP +1000  total 119289/447000  (5/s)
  chunk done: KPPvKP +1000  total 120289/447000  (5/s)
  chunk done: KPPvKQ +1000  total 121289/447000  (5/s)
  chunk done: KPPvKP +1000  total 122289/447000  (5/s)
  chunk done: KPPvKQ +1000  total 123289/447000  (5/s)
  chunk done: KPPvKQ +1000  total 124289/447000  (5/s)
  chunk done: KPPvKR +1000  total 125289/447000  (5/s)
  chunk done: KPPvKR +1000  total 126289/447000  (5/s)
  chunk done: KPvK +1000  total 127289/447000  (5/s)
  chunk done: KPvK +1000  total 128289/447000  (5/s)
  chunk done: KPvK +1000  total 129289/447000  (5/s)
  chunk done: KPPvKR +1000  total 130289/447000  (5/s)
  chunk done: KPvKP +1000  total 131289/447000  (5/s)
  chunk done: KPvKP +1000  total 132289/447000  (5/s)
  chunk done: KPvKP +1000  total 133289/447000  (6/s)
  chunk done: KQBBvK +1000  total 134289/447000  (6/s)
  chunk done: KQBBvK +1000  total 135289/447000  (6/s)
  chunk done: KQBBvK +1000  total 136289/447000  (6/s)
  chunk done: KQBNvK +1000  total 137289/447000  (6/s)
  chunk done: KQBNvK +1000  total 138289/447000  (6/s)
  chunk done: KNvKN +1  total 138290/447000  (6/s)
  chunk done: KQBPvK +1000  total 139290/447000  (6/s)
  chunk done: KQBNvK +1000  total 140290/447000  (6/s)
  chunk done: KQBvK +1000  total 141290/447000  (6/s)
  chunk done: KQBPvK +1000  total 142290/447000  (6/s)
  chunk done: KQBvK +1000  total 143290/447000  (6/s)
  chunk done: KQBvK +1000  total 144290/447000  (6/s)
  chunk done: KQBvKB +1000  total 145290/447000  (6/s)
  chunk done: KQBvKB +1000  total 146290/447000  (6/s)
  chunk done: KQBPvK +1000  total 147290/447000  (6/s)
  chunk done: KQBvKB +1000  total 148290/447000  (6/s)
  chunk done: KQBvKN +1000  total 149290/447000  (6/s)
  chunk done: KQBvKN +1000  total 150290/447000  (6/s)
  chunk done: KQBvKP +1000  total 151290/447000  (6/s)
  chunk done: KQBvKP +1000  total 152290/447000  (6/s)
  chunk done: KQBvKN +1000  total 153290/447000  (6/s)
  chunk done: KQBvKQ +1000  total 154290/447000  (6/s)
  chunk done: KQBvKQ +1000  total 155290/447000  (6/s)
  chunk done: KQBvKQ +1000  total 156290/447000  (6/s)
  chunk done: KQBvKR +1000  total 157290/447000  (6/s)
  chunk done: KQBvKR +1000  total 158290/447000  (6/s)
  chunk done: KQNNvK +1000  total 159290/447000  (6/s)
  chunk done: KQNNvK +1000  total 160290/447000  (6/s)
  chunk done: KQNNvK +1000  total 161290/447000  (6/s)
  chunk done: KQNPvK +1000  total 162290/447000  (6/s)
  chunk done: KQBvKR +1000  total 163290/447000  (6/s)
  chunk done: KQNPvK +1000  total 164290/447000  (6/s)
  chunk done: KQNPvK +1000  total 165290/447000  (6/s)
  chunk done: KQNvK +1000  total 166290/447000  (6/s)
  chunk done: KQNvK +1000  total 167290/447000  (6/s)
  chunk done: KQBvKP +1000  total 168290/447000  (6/s)
  chunk done: KQNvKB +1000  total 169290/447000  (6/s)
  chunk done: KQNvKB +1000  total 170290/447000  (6/s)
  chunk done: KQNvKB +1000  total 171290/447000  (6/s)
  chunk done: KQNvKN +1000  total 172290/447000  (6/s)
  chunk done: KQNvKN +1000  total 173290/447000  (6/s)
  chunk done: KQNvKN +1000  total 174290/447000  (6/s)
  chunk done: KQNvKP +1000  total 175290/447000  (6/s)
  chunk done: KQNvKP +1000  total 176290/447000  (6/s)
  chunk done: KQNvKQ +1000  total 177290/447000  (6/s)
  chunk done: KQNvKP +1000  total 178290/447000  (6/s)
  chunk done: KQNvKQ +1000  total 179290/447000  (6/s)
  chunk done: KQNvKQ +1000  total 180290/447000  (6/s)
  chunk done: KQNvKR +1000  total 181290/447000  (6/s)
  chunk done: KQNvKR +1000  total 182290/447000  (6/s)
  chunk done: KQPPvK +1000  total 183290/447000  (6/s)
  chunk done: KQPPvK +1000  total 184290/447000  (6/s)
  chunk done: KQPPvK +1000  total 185290/447000  (6/s)
  chunk done: KQPvK +1000  total 186290/447000  (6/s)
  chunk done: KQNvKR +1000  total 187290/447000  (6/s)
  chunk done: KQPvK +1000  total 188290/447000  (6/s)
  chunk done: KQPvK +1000  total 189290/447000  (6/s)
  chunk done: KQPvKB +1000  total 190290/447000  (6/s)
  chunk done: KQNvK +1000  total 191290/447000  (6/s)
  chunk done: KQPvKB +1000  total 192290/447000  (6/s)
  chunk done: KQPvKN +1000  total 193290/447000  (6/s)
  chunk done: KQPvKN +1000  total 194290/447000  (6/s)
  chunk done: KQPvKN +1000  total 195290/447000  (6/s)
  chunk done: KQPvKP +1000  total 196290/447000  (6/s)
  chunk done: KQPvKP +1000  total 197290/447000  (6/s)
  chunk done: KQPvKP +1000  total 198290/447000  (6/s)
  chunk done: KQPvKQ +1000  total 199290/447000  (6/s)
  chunk done: KQPvKQ +1000  total 200290/447000  (6/s)
  chunk done: KQPvKQ +1000  total 201290/447000  (6/s)
  chunk done: KQPvKR +1000  total 202290/447000  (6/s)
  chunk done: KQPvKR +1000  total 203290/447000  (6/s)
  chunk done: KQQBvK +1000  total 204290/447000  (6/s)
  chunk done: KQQBvK +1000  total 205290/447000  (6/s)
  chunk done: KQQBvK +1000  total 206290/447000  (6/s)
  chunk done: KQPvKR +1000  total 207290/447000  (6/s)
  chunk done: KQQNvK +1000  total 208290/447000  (6/s)
  chunk done: KQQNvK +1000  total 209290/447000  (6/s)
  chunk done: KQQNvK +1000  total 210290/447000  (6/s)
  chunk done: KQQPvK +1000  total 211290/447000  (6/s)
  chunk done: KQQPvK +1000  total 212290/447000  (6/s)
  chunk done: KQQQvK +1000  total 213290/447000  (6/s)
  chunk done: KQQQvK +1000  total 214290/447000  (6/s)
  chunk done: KQQQvK +1000  total 215290/447000  (6/s)
  chunk done: KQQPvK +1000  total 216290/447000  (6/s)
  chunk done: KQQRvK +1000  total 217290/447000  (6/s)
  chunk done: KQQRvK +1000  total 218290/447000  (7/s)
  chunk done: KQQRvK +1000  total 219290/447000  (7/s)
  chunk done: KQQvK +1000  total 220290/447000  (7/s)
  chunk done: KQQvK +1000  total 221290/447000  (7/s)
  chunk done: KQPvKB +1000  total 222290/447000  (7/s)
  chunk done: KQQvKB +1000  total 223290/447000  (7/s)
  chunk done: KQQvKB +1000  total 224290/447000  (7/s)
  chunk done: KQQvKB +1000  total 225290/447000  (7/s)
  chunk done: KQQvKN +1000  total 226290/447000  (7/s)
  chunk done: KQQvKN +1000  total 227290/447000  (7/s)
  chunk done: KQQvKN +1000  total 228290/447000  (7/s)
  chunk done: KQQvKP +1000  total 229290/447000  (7/s)
  chunk done: KQQvKP +1000  total 230290/447000  (7/s)
  chunk done: KQQvK +1000  total 231290/447000  (7/s)
  chunk done: KQQvKP +1000  total 232290/447000  (7/s)
  chunk done: KQQvKQ +1000  total 233290/447000  (7/s)
  chunk done: KQQvKQ +1000  total 234290/447000  (7/s)
  chunk done: KQQvKR +1000  total 235290/447000  (7/s)
  chunk done: KQQvKR +1000  total 236290/447000  (7/s)
  chunk done: KQRBvK +1000  total 237290/447000  (7/s)
  chunk done: KQRBvK +1000  total 238290/447000  (7/s)
  chunk done: KQRBvK +1000  total 239290/447000  (7/s)
  chunk done: KQRNvK +1000  total 240290/447000  (7/s)
  chunk done: KQQvKR +1000  total 241290/447000  (7/s)
  chunk done: KQRNvK +1000  total 242290/447000  (7/s)
  chunk done: KQRNvK +1000  total 243290/447000  (7/s)
  chunk done: KQRPvK +1000  total 244290/447000  (7/s)
  chunk done: KQRPvK +1000  total 245290/447000  (7/s)
  chunk done: KQQvKQ +1000  total 246290/447000  (7/s)
  chunk done: KQRRvK +1000  total 247290/447000  (7/s)
  chunk done: KQRPvK +1000  total 248290/447000  (7/s)
  chunk done: KQRRvK +1000  total 249290/447000  (7/s)
  chunk done: KQRvK +1000  total 250290/447000  (7/s)
  chunk done: KQRvK +1000  total 251290/447000  (7/s)
  chunk done: KQRvK +1000  total 252290/447000  (7/s)
  chunk done: KQRvKB +1000  total 253290/447000  (7/s)
  chunk done: KQRvKB +1000  total 254290/447000  (7/s)
  chunk done: KQRvKB +1000  total 255290/447000  (7/s)
  chunk done: KQRvKN +1000  total 256290/447000  (7/s)
  chunk done: KQRvKN +1000  total 257290/447000  (7/s)
  chunk done: KQRvKN +1000  total 258290/447000  (7/s)
  chunk done: KQRvKP +1000  total 259290/447000  (7/s)
  chunk done: KQRvKP +1000  total 260290/447000  (7/s)
  chunk done: KQRvKP +1000  total 261290/447000  (7/s)
  chunk done: KQRvKQ +1000  total 262290/447000  (7/s)
  chunk done: KQRvKQ +1000  total 263290/447000  (7/s)
  chunk done: KQRvKQ +1000  total 264290/447000  (7/s)
  chunk done: KQRvKR +1000  total 265290/447000  (7/s)
  chunk done: KQRvKR +1000  total 266290/447000  (7/s)
  chunk done: KQvK +1000  total 267290/447000  (7/s)
  chunk done: KQvK +1000  total 268290/447000  (7/s)
  chunk done: KQvK +1000  total 269290/447000  (7/s)
  chunk done: KQRvKR +1000  total 270290/447000  (7/s)
  chunk done: KQvKB +1000  total 271290/447000  (7/s)
  chunk done: KQvKB +1000  total 272290/447000  (7/s)
  chunk done: KQRRvK +1000  total 273290/447000  (7/s)
  chunk done: KQvKN +1000  total 274290/447000  (7/s)
  chunk done: KQvKB +1000  total 275290/447000  (7/s)
  chunk done: KQvKN +1000  total 276290/447000  (7/s)
  chunk done: KQvKP +1000  total 277290/447000  (7/s)
  chunk done: KQvKP +1000  total 278290/447000  (7/s)
  chunk done: KQvKQ +1000  total 279290/447000  (7/s)
  chunk done: KQvKP +1000  total 280290/447000  (7/s)
  chunk done: KQvKQ +1000  total 281290/447000  (7/s)
  chunk done: KQvKQ +1000  total 282290/447000  (7/s)
  chunk done: KQvKR +1000  total 283290/447000  (7/s)
  chunk done: KQvKR +1000  total 284290/447000  (7/s)
  chunk done: KRBBvK +1000  total 285290/447000  (7/s)
  chunk done: KRBBvK +1000  total 286290/447000  (7/s)
  chunk done: KRBBvK +1000  total 287290/447000  (7/s)
  chunk done: KQvKR +1000  total 288290/447000  (7/s)
  chunk done: KRBNvK +1000  total 289290/447000  (7/s)
  chunk done: KRBNvK +1000  total 290290/447000  (7/s)
  chunk done: KRBNvK +1000  total 291290/447000  (7/s)
  chunk done: KRBPvK +1000  total 292290/447000  (7/s)
  chunk done: KRBPvK +1000  total 293290/447000  (7/s)
  chunk done: KRBPvK +1000  total 294290/447000  (7/s)
  chunk done: KRBvK +1000  total 295290/447000  (7/s)
  chunk done: KRBvK +1000  total 296290/447000  (7/s)
  chunk done: KRBvK +1000  total 297290/447000  (7/s)
  chunk done: KRBvKB +1000  total 298290/447000  (7/s)
  chunk done: KRBvKB +1000  total 299290/447000  (7/s)
  chunk done: KQvKN +1000  total 300290/447000  (7/s)
  chunk done: KRBvKB +1000  total 301290/447000  (7/s)
  chunk done: KRBvKN +1000  total 302290/447000  (7/s)
  chunk done: KRBvKN +1000  total 303290/447000  (7/s)
  chunk done: KRBvKP +1000  total 304290/447000  (7/s)
  chunk done: KRBvKP +1000  total 305290/447000  (7/s)
  chunk done: KRBvKQ +1000  total 306290/447000  (7/s)
  chunk done: KRBvKP +1000  total 307290/447000  (7/s)
  chunk done: KRBvKQ +1000  total 308290/447000  (7/s)
  chunk done: KRBvKQ +1000  total 309290/447000  (7/s)
  chunk done: KRBvKR +1000  total 310290/447000  (7/s)
  chunk done: KRBvKR +1000  total 311290/447000  (7/s)
  chunk done: KRBvKR +1000  total 312290/447000  (7/s)
  chunk done: KRNNvK +1000  total 313290/447000  (7/s)
  chunk done: KRNNvK +1000  total 314290/447000  (7/s)
  chunk done: KRNNvK +1000  total 315290/447000  (7/s)
  chunk done: KRNPvK +1000  total 316290/447000  (7/s)
  chunk done: KRNPvK +1000  total 317290/447000  (7/s)
  chunk done: KRNvK +1000  total 318290/447000  (7/s)
  chunk done: KRNPvK +1000  total 319290/447000  (7/s)
  chunk done: KRNvK +1000  total 320290/447000  (7/s)
  chunk done: KRNvK +1000  total 321290/447000  (7/s)
  chunk done: KRNvKB +1000  total 322290/447000  (7/s)
  chunk done: KRNvKB +1000  total 323290/447000  (7/s)
  chunk done: KRNvKB +1000  total 324290/447000  (7/s)
  chunk done: KRNvKN +1000  total 325290/447000  (7/s)
  chunk done: KRNvKN +1000  total 326290/447000  (7/s)
  chunk done: KRNvKN +1000  total 327290/447000  (7/s)
  chunk done: KRNvKP +1000  total 328290/447000  (7/s)
  chunk done: KRNvKP +1000  total 329290/447000  (7/s)
  chunk done: KRNvKQ +1000  total 330290/447000  (7/s)
  chunk done: KRBvKN +1000  total 331290/447000  (7/s)
  chunk done: KRNvKQ +1000  total 332290/447000  (7/s)
  chunk done: KRNvKQ +1000  total 333290/447000  (7/s)
  chunk done: KRNvKR +1000  total 334290/447000  (7/s)
  chunk done: KRNvKR +1000  total 335290/447000  (7/s)
  chunk done: KRNvKR +1000  total 336290/447000  (7/s)
  chunk done: KRPPvK +1000  total 337290/447000  (7/s)
  chunk done: KRPPvK +1000  total 338290/447000  (7/s)
  chunk done: KRPPvK +1000  total 339290/447000  (7/s)
  chunk done: KRPvK +1000  total 340290/447000  (7/s)
  chunk done: KRPvK +1000  total 341290/447000  (7/s)
  chunk done: KRPvK +1000  total 342290/447000  (7/s)
  chunk done: KRPvKB +1000  total 343290/447000  (7/s)
  chunk done: KRPvKB +1000  total 344290/447000  (7/s)
  chunk done: KRPvKB +1000  total 345290/447000  (7/s)
  chunk done: KRPvKN +1000  total 346290/447000  (7/s)
  chunk done: KRPvKN +1000  total 347290/447000  (7/s)
  chunk done: KRPvKN +1000  total 348290/447000  (7/s)
  chunk done: KRNvKP +1000  total 349290/447000  (7/s)
  chunk done: KRPvKP +1000  total 350290/447000  (7/s)
  chunk done: KRPvKP +1000  total 351290/447000  (7/s)
  chunk done: KRPvKQ +1000  total 352290/447000  (7/s)
  chunk done: KRPvKQ +1000  total 353290/447000  (7/s)
  chunk done: KRPvKQ +1000  total 354290/447000  (7/s)
  chunk done: KRPvKR +1000  total 355290/447000  (7/s)
  chunk done: KRPvKR +1000  total 356290/447000  (7/s)
  chunk done: KRRBvK +1000  total 357290/447000  (7/s)
  chunk done: KRPvKR +1000  total 358290/447000  (7/s)
  chunk done: KRRBvK +1000  total 359290/447000  (7/s)
  chunk done: KRRBvK +1000  total 360290/447000  (7/s)
  chunk done: KRRNvK +1000  total 361290/447000  (7/s)
  chunk done: KRRNvK +1000  total 362290/447000  (7/s)
  chunk done: KRRNvK +1000  total 363290/447000  (7/s)
  chunk done: KRRPvK +1000  total 364290/447000  (7/s)
  chunk done: KRRPvK +1000  total 365290/447000  (7/s)
  chunk done: KRRPvK +1000  total 366290/447000  (7/s)
  chunk done: KRRRvK +1000  total 367290/447000  (7/s)
  chunk done: KRRRvK +1000  total 368290/447000  (7/s)
  chunk done: KRRRvK +1000  total 369290/447000  (7/s)
  chunk done: KRRvK +1000  total 370290/447000  (7/s)
  chunk done: KRRvK +1000  total 371290/447000  (7/s)
  chunk done: KRRvK +1000  total 372290/447000  (7/s)
  chunk done: KRRvKB +1000  total 373290/447000  (7/s)
  chunk done: KRRvKB +1000  total 374290/447000  (7/s)
  chunk done: KRRvKB +1000  total 375290/447000  (7/s)
  chunk done: KRRvKBN +1000  total 376290/447000  (7/s)
  chunk done: KRRvKBN +1000  total 377290/447000  (7/s)
  chunk done: KRRvKBN +1000  total 378290/447000  (7/s)
  chunk done: KRRvKBP +1000  total 379290/447000  (7/s)
  chunk done: KRRvKBP +1000  total 380290/447000  (7/s)
  chunk done: KRRvKBP +1000  total 381290/447000  (7/s)
  chunk done: KRRvKN +1000  total 382290/447000  (7/s)
  chunk done: KRRvKN +1000  total 383290/447000  (7/s)
  chunk done: KRRvKN +1000  total 384290/447000  (7/s)
  chunk done: KRRvKNP +1000  total 385290/447000  (7/s)
  chunk done: KRRvKNP +1000  total 386290/447000  (7/s)
  chunk done: KRRvKNP +1000  total 387290/447000  (7/s)
  chunk done: KRPvKP +1000  total 388290/447000  (7/s)
  chunk done: KRRvKP +1000  total 389290/447000  (7/s)
  chunk done: KRRvKQ +1000  total 390290/447000  (7/s)
  chunk done: KRRvKP +1000  total 391290/447000  (7/s)
  chunk done: KRRvKQ +1000  total 392290/447000  (7/s)
  chunk done: KRRvKQ +1000  total 393290/447000  (7/s)
  chunk done: KRRvKR +1000  total 394290/447000  (7/s)
  chunk done: KRRvKR +1000  total 395290/447000  (7/s)
  chunk done: KRvK +1000  total 396290/447000  (7/s)
  chunk done: KRvK +1000  total 397290/447000  (7/s)
  chunk done: KRvK +1000  total 398290/447000  (7/s)
  chunk done: KRRvKR +1000  total 399290/447000  (7/s)
  chunk done: KRvKB +1000  total 400290/447000  (7/s)
  chunk done: KRvKB +1000  total 401290/447000  (7/s)
  chunk done: KRvKB +1000  total 402290/447000  (7/s)
  chunk done: KRvKN +1000  total 403290/447000  (7/s)
  chunk done: KRvKN +1000  total 404290/447000  (7/s)
  chunk done: KRvKN +1000  total 405290/447000  (7/s)
  chunk done: KRvKP +1000  total 406290/447000  (7/s)
  chunk done: KRvKP +1000  total 407290/447000  (7/s)
  chunk done: KRvKP +1000  total 408290/447000  (7/s)
  chunk done: KRvKR +1000  total 409290/447000  (7/s)
  chunk done: KRvKR +1000  total 410290/447000  (7/s)
  chunk done: KRvKR +1000  total 411290/447000  (7/s)
  chunk done: KRRvKP +1000  total 412290/447000  (7/s)
[stage] 412290 positions: 56022.5s  per-material {'KBBBvK': 3000, 'KBBNvK': 3000, 'KBBPvK': 3000, 'KBBvK': 3000, 'KBBvKB': 3000, 'KBBvKN': 3000, 'KBBvKP': 3000, 'KBBvKQ': 3000, 'KBBvKR': 3000, 'KBNNvK': 3000, 'KBNPvK': 3000, 'KBNPvKR': 3000, 'KBNvK': 3000, 'KBNvKB': 3000, 'KBNvKN': 3000, 'KBNvKP': 3000, 'KBNvKQ': 3000, 'KBNvKR': 3000, 'KBPPvK': 3000, 'KBPvK': 3000, 'KBPvKB': 3000, 'KBPvKN': 3000, 'KBPvKP': 3000, 'KBPvKQ': 3000, 'KBPvKR': 3000, 'KBvK': 0, 'KBvKB': 59, 'KBvKN': 1, 'KBvKP': 19, 'KNNNvK': 3000, 'KNNPvK': 3000, 'KNNvK': 87, 'KNNvKB': 194, 'KNNvKN': 738, 'KNNvKP': 3000, 'KNNvKQ': 57, 'KNNvKR': 86, 'KNPPvK': 3000, 'KNPvK': 3000, 'KNPvKB': 3000, 'KNPvKN': 3000, 'KNPvKP': 3000, 'KNPvKQ': 3000, 'KNPvKR': 3000, 'KNvK': 0, 'KNvKN': 3, 'KNvKP': 46, 'KPPPvK': 3000, 'KPPvK': 3000, 'KPPvKB': 3000, 'KPPvKN': 3000, 'KPPvKP': 3000, 'KPPvKQ': 3000, 'KPPvKR': 3000, 'KPvK': 3000, 'KPvKP': 3000, 'KQBBvK': 3000, 'KQBNvK': 3000, 'KQBPvK': 3000, 'KQBvK': 3000, 'KQBvKB': 3000, 'KQBvKN': 3000, 'KQBvKP': 3000, 'KQBvKQ': 3000, 'KQBvKR': 3000, 'KQNNvK': 3000, 'KQNPvK': 3000, 'KQNvK': 3000, 'KQNvKB': 3000, 'KQNvKN': 3000, 'KQNvKP': 3000, 'KQNvKQ': 3000, 'KQNvKR': 3000, 'KQPPvK': 3000, 'KQPvK': 3000, 'KQPvKB': 3000, 'KQPvKN': 3000, 'KQPvKP': 3000, 'KQPvKQ': 3000, 'KQPvKR': 3000, 'KQQBvK': 3000, 'KQQNvK': 3000, 'KQQPvK': 3000, 'KQQQvK': 3000, 'KQQRvK': 3000, 'KQQvK': 3000, 'KQQvKB': 3000, 'KQQvKN': 3000, 'KQQvKP': 3000, 'KQQvKQ': 3000, 'KQQvKR': 3000, 'KQRBvK': 3000, 'KQRNvK': 3000, 'KQRPvK': 3000, 'KQRRvK': 3000, 'KQRvK': 3000, 'KQRvKB': 3000, 'KQRvKN': 3000, 'KQRvKP': 3000, 'KQRvKQ': 3000, 'KQRvKR': 3000, 'KQvK': 3000, 'KQvKB': 3000, 'KQvKN': 3000, 'KQvKP': 3000, 'KQvKQ': 3000, 'KQvKR': 3000, 'KRBBvK': 3000, 'KRBNvK': 3000, 'KRBPvK': 3000, 'KRBvK': 3000, 'KRBvKB': 3000, 'KRBvKN': 3000, 'KRBvKP': 3000, 'KRBvKQ': 3000, 'KRBvKR': 3000, 'KRNNvK': 3000, 'KRNPvK': 3000, 'KRNvK': 3000, 'KRNvKB': 3000, 'KRNvKN': 3000, 'KRNvKP': 3000, 'KRNvKQ': 3000, 'KRNvKR': 3000, 'KRPPvK': 3000, 'KRPvK': 3000, 'KRPvKB': 3000, 'KRPvKN': 3000, 'KRPvKP': 0, 'KRPvKQ': 0, 'KRPvKR': 0, 'KRRBvK': 0, 'KRRNvK': 0, 'KRRPvK': 0, 'KRRRvK': 0, 'KRRvK': 0, 'KRRvKB': 0, 'KRRvKBN': 0, 'KRRvKBP': 0, 'KRRvKN': 0, 'KRRvKNP': 0, 'KRRvKP': 0, 'KRRvKQ': 0, 'KRRvKR': 0, 'KRvK': 0, 'KRvKB': 0, 'KRvKN': 0, 'KRvKP': 0, 'KRvKR': 0}
VERDICT DTM_DATA n=412290 dtm[min=1 med=25 max=199] workers=3 -> data/derived/nucleus/round_3.npz
