[gen] ALL tablebase classes on disk: ['KBBBvK', 'KBBNvK', 'KBBPvK', 'KBBvK', 'KBBvKB', 'KBBvKN', 'KBBvKP', 'KBBvKQ', 'KBBvKR', 'KBNNvK', 'KBNPvK', 'KBNPvKR', 'KBNvK', 'KBNvKB', 'KBNvKN', 'KBNvKP', 'KBNvKQ', 'KBNvKR', 'KBPPvK', 'KBPvK', 'KBPvKB', 'KBPvKN', 'KBPvKP', 'KBPvKQ', 'KBPvKR', 'KBvK', 'KBvKB', 'KBvKN', 'KBvKP', 'KNNNvK', 'KNNPvK', 'KNNvK', 'KNNvKB', 'KNNvKN', 'KNNvKP', 'KNNvKQ', 'KNNvKR', 'KNPPvK', 'KNPvK', 'KNPvKB', 'KNPvKN', 'KNPvKP', 'KNPvKQ', 'KNPvKR', 'KNvK', 'KNvKN', 'KNvKP', 'KPPPvK', 'KPPvK', 'KPPvKB', 'KPPvKN', 'KPPvKP', 'KPPvKQ', 'KPPvKR', 'KPvK', 'KPvKP', 'KQBBvK', 'KQBNvK', 'KQBPvK', 'KQBvK', 'KQBvKB', 'KQBvKN', 'KQBvKP', 'KQBvKQ', 'KQBvKR', 'KQNNvK', 'KQNPvK', 'KQNvK', 'KQNvKB', 'KQNvKN', 'KQNvKP', 'KQNvKQ', 'KQNvKR', 'KQPPvK', 'KQPvK', 'KQPvKB', 'KQPvKN', 'KQPvKP', 'KQPvKQ', 'KQPvKR', 'KQQBvK', 'KQQNvK', 'KQQPvK', 'KQQQvK', 'KQQRvK', 'KQQvK', 'KQQvKB', 'KQQvKN', 'KQQvKP', 'KQQvKQ', 'KQQvKR', 'KQRBvK', 'KQRNvK', 'KQRPvK', 'KQRRvK', 'KQRvK', 'KQRvKB', 'KQRvKN', 'KQRvKP', 'KQRvKQ', 'KQRvKR', 'KQvK', 'KQvKB', 'KQvKN', 'KQvKP', 'KQvKQ', 'KQvKR', 'KRBBvK', 'KRBNvK', 'KRBPvK', 'KRBvK', 'KRBvKB', 'KRBvKN', 'KRBvKP', 'KRBvKQ', 'KRBvKR', 'KRNNvK', 'KRNPvK', 'KRNvK', 'KRNvKB', 'KRNvKN', 'KRNvKP', 'KRNvKQ', 'KRNvKR', 'KRPPvK', 'KRPvK', 'KRPvKB', 'KRPvKN', 'KRPvKP', 'KRPvKQ', 'KRPvKR', 'KRRBvK', 'KRRNvK', 'KRRPvK', 'KRRRvK', 'KRRvK', 'KRRvKB', 'KRRvKBN', 'KRRvKBP', 'KRRvKN', 'KRRvKNP', 'KRRvKP', 'KRRvKQ', 'KRRvKR', 'KRvK', 'KRvKB', 'KRvKN', 'KRvKP', 'KRvKR']
[stage] DTM gen: 149 materials x 700 = 104300 target across 3 workers (447 chunks)
  chunk done: KBBBvK +233  total 233/104300  (4/s)
  chunk done: KBBBvK +233  total 466/104300  (8/s)
  chunk done: KBBBvK +234  total 700/104300  (11/s)
  chunk done: KBBNvK +234  total 934/104300  (6/s)
  chunk done: KBBNvK +233  total 1167/104300  (8/s)
  chunk done: KBBNvK +233  total 1400/104300  (9/s)
  chunk done: KBBPvK +233  total 1633/104300  (8/s)
  chunk done: KBBPvK +234  total 1867/104300  (9/s)
  chunk done: KBBPvK +233  total 2100/104300  (10/s)
  chunk done: KBBvK +234  total 2334/104300  (10/s)
  chunk done: KBBvK +233  total 2567/104300  (11/s)
  chunk done: KBBvK +233  total 2800/104300  (12/s)
  chunk done: KBBvKB +233  total 3033/104300  (11/s)
  chunk done: KBBvKB +234  total 3267/104300  (12/s)
  chunk done: KBBvKB +233  total 3500/104300  (12/s)
  chunk done: KBBvKN +234  total 3734/104300  (8/s)
  chunk done: KBBvKN +233  total 3967/104300  (8/s)
  chunk done: KBBvKN +233  total 4200/104300  (8/s)
  chunk done: KBBvKP +234  total 4434/104300  (7/s)
  chunk done: KBBvKP +233  total 4667/104300  (7/s)
  chunk done: KBBvKP +233  total 4900/104300  (7/s)
  chunk done: KBBvKQ +234  total 5134/104300  (7/s)
  chunk done: KBBvKQ +233  total 5367/104300  (8/s)
  chunk done: KBBvKQ +233  total 5600/104300  (8/s)
  chunk done: KBBvKR +234  total 5834/104300  (8/s)
  chunk done: KBBvKR +233  total 6067/104300  (8/s)
  chunk done: KBBvKR +233  total 6300/104300  (8/s)
  chunk done: KBNNvK +234  total 6534/104300  (8/s)
  chunk done: KBNNvK +233  total 6767/104300  (8/s)
  chunk done: KBNNvK +233  total 7000/104300  (8/s)
  chunk done: KBNPvK +233  total 7233/104300  (8/s)
  chunk done: KBNPvK +234  total 7467/104300  (8/s)
  chunk done: KBNPvK +233  total 7700/104300  (8/s)
  chunk done: KBNPvKR +234  total 7934/104300  (8/s)
  chunk done: KBNPvKR +233  total 8167/104300  (8/s)
  chunk done: KBNPvKR +233  total 8400/104300  (8/s)
  chunk done: KBNvK +234  total 8634/104300  (8/s)
  chunk done: KBNvK +233  total 8867/104300  (8/s)
  chunk done: KBNvK +233  total 9100/104300  (8/s)
  chunk done: KBNvKB +233  total 9333/104300  (8/s)
  chunk done: KBNvKB +234  total 9567/104300  (8/s)
  chunk done: KBNvKB +233  total 9800/104300  (8/s)
  chunk done: KBNvKN +234  total 10034/104300  (8/s)
  chunk done: KBNvKN +233  total 10267/104300  (8/s)
  chunk done: KBNvKN +233  total 10500/104300  (8/s)
  chunk done: KBNvKP +233  total 10733/104300  (6/s)
  chunk done: KBNvKP +234  total 10967/104300  (6/s)
  chunk done: KBNvKQ +234  total 11201/104300  (6/s)
  chunk done: KBNvKP +233  total 11434/104300  (6/s)
  chunk done: KBNvKQ +233  total 11667/104300  (6/s)
  chunk done: KBNvKQ +233  total 11900/104300  (6/s)
  chunk done: KBNvKR +233  total 12133/104300  (6/s)
  chunk done: KBNvKR +234  total 12367/104300  (7/s)
  chunk done: KBPPvK +234  total 12601/104300  (6/s)
  chunk done: KBPPvK +233  total 12834/104300  (7/s)
  chunk done: KBNvKR +233  total 13067/104300  (7/s)
  chunk done: KBPvK +233  total 13300/104300  (7/s)
  chunk done: KBPvK +234  total 13534/104300  (7/s)
  chunk done: KBPPvK +233  total 13767/104300  (7/s)
  chunk done: KBPvK +233  total 14000/104300  (7/s)
  chunk done: KBPvKB +234  total 14234/104300  (7/s)
  chunk done: KBPvKB +233  total 14467/104300  (7/s)
  chunk done: KBPvKB +233  total 14700/104300  (7/s)
  chunk done: KBPvKN +234  total 14934/104300  (7/s)
  chunk done: KBPvKN +233  total 15167/104300  (7/s)
  chunk done: KBPvKP +234  total 15401/104300  (7/s)
  chunk done: KBPvKN +233  total 15634/104300  (7/s)
  chunk done: KBPvKP +233  total 15867/104300  (7/s)
  chunk done: KBPvKQ +234  total 16101/104300  (7/s)
  chunk done: KBPvKP +233  total 16334/104300  (7/s)
  chunk done: KBPvKQ +233  total 16567/104300  (7/s)
  chunk done: KBPvKQ +233  total 16800/104300  (7/s)
  chunk done: KBPvKR +233  total 17033/104300  (7/s)
  chunk done: KBPvKR +234  total 17267/104300  (7/s)
  chunk done: KBPvKR +233  total 17500/104300  (7/s)
  chunk done: KBvK +0  total 17500/104300  (7/s)
  chunk done: KBvK +0  total 17500/104300  (7/s)
  chunk done: KBvK +0  total 17500/104300  (7/s)
  chunk done: KBvKB +0  total 17500/104300  (7/s)
  chunk done: KBvKB +6  total 17506/104300  (7/s)
  chunk done: KBvKB +5  total 17511/104300  (7/s)
  chunk done: KBvKN +0  total 17511/104300  (7/s)
  chunk done: KBvKN +0  total 17511/104300  (7/s)
  chunk done: KBvKN +0  total 17511/104300  (7/s)
  chunk done: KBvKP +1  total 17512/104300  (7/s)
  chunk done: KBvKP +1  total 17513/104300  (7/s)
  chunk done: KBvKP +3  total 17516/104300  (7/s)
  chunk done: KNNNvK +234  total 17750/104300  (7/s)
  chunk done: KNNNvK +233  total 17983/104300  (7/s)
  chunk done: KNNNvK +233  total 18216/104300  (7/s)
  chunk done: KNNPvK +234  total 18450/104300  (7/s)
  chunk done: KNNPvK +233  total 18683/104300  (7/s)
  chunk done: KNNPvK +233  total 18916/104300  (7/s)
  chunk done: KNNvK +9  total 18925/104300  (7/s)
  chunk done: KNNvK +5  total 18930/104300  (7/s)
  chunk done: KNNvK +13  total 18943/104300  (7/s)
  chunk done: KNNvKB +11  total 18954/104300  (7/s)
  chunk done: KNNvKB +19  total 18973/104300  (7/s)
  chunk done: KNNvKB +20  total 18993/104300  (7/s)
  chunk done: KNNvKN +57  total 19050/104300  (7/s)
  chunk done: KNNvKN +48  total 19098/104300  (7/s)
  chunk done: KNNvKN +59  total 19157/104300  (7/s)
  chunk done: KNNvKP +234  total 19391/104300  (7/s)
  chunk done: KNNvKP +233  total 19624/104300  (7/s)
  chunk done: KNNvKP +233  total 19857/104300  (7/s)
  chunk done: KNNvKQ +6  total 19863/104300  (7/s)
  chunk done: KNNvKQ +2  total 19865/104300  (7/s)
  chunk done: KNNvKQ +4  total 19869/104300  (7/s)
  chunk done: KNNvKR +4  total 19873/104300  (7/s)
  chunk done: KNNvKR +3  total 19876/104300  (7/s)
  chunk done: KNNvKR +2  total 19878/104300  (7/s)
  chunk done: KNPPvK +234  total 20112/104300  (7/s)
  chunk done: KNPPvK +233  total 20345/104300  (7/s)
  chunk done: KNPPvK +233  total 20578/104300  (7/s)
  chunk done: KNPvK +234  total 20812/104300  (7/s)
  chunk done: KNPvK +233  total 21045/104300  (7/s)
  chunk done: KNPvK +233  total 21278/104300  (7/s)
  chunk done: KNPvKB +234  total 21512/104300  (7/s)
  chunk done: KNPvKB +233  total 21745/104300  (7/s)
  chunk done: KNPvKB +233  total 21978/104300  (7/s)
  chunk done: KNPvKN +234  total 22212/104300  (7/s)
  chunk done: KNPvKN +233  total 22445/104300  (7/s)
  chunk done: KNPvKN +233  total 22678/104300  (7/s)
  chunk done: KNPvKP +234  total 22912/104300  (7/s)
  chunk done: KNPvKP +233  total 23145/104300  (7/s)
  chunk done: KNPvKP +233  total 23378/104300  (7/s)
  chunk done: KNPvKQ +234  total 23612/104300  (7/s)
  chunk done: KNPvKQ +233  total 23845/104300  (7/s)
  chunk done: KNPvKQ +233  total 24078/104300  (7/s)
  chunk done: KNPvKR +234  total 24312/104300  (7/s)
  chunk done: KNPvKR +233  total 24545/104300  (7/s)
  chunk done: KNPvKR +233  total 24778/104300  (7/s)
  chunk done: KNvK +0  total 24778/104300  (7/s)
  chunk done: KNvK +0  total 24778/104300  (7/s)
  chunk done: KNvK +0  total 24778/104300  (7/s)
  chunk done: KNvKN +1  total 24779/104300  (7/s)
  chunk done: KNvKN +0  total 24779/104300  (7/s)
  chunk done: KNvKN +0  total 24779/104300  (7/s)
  chunk done: KNvKP +4  total 24783/104300  (7/s)
  chunk done: KNvKP +3  total 24786/104300  (7/s)
  chunk done: KNvKP +3  total 24789/104300  (7/s)
  chunk done: KPPPvK +234  total 25023/104300  (7/s)
  chunk done: KPPPvK +233  total 25256/104300  (7/s)
  chunk done: KPPPvK +233  total 25489/104300  (7/s)
  chunk done: KPPvK +234  total 25723/104300  (7/s)
  chunk done: KPPvK +233  total 25956/104300  (7/s)
  chunk done: KPPvK +233  total 26189/104300  (7/s)
  chunk done: KPPvKB +234  total 26423/104300  (7/s)
  chunk done: KPPvKB +233  total 26656/104300  (7/s)
  chunk done: KPPvKB +233  total 26889/104300  (7/s)
  chunk done: KPPvKN +233  total 27122/104300  (7/s)
  chunk done: KPPvKN +234  total 27356/104300  (7/s)
  chunk done: KPPvKN +233  total 27589/104300  (7/s)
  chunk done: KPPvKP +234  total 27823/104300  (7/s)
  chunk done: KPPvKP +233  total 28056/104300  (7/s)
  chunk done: KPPvKP +233  total 28289/104300  (7/s)
  chunk done: KPPvKQ +234  total 28523/104300  (7/s)
  chunk done: KPPvKQ +233  total 28756/104300  (7/s)
  chunk done: KPPvKQ +233  total 28989/104300  (8/s)
  chunk done: KPPvKR +234  total 29223/104300  (7/s)
  chunk done: KPPvKR +233  total 29456/104300  (7/s)
  chunk done: KPvK +234  total 29690/104300  (7/s)
  chunk done: KPvK +233  total 29923/104300  (8/s)
  chunk done: KPPvKR +233  total 30156/104300  (8/s)
  chunk done: KPvK +233  total 30389/104300  (8/s)
  chunk done: KPvKP +234  total 30623/104300  (8/s)
  chunk done: KPvKP +233  total 30856/104300  (8/s)
  chunk done: KPvKP +233  total 31089/104300  (8/s)
  chunk done: KQBBvK +234  total 31323/104300  (8/s)
  chunk done: KQBBvK +233  total 31556/104300  (8/s)
  chunk done: KQBBvK +233  total 31789/104300  (8/s)
  chunk done: KQBNvK +234  total 32023/104300  (8/s)
  chunk done: KQBNvK +233  total 32256/104300  (8/s)
  chunk done: KQBNvK +233  total 32489/104300  (8/s)
  chunk done: KQBPvK +234  total 32723/104300  (8/s)
  chunk done: KQBPvK +233  total 32956/104300  (8/s)
  chunk done: KQBPvK +233  total 33189/104300  (8/s)
  chunk done: KQBvK +234  total 33423/104300  (8/s)
  chunk done: KQBvK +233  total 33656/104300  (8/s)
  chunk done: KQBvK +233  total 33889/104300  (8/s)
  chunk done: KQBvKB +234  total 34123/104300  (8/s)
  chunk done: KQBvKB +233  total 34356/104300  (8/s)
  chunk done: KQBvKB +233  total 34589/104300  (8/s)
  chunk done: KQBvKN +234  total 34823/104300  (8/s)
  chunk done: KQBvKN +233  total 35056/104300  (8/s)
  chunk done: KQBvKN +233  total 35289/104300  (8/s)
  chunk done: KQBvKP +234  total 35523/104300  (8/s)
  chunk done: KQBvKP +233  total 35756/104300  (8/s)
  chunk done: KQBvKQ +234  total 35990/104300  (8/s)
  chunk done: KQBvKP +233  total 36223/104300  (8/s)
  chunk done: KQBvKQ +233  total 36456/104300  (8/s)
  chunk done: KQBvKQ +233  total 36689/104300  (8/s)
  chunk done: KQBvKR +234  total 36923/104300  (8/s)
  chunk done: KQBvKR +233  total 37156/104300  (8/s)
  chunk done: KQBvKR +233  total 37389/104300  (8/s)
  chunk done: KQNNvK +234  total 37623/104300  (8/s)
  chunk done: KQNNvK +233  total 37856/104300  (8/s)
  chunk done: KQNNvK +233  total 38089/104300  (8/s)
  chunk done: KQNPvK +233  total 38322/104300  (8/s)
  chunk done: KQNPvK +233  total 38555/104300  (8/s)
  chunk done: KQNPvK +234  total 38789/104300  (8/s)
  chunk done: KQNvK +234  total 39023/104300  (8/s)
  chunk done: KQNvK +233  total 39256/104300  (8/s)
  chunk done: KQNvK +233  total 39489/104300  (8/s)
  chunk done: KQNvKB +234  total 39723/104300  (8/s)
  chunk done: KQNvKB +233  total 39956/104300  (8/s)
  chunk done: KQNvKB +233  total 40189/104300  (8/s)
  chunk done: KQNvKN +234  total 40423/104300  (8/s)
  chunk done: KQNvKN +233  total 40656/104300  (8/s)
  chunk done: KQNvKN +233  total 40889/104300  (8/s)
  chunk done: KQNvKP +234  total 41123/104300  (8/s)
  chunk done: KQNvKP +233  total 41356/104300  (8/s)
  chunk done: KQNvKQ +234  total 41590/104300  (8/s)
  chunk done: KQNvKQ +233  total 41823/104300  (8/s)
  chunk done: KQNvKP +233  total 42056/104300  (8/s)
  chunk done: KQNvKQ +233  total 42289/104300  (8/s)
  chunk done: KQNvKR +233  total 42522/104300  (8/s)
  chunk done: KQNvKR +234  total 42756/104300  (8/s)
  chunk done: KQNvKR +233  total 42989/104300  (8/s)
  chunk done: KQPPvK +234  total 43223/104300  (8/s)
  chunk done: KQPPvK +233  total 43456/104300  (8/s)
  chunk done: KQPvK +234  total 43690/104300  (8/s)
  chunk done: KQPPvK +233  total 43923/104300  (8/s)
  chunk done: KQPvK +233  total 44156/104300  (8/s)
  chunk done: KQPvK +233  total 44389/104300  (8/s)
  chunk done: KQPvKB +234  total 44623/104300  (8/s)
  chunk done: KQPvKB +233  total 44856/104300  (8/s)
  chunk done: KQPvKB +233  total 45089/104300  (8/s)
  chunk done: KQPvKN +234  total 45323/104300  (8/s)
  chunk done: KQPvKN +233  total 45556/104300  (8/s)
  chunk done: KQPvKN +233  total 45789/104300  (8/s)
  chunk done: KQPvKP +234  total 46023/104300  (8/s)
  chunk done: KQPvKP +233  total 46256/104300  (8/s)
  chunk done: KQPvKP +233  total 46489/104300  (8/s)
  chunk done: KQPvKQ +234  total 46723/104300  (8/s)
  chunk done: KQPvKQ +233  total 46956/104300  (8/s)
  chunk done: KQPvKQ +233  total 47189/104300  (8/s)
  chunk done: KQPvKR +233  total 47422/104300  (8/s)
  chunk done: KQPvKR +234  total 47656/104300  (8/s)
  chunk done: KQQBvK +234  total 47890/104300  (8/s)
  chunk done: KQPvKR +233  total 48123/104300  (8/s)
  chunk done: KQQBvK +233  total 48356/104300  (8/s)
  chunk done: KQQBvK +233  total 48589/104300  (8/s)
  chunk done: KQQNvK +234  total 48823/104300  (8/s)
  chunk done: KQQNvK +233  total 49056/104300  (8/s)
  chunk done: KQQNvK +233  total 49289/104300  (8/s)
  chunk done: KQQPvK +234  total 49523/104300  (8/s)
  chunk done: KQQPvK +233  total 49756/104300  (8/s)
  chunk done: KQQQvK +234  total 49990/104300  (8/s)
  chunk done: KQQPvK +233  total 50223/104300  (9/s)
  chunk done: KQQQvK +233  total 50456/104300  (9/s)
  chunk done: KQQQvK +233  total 50689/104300  (9/s)
  chunk done: KQQRvK +234  total 50923/104300  (9/s)
  chunk done: KQQRvK +233  total 51156/104300  (9/s)
  chunk done: KQQRvK +233  total 51389/104300  (9/s)
  chunk done: KQQvK +234  total 51623/104300  (9/s)
  chunk done: KQQvK +233  total 51856/104300  (9/s)
  chunk done: KQQvK +233  total 52089/104300  (9/s)
  chunk done: KQQvKB +234  total 52323/104300  (9/s)
  chunk done: KQQvKB +233  total 52556/104300  (9/s)
  chunk done: KQQvKB +233  total 52789/104300  (9/s)
  chunk done: KQQvKN +234  total 53023/104300  (9/s)
  chunk done: KQQvKN +233  total 53256/104300  (9/s)
  chunk done: KQQvKN +233  total 53489/104300  (9/s)
  chunk done: KQQvKP +233  total 53722/104300  (9/s)
  chunk done: KQQvKP +234  total 53956/104300  (9/s)
  chunk done: KQQvKP +233  total 54189/104300  (9/s)
  chunk done: KQQvKQ +233  total 54422/104300  (9/s)
  chunk done: KQQvKQ +234  total 54656/104300  (9/s)
  chunk done: KQQvKQ +233  total 54889/104300  (9/s)
  chunk done: KQQvKR +234  total 55123/104300  (9/s)
  chunk done: KQQvKR +233  total 55356/104300  (9/s)
  chunk done: KQQvKR +233  total 55589/104300  (9/s)
  chunk done: KQRBvK +234  total 55823/104300  (9/s)
  chunk done: KQRBvK +233  total 56056/104300  (9/s)
  chunk done: KQRBvK +233  total 56289/104300  (9/s)
  chunk done: KQRNvK +234  total 56523/104300  (9/s)
  chunk done: KQRNvK +233  total 56756/104300  (9/s)
  chunk done: KQRNvK +233  total 56989/104300  (9/s)
  chunk done: KQRPvK +233  total 57222/104300  (9/s)
  chunk done: KQRPvK +234  total 57456/104300  (9/s)
  chunk done: KQRPvK +233  total 57689/104300  (9/s)
  chunk done: KQRRvK +234  total 57923/104300  (9/s)
  chunk done: KQRRvK +233  total 58156/104300  (9/s)
  chunk done: KQRRvK +233  total 58389/104300  (9/s)
  chunk done: KQRvK +234  total 58623/104300  (9/s)
  chunk done: KQRvK +233  total 58856/104300  (9/s)
  chunk done: KQRvK +233  total 59089/104300  (9/s)
  chunk done: KQRvKB +233  total 59322/104300  (9/s)
  chunk done: KQRvKB +234  total 59556/104300  (9/s)
  chunk done: KQRvKB +233  total 59789/104300  (9/s)
  chunk done: KQRvKN +233  total 60022/104300  (9/s)
  chunk done: KQRvKN +234  total 60256/104300  (9/s)
  chunk done: KQRvKN +233  total 60489/104300  (9/s)
  chunk done: KQRvKP +234  total 60723/104300  (9/s)
  chunk done: KQRvKP +233  total 60956/104300  (9/s)
  chunk done: KQRvKQ +234  total 61190/104300  (9/s)
  chunk done: KQRvKP +233  total 61423/104300  (9/s)
  chunk done: KQRvKQ +233  total 61656/104300  (9/s)
  chunk done: KQRvKQ +233  total 61889/104300  (9/s)
  chunk done: KQRvKR +234  total 62123/104300  (9/s)
  chunk done: KQRvKR +233  total 62356/104300  (9/s)
  chunk done: KQRvKR +233  total 62589/104300  (9/s)
  chunk done: KQvK +234  total 62823/104300  (9/s)
  chunk done: KQvK +233  total 63056/104300  (9/s)
  chunk done: KQvK +233  total 63289/104300  (9/s)
  chunk done: KQvKB +234  total 63523/104300  (9/s)
  chunk done: KQvKB +233  total 63756/104300  (9/s)
  chunk done: KQvKB +233  total 63989/104300  (9/s)
  chunk done: KQvKN +234  total 64223/104300  (9/s)
  chunk done: KQvKN +233  total 64456/104300  (9/s)
  chunk done: KQvKN +233  total 64689/104300  (9/s)
  chunk done: KQvKP +233  total 64922/104300  (9/s)
  chunk done: KQvKP +234  total 65156/104300  (9/s)
  chunk done: KQvKQ +234  total 65390/104300  (9/s)
  chunk done: KQvKP +233  total 65623/104300  (9/s)
  chunk done: KQvKQ +233  total 65856/104300  (9/s)
  chunk done: KQvKQ +233  total 66089/104300  (9/s)
  chunk done: KQvKR +234  total 66323/104300  (9/s)
  chunk done: KQvKR +233  total 66556/104300  (9/s)
  chunk done: KQvKR +233  total 66789/104300  (9/s)
  chunk done: KRBBvK +234  total 67023/104300  (9/s)
  chunk done: KRBBvK +233  total 67256/104300  (9/s)
  chunk done: KRBBvK +233  total 67489/104300  (9/s)
  chunk done: KRBNvK +234  total 67723/104300  (9/s)
  chunk done: KRBNvK +233  total 67956/104300  (9/s)
  chunk done: KRBNvK +233  total 68189/104300  (9/s)
  chunk done: KRBPvK +234  total 68423/104300  (9/s)
  chunk done: KRBPvK +233  total 68656/104300  (9/s)
  chunk done: KRBvK +234  total 68890/104300  (9/s)
  chunk done: KRBPvK +233  total 69123/104300  (9/s)
  chunk done: KRBvK +233  total 69356/104300  (9/s)
  chunk done: KRBvK +233  total 69589/104300  (9/s)
  chunk done: KRBvKB +234  total 69823/104300  (9/s)
  chunk done: KRBvKB +233  total 70056/104300  (9/s)
  chunk done: KRBvKB +233  total 70289/104300  (9/s)
  chunk done: KRBvKN +234  total 70523/104300  (9/s)
  chunk done: KRBvKN +233  total 70756/104300  (9/s)
  chunk done: KRBvKN +233  total 70989/104300  (9/s)
  chunk done: KRBvKP +234  total 71223/104300  (9/s)
  chunk done: KRBvKP +233  total 71456/104300  (9/s)
  chunk done: KRBvKQ +233  total 71689/104300  (9/s)
  chunk done: KRBvKQ +234  total 71923/104300  (9/s)
  chunk done: KRBvKP +233  total 72156/104300  (9/s)
  chunk done: KRBvKQ +233  total 72389/104300  (9/s)
  chunk done: KRBvKR +234  total 72623/104300  (9/s)
  chunk done: KRBvKR +233  total 72856/104300  (9/s)
  chunk done: KRBvKR +233  total 73089/104300  (9/s)
  chunk done: KRNNvK +233  total 73322/104300  (9/s)
  chunk done: KRNNvK +234  total 73556/104300  (9/s)
  chunk done: KRNNvK +233  total 73789/104300  (9/s)
  chunk done: KRNPvK +234  total 74023/104300  (9/s)
  chunk done: KRNPvK +233  total 74256/104300  (9/s)
  chunk done: KRNPvK +233  total 74489/104300  (9/s)
  chunk done: KRNvK +234  total 74723/104300  (9/s)
  chunk done: KRNvK +233  total 74956/104300  (9/s)
  chunk done: KRNvK +233  total 75189/104300  (9/s)
  chunk done: KRNvKB +233  total 75422/104300  (9/s)
  chunk done: KRNvKB +234  total 75656/104300  (9/s)
  chunk done: KRNvKB +233  total 75889/104300  (9/s)
  chunk done: KRNvKN +234  total 76123/104300  (9/s)
  chunk done: KRNvKN +233  total 76356/104300  (9/s)
  chunk done: KRNvKN +233  total 76589/104300  (9/s)
  chunk done: KRNvKP +234  total 76823/104300  (9/s)
  chunk done: KRNvKP +233  total 77056/104300  (9/s)
  chunk done: KRNvKQ +234  total 77290/104300  (9/s)
  chunk done: KRNvKP +233  total 77523/104300  (9/s)
  chunk done: KRNvKQ +233  total 77756/104300  (9/s)
  chunk done: KRNvKQ +233  total 77989/104300  (9/s)
  chunk done: KRNvKR +234  total 78223/104300  (9/s)
  chunk done: KRNvKR +233  total 78456/104300  (9/s)
  chunk done: KRNvKR +233  total 78689/104300  (9/s)
  chunk done: KRPPvK +234  total 78923/104300  (9/s)
  chunk done: KRPPvK +233  total 79156/104300  (9/s)
  chunk done: KRPPvK +233  total 79389/104300  (9/s)
  chunk done: KRPvK +234  total 79623/104300  (9/s)
  chunk done: KRPvK +233  total 79856/104300  (9/s)
  chunk done: KRPvK +233  total 80089/104300  (9/s)
  chunk done: KRPvKB +234  total 80323/104300  (9/s)
  chunk done: KRPvKB +233  total 80556/104300  (9/s)
  chunk done: KRPvKB +233  total 80789/104300  (9/s)
  chunk done: KRPvKN +234  total 81023/104300  (9/s)
  chunk done: KRPvKP +234  total 81257/104300  (9/s)
  chunk done: KRPvKN +233  total 81490/104300  (9/s)
  chunk done: KRPvKN +233  total 81723/104300  (9/s)
  chunk done: KRPvKQ +234  total 81957/104300  (9/s)
  chunk done: KRPvKP +233  total 82190/104300  (9/s)
  chunk done: KRPvKP +233  total 82423/104300  (9/s)
  chunk done: KRPvKQ +233  total 82656/104300  (9/s)
  chunk done: KRPvKQ +233  total 82889/104300  (9/s)
  chunk done: KRPvKR +234  total 83123/104300  (9/s)
  chunk done: KRPvKR +233  total 83356/104300  (9/s)
  chunk done: KRPvKR +233  total 83589/104300  (9/s)
  chunk done: KRRBvK +234  total 83823/104300  (9/s)
  chunk done: KRRBvK +233  total 84056/104300  (9/s)
  chunk done: KRRBvK +233  total 84289/104300  (9/s)
  chunk done: KRRNvK +234  total 84523/104300  (9/s)
  chunk done: KRRNvK +233  total 84756/104300  (9/s)
  chunk done: KRRNvK +233  total 84989/104300  (9/s)
  chunk done: KRRPvK +234  total 85223/104300  (9/s)
  chunk done: KRRPvK +233  total 85456/104300  (9/s)
  chunk done: KRRRvK +234  total 85690/104300  (9/s)
  chunk done: KRRPvK +233  total 85923/104300  (9/s)
  chunk done: KRRRvK +233  total 86156/104300  (9/s)
  chunk done: KRRRvK +233  total 86389/104300  (9/s)
  chunk done: KRRvK +234  total 86623/104300  (9/s)
  chunk done: KRRvK +233  total 86856/104300  (9/s)
  chunk done: KRRvK +233  total 87089/104300  (9/s)
  chunk done: KRRvKB +234  total 87323/104300  (9/s)
  chunk done: KRRvKB +233  total 87556/104300  (9/s)
  chunk done: KRRvKB +233  total 87789/104300  (9/s)
  chunk done: KRRvKBN +234  total 88023/104300  (9/s)
  chunk done: KRRvKBN +233  total 88256/104300  (9/s)
  chunk done: KRRvKBN +233  total 88489/104300  (9/s)
  chunk done: KRRvKBP +234  total 88723/104300  (9/s)
  chunk done: KRRvKBP +233  total 88956/104300  (9/s)
  chunk done: KRRvKN +234  total 89190/104300  (9/s)
  chunk done: KRRvKBP +233  total 89423/104300  (9/s)
  chunk done: KRRvKN +233  total 89656/104300  (9/s)
  chunk done: KRRvKN +233  total 89889/104300  (9/s)
  chunk done: KRRvKNP +234  total 90123/104300  (9/s)
  chunk done: KRRvKNP +233  total 90356/104300  (9/s)
  chunk done: KRRvKNP +233  total 90589/104300  (9/s)
  chunk done: KRRvKP +234  total 90823/104300  (9/s)
  chunk done: KRRvKQ +234  total 91057/104300  (9/s)
  chunk done: KRRvKP +233  total 91290/104300  (9/s)
  chunk done: KRRvKQ +233  total 91523/104300  (9/s)
  chunk done: KRRvKP +233  total 91756/104300  (9/s)
  chunk done: KRRvKQ +233  total 91989/104300  (9/s)
  chunk done: KRRvKR +234  total 92223/104300  (9/s)
  chunk done: KRvK +234  total 92457/104300  (9/s)
  chunk done: KRvK +233  total 92690/104300  (9/s)
  chunk done: KRvK +233  total 92923/104300  (9/s)
  chunk done: KRRvKR +233  total 93156/104300  (9/s)
  chunk done: KRRvKR +233  total 93389/104300  (9/s)
  chunk done: KRvKB +234  total 93623/104300  (10/s)
  chunk done: KRvKB +233  total 93856/104300  (10/s)
  chunk done: KRvKB +233  total 94089/104300  (10/s)
  chunk done: KRvKN +234  total 94323/104300  (10/s)
  chunk done: KRvKN +233  total 94556/104300  (10/s)
  chunk done: KRvKN +233  total 94789/104300  (10/s)
  chunk done: KRvKP +234  total 95023/104300  (10/s)
  chunk done: KRvKP +233  total 95256/104300  (10/s)
  chunk done: KRvKP +233  total 95489/104300  (10/s)
  chunk done: KRvKR +234  total 95723/104300  (10/s)
  chunk done: KRvKR +233  total 95956/104300  (10/s)
  chunk done: KRvKR +233  total 96189/104300  (10/s)
[stage] 96189 positions: 10011.8s  per-material {'KBBBvK': 700, 'KBBNvK': 700, 'KBBPvK': 700, 'KBBvK': 700, 'KBBvKB': 700, 'KBBvKN': 700, 'KBBvKP': 700, 'KBBvKQ': 700, 'KBBvKR': 700, 'KBNNvK': 700, 'KBNPvK': 700, 'KBNPvKR': 700, 'KBNvK': 700, 'KBNvKB': 700, 'KBNvKN': 700, 'KBNvKP': 700, 'KBNvKQ': 700, 'KBNvKR': 700, 'KBPPvK': 700, 'KBPvK': 700, 'KBPvKB': 700, 'KBPvKN': 700, 'KBPvKP': 700, 'KBPvKQ': 700, 'KBPvKR': 700, 'KBvK': 0, 'KBvKB': 11, 'KBvKN': 0, 'KBvKP': 5, 'KNNNvK': 700, 'KNNPvK': 700, 'KNNvK': 27, 'KNNvKB': 50, 'KNNvKN': 164, 'KNNvKP': 700, 'KNNvKQ': 12, 'KNNvKR': 9, 'KNPPvK': 700, 'KNPvK': 700, 'KNPvKB': 700, 'KNPvKN': 700, 'KNPvKP': 700, 'KNPvKQ': 700, 'KNPvKR': 700, 'KNvK': 0, 'KNvKN': 1, 'KNvKP': 10, 'KPPPvK': 700, 'KPPvK': 700, 'KPPvKB': 700, 'KPPvKN': 700, 'KPPvKP': 700, 'KPPvKQ': 700, 'KPPvKR': 700, 'KPvK': 700, 'KPvKP': 700, 'KQBBvK': 700, 'KQBNvK': 700, 'KQBPvK': 700, 'KQBvK': 700, 'KQBvKB': 700, 'KQBvKN': 700, 'KQBvKP': 700, 'KQBvKQ': 700, 'KQBvKR': 700, 'KQNNvK': 700, 'KQNPvK': 700, 'KQNvK': 700, 'KQNvKB': 700, 'KQNvKN': 700, 'KQNvKP': 700, 'KQNvKQ': 700, 'KQNvKR': 700, 'KQPPvK': 700, 'KQPvK': 700, 'KQPvKB': 700, 'KQPvKN': 700, 'KQPvKP': 700, 'KQPvKQ': 700, 'KQPvKR': 700, 'KQQBvK': 700, 'KQQNvK': 700, 'KQQPvK': 700, 'KQQQvK': 700, 'KQQRvK': 700, 'KQQvK': 700, 'KQQvKB': 700, 'KQQvKN': 700, 'KQQvKP': 700, 'KQQvKQ': 700, 'KQQvKR': 700, 'KQRBvK': 700, 'KQRNvK': 700, 'KQRPvK': 700, 'KQRRvK': 700, 'KQRvK': 700, 'KQRvKB': 700, 'KQRvKN': 700, 'KQRvKP': 700, 'KQRvKQ': 700, 'KQRvKR': 700, 'KQvK': 700, 'KQvKB': 700, 'KQvKN': 700, 'KQvKP': 700, 'KQvKQ': 700, 'KQvKR': 700, 'KRBBvK': 700, 'KRBNvK': 700, 'KRBPvK': 700, 'KRBvK': 700, 'KRBvKB': 700, 'KRBvKN': 700, 'KRBvKP': 700, 'KRBvKQ': 700, 'KRBvKR': 700, 'KRNNvK': 700, 'KRNPvK': 700, 'KRNvK': 700, 'KRNvKB': 700, 'KRNvKN': 700, 'KRNvKP': 700, 'KRNvKQ': 700, 'KRNvKR': 700, 'KRPPvK': 700, 'KRPvK': 700, 'KRPvKB': 700, 'KRPvKN': 700, 'KRPvKP': 0, 'KRPvKQ': 0, 'KRPvKR': 0, 'KRRBvK': 0, 'KRRNvK': 0, 'KRRPvK': 0, 'KRRRvK': 0, 'KRRvK': 0, 'KRRvKB': 0, 'KRRvKBN': 0, 'KRRvKBP': 0, 'KRRvKN': 0, 'KRRvKNP': 0, 'KRRvKP': 0, 'KRRvKQ': 0, 'KRRvKR': 0, 'KRvK': 0, 'KRvKB': 0, 'KRvKN': 0, 'KRvKP': 0, 'KRvKR': 0}
VERDICT DTM_DATA n=96189 dtm[min=1 med=25 max=199] workers=3 -> data/derived/nucleus/round_1.npz
