shards=lichess_db_standard_rated_2019-01.prefix4gb device=mps steps=2500 batch=128 d=512 quasimetric=True ply_gap_weight=0.05 asym_weight=0.0 two_horizon=False
model params: 9.1M (d=512 channels=128 blocks=10 enc_out=512)
holdout: 8 batches of 128
committor-base ON: phead 66051 params, phead-weight=0.1 (no pole term, no goal vectors)
/Users/kav/code/remote/github/catspace/catspace/nn/fb.py:608: UserWarning: Converting a tensor with requires_grad=True to a scalar may lead to unexpected behavior.
Consider using tensor.detach() first. (Triggered internally at /Users/runner/work/pytorch/pytorch/torch/csrc/autograd/generated/python_variable_methods.cpp:823.)
  d_unr = float(d_far[m].mean())
    qrl push 16.617 sq_dev 0.2622 lam 1.152 d_step 0.490 d_rand 0.488 var 0.936 sib 0.000 unr 29.507 unrb 29.511 d_unr 0.49 d_oth 0.48
    phead 1.1262
step 100  loss 386.9242  train_top1 0.000  lr 1.99e-04  (3.3 it/s)
    qrl push 10.522 sq_dev 8.0192 lam 5.111 d_step 3.414 d_rand 9.566 var 0.046 sib 0.000 unr 20.955 unrb 21.163 d_unr 9.15 d_oth 11.03
    phead 0.7167
step 200  loss 246.6729  train_top1 0.000  lr 1.97e-04  (3.3 it/s)
    qrl push 7.833 sq_dev 0.8612 lam 6.658 d_step 1.514 d_rand 21.100 var 0.011 sib 0.000 unr 14.294 unrb 15.028 d_unr 21.37 d_oth 19.08
    phead 0.5438
step 300  loss 316.3972  train_top1 0.000  lr 1.94e-04  (3.3 it/s)
    qrl push 9.869 sq_dev 17.9456 lam 9.878 d_step 3.329 d_rand 14.382 var 0.031 sib 0.000 unr 18.533 unrb 16.054 d_unr 14.50 d_oth 13.70
    phead 0.8858
step 400  loss 275.7778  train_top1 0.000  lr 1.89e-04  (3.4 it/s)
    qrl push 8.221 sq_dev 5.8078 lam 12.094 d_step 2.221 d_rand 24.893 var 0.012 sib 0.000 unr 14.969 unrb 15.499 d_unr 26.34 d_oth 21.60
    phead 1.4594
step 500  loss 294.2686  train_top1 0.000  lr 1.83e-04  (3.4 it/s)
  VAL step 500  loss 73.7156  top1 0.008  top8 0.095
    qrl push 10.063 sq_dev 0.3663 lam 11.562 d_step 1.046 d_rand 20.971 var 0.012 sib 0.000 unr 19.051 unrb 15.248 d_unr 20.81 d_oth 21.59
    phead 2.7568
step 600  loss 221.1757  train_top1 0.000  lr 1.76e-04  (3.2 it/s)
    qrl push 7.104 sq_dev 1.9089 lam 13.582 d_step 1.363 d_rand 33.525 var 0.002 sib 0.000 unr 13.014 unrb 10.257 d_unr 32.89 d_oth 36.75
    phead 0.8557
step 700  loss 203.1112  train_top1 0.000  lr 1.67e-04  (3.4 it/s)
    qrl push 6.492 sq_dev 0.4566 lam 13.739 d_step 1.065 d_rand 45.241 var 0.005 sib 0.000 unr 13.049 unrb 12.965 d_unr 41.27 d_oth 77.61
    phead 0.5837
step 800  loss 224.9657  train_top1 0.000  lr 1.58e-04  (3.3 it/s)
    qrl push 6.719 sq_dev 0.1841 lam 14.406 d_step 1.256 d_rand 35.942 var 0.004 sib 0.000 unr 13.666 unrb 10.244 d_unr 32.72 d_oth 53.32
    phead 1.1333
step 900  loss 163.5759  train_top1 0.000  lr 1.48e-04  (3.3 it/s)
    qrl push 4.365 sq_dev 0.9414 lam 15.633 d_step 1.519 d_rand 47.576 var 0.001 sib 0.000 unr 7.887 unrb 5.634 d_unr 48.12 d_oth 45.09
    phead 0.9022
step 1000  loss 169.5769  train_top1 0.000  lr 1.38e-04  (3.3 it/s)
  VAL step 1000  loss 204.5053  top1 0.011  top8 0.102
    qrl push 4.230 sq_dev 0.0701 lam 16.193 d_step 1.206 d_rand 58.747 var 0.002 sib 0.000 unr 8.969 unrb 7.723 d_unr 52.97 d_oth 76.83
    phead 3.0747
step 1100  loss 209.8712  train_top1 0.000  lr 1.27e-04  (3.2 it/s)
    qrl push 6.781 sq_dev 0.6838 lam 17.300 d_step 0.270 d_rand 50.752 var 0.002 sib 0.000 unr 13.808 unrb 12.650 d_unr 46.75 d_oth 62.76
    phead 1.0055
step 1200  loss 140.5084  train_top1 0.000  lr 1.16e-04  (3.4 it/s)
    qrl push 5.190 sq_dev 94.3767 lam 19.995 d_step 1.860 d_rand 55.528 var 0.000 sib 0.000 unr 10.894 unrb 6.585 d_unr 52.87 d_oth 62.59
    phead 0.9483
step 1300  loss 185.9392  train_top1 0.000  lr 1.04e-04  (3.3 it/s)
    qrl push 4.462 sq_dev 8.0911 lam 19.878 d_step 1.593 d_rand 63.165 var 0.000 sib 0.000 unr 8.200 unrb 7.303 d_unr 63.01 d_oth 64.22
    phead 0.7954
step 1400  loss 212.2268  train_top1 0.000  lr 9.32e-05  (3.4 it/s)
    qrl push 3.883 sq_dev 0.1471 lam 18.974 d_step 0.949 d_rand 57.694 var 0.002 sib 0.000 unr 7.783 unrb 9.227 d_unr 58.38 d_oth 55.72
    phead 0.7153
step 1500  loss 109.7681  train_top1 0.000  lr 8.23e-05  (3.4 it/s)
  VAL step 1500  loss 315.3514  top1 0.014  top8 0.109
    qrl push 2.823 sq_dev 0.2417 lam 19.446 d_step 1.013 d_rand 82.162 var 0.001 sib 0.000 unr 5.408 unrb 5.135 d_unr 82.97 d_oth 79.54
    phead 0.7500
step 1600  loss 131.8011  train_top1 0.000  lr 7.18e-05  (3.2 it/s)
    qrl push 4.945 sq_dev 3.0835 lam 22.041 d_step 1.722 d_rand 69.129 var 0.001 sib 0.000 unr 10.306 unrb 8.233 d_unr 69.09 d_oth 69.23
    phead 0.6702
step 1700  loss 140.4357  train_top1 0.000  lr 6.19e-05  (3.4 it/s)
    qrl push 2.946 sq_dev 0.1075 lam 20.374 d_step 1.056 d_rand 101.869 var 0.001 sib 0.000 unr 5.383 unrb 6.982 d_unr 99.34 d_oth 111.80
    phead 0.7794
step 1800  loss 292.1375  train_top1 0.000  lr 5.27e-05  (3.4 it/s)
    qrl push 4.311 sq_dev 0.0277 lam 20.763 d_step 1.047 d_rand 75.266 var 0.002 sib 0.000 unr 9.719 unrb 6.310 d_unr 69.03 d_oth 94.76
    phead 0.7666
step 1900  loss 97.1474  train_top1 0.000  lr 4.45e-05  (3.4 it/s)
    qrl push 4.532 sq_dev 2.9064 lam 23.429 d_step 1.202 d_rand 78.117 var 0.001 sib 0.000 unr 8.899 unrb 7.004 d_unr 72.25 d_oth 119.17
    phead 2.0590
step 2000  loss 130.1976  train_top1 0.000  lr 3.73e-05  (3.4 it/s)
  VAL step 2000  loss 264.5191  top1 0.019  top8 0.111
    qrl push 4.030 sq_dev 0.0214 lam 21.597 d_step 1.093 d_rand 74.311 var 0.002 sib 0.000 unr 8.439 unrb 6.897 d_unr 69.35 d_oth 94.76
    phead 0.7515
step 2100  loss 97.4876  train_top1 0.000  lr 3.12e-05  (3.2 it/s)
    qrl push 3.350 sq_dev 0.1714 lam 22.039 d_step 1.159 d_rand 98.074 var 0.001 sib 0.000 unr 6.120 unrb 3.961 d_unr 97.72 d_oth 99.54
    phead 0.9382
step 2200  loss 106.7356  train_top1 0.000  lr 2.64e-05  (3.4 it/s)
    qrl push 3.797 sq_dev 1.0745 lam 23.061 d_step 1.158 d_rand 71.039 var 0.001 sib 0.000 unr 7.879 unrb 7.741 d_unr 71.59 d_oth 69.53
    phead 0.7705
step 2300  loss 83.1264  train_top1 0.000  lr 2.29e-05  (3.4 it/s)
    qrl push 2.936 sq_dev 0.2444 lam 22.796 d_step 1.080 d_rand 90.998 var 0.001 sib 0.000 unr 6.072 unrb 3.305 d_unr 87.05 d_oth 102.36
    phead 0.7073
step 2400  loss 126.6518  train_top1 0.000  lr 2.07e-05  (3.3 it/s)
    qrl push 3.336 sq_dev 0.2497 lam 23.307 d_step 1.141 d_rand 76.112 var 0.001 sib 0.000 unr 7.651 unrb 6.388 d_unr 72.90 d_oth 81.29
    phead 0.7494
step 2500  loss 105.3908  train_top1 0.000  lr 2.00e-05  (3.4 it/s)
  VAL step 2500  loss 347.7459  top1 0.011  top8 0.097
zgoal MATE_W: 2048 checkmate finals
zgoal MATE_B: 2048 checkmate finals
saved data/derived/sep/qrl_iqe_nocap_smoke.pt
saved data/derived/sep/qrl_iqe_nocap_smoke_phead.pt
VERDICT VAL_TOP1=0.011 VAL_TOP8=0.097 (chance 0.0078)
VERDICT REACH_SLOPE_WON=0.619 (n=200) REACH_SLOPE_LOST=0.600 (n=200)
VERDICT DIFF_SLOPE_WON=0.979 DIFF_SLOPE_LOST=0.981 (won-lost separation is the outcome signal; both were negative at step 2000)
