shards=lichess_db_standard_rated_2019-01.prefix4gb device=mps steps=2500 batch=128 d=512 quasimetric=True ply_gap_weight=0.05 asym_weight=0.0 two_horizon=False
model params: 9.1M (d=512 channels=128 blocks=10 enc_out=512)
holdout: 8 batches of 128
committor-base ON: phead 66051 params, phead-weight=1.0 (no pole term, no goal vectors)
/Users/kav/code/remote/github/catspace/catspace/nn/fb.py:521: UserWarning: Converting a tensor with requires_grad=True to a scalar may lead to unexpected behavior.
Consider using tensor.detach() first. (Triggered internally at /Users/runner/work/pytorch/pytorch/torch/csrc/autograd/generated/python_variable_methods.cpp:823.)
  stats = {"push": float(push), "sq_dev": float(sq_dev), "lam": float(lam),
    qrl push 39.768 sq_dev 0.0000 lam 1.000 d_step 0.443 d_rand 0.421 var 0.936
    phead 1.1262
step 100  loss 35.5993  train_top1 0.000  lr 2.99e-04  (4.6 it/s)
    qrl push 33.752 sq_dev 1.2887 lam 1.442 d_step 1.185 d_rand 6.756 var 0.017
    phead 0.8636
step 200  loss 40.4437  train_top1 0.000  lr 2.96e-04  (4.9 it/s)
    qrl push 35.270 sq_dev 0.0524 lam 1.948 d_step 0.780 d_rand 6.030 var 0.021
    phead 0.4826
step 300  loss 35.6319  train_top1 0.000  lr 2.91e-04  (4.8 it/s)
    qrl push 30.417 sq_dev 1.1219 lam 2.271 d_step 0.823 d_rand 10.701 var 0.005
    phead 0.7742
step 400  loss 33.7013  train_top1 0.000  lr 2.83e-04  (5.1 it/s)
    qrl push 33.013 sq_dev 1.5537 lam 2.525 d_step 0.797 d_rand 9.798 var 0.001
    phead 1.0107
step 500  loss 32.1652  train_top1 0.000  lr 2.74e-04  (5.0 it/s)
    qrl push 29.321 sq_dev 0.0815 lam 2.634 d_step 0.802 d_rand 15.958 var 0.003
    phead 3.3318
step 600  loss 33.2165  train_top1 0.000  lr 2.64e-04  (5.0 it/s)
    qrl push 32.439 sq_dev 0.0000 lam 2.787 d_step 0.006 d_rand 10.148 var 0.000
    phead 1.1369
step 700  loss 33.3360  train_top1 0.000  lr 2.51e-04  (5.1 it/s)
    qrl push 34.559 sq_dev 0.0000 lam 2.922 d_step 0.271 d_rand 7.098 var 0.000
    phead 0.5931
step 800  loss 36.3828  train_top1 0.000  lr 2.37e-04  (4.9 it/s)
    qrl push 34.354 sq_dev 0.1680 lam 3.108 d_step 1.121 d_rand 6.470 var 0.005
    phead 0.6944
