shards=lichess_db_standard_rated_2019-01.prefix4gb device=mps steps=2500 batch=128 d=512 quasimetric=True ply_gap_weight=0.05 asym_weight=0.0 two_horizon=False
model params: 9.1M (d=512 channels=128 blocks=10 enc_out=512)
holdout: 8 batches of 128
/Users/kav/code/remote/github/catspace/catspace/nn/fb.py:569: UserWarning: Converting a tensor with requires_grad=True to a scalar may lead to unexpected behavior.
Consider using tensor.detach() first. (Triggered internally at /Users/runner/work/pytorch/pytorch/torch/csrc/autograd/generated/python_variable_methods.cpp:823.)
  stats = {"push": float(push), "sq_dev": float(sq_dev), "lam": float(lam),
    qrl push 16.666 sq_dev 0.0000 lam 0.843 d_step 0.443 d_rand 0.428 var 0.000
step 100  loss 15.8247  train_top1 0.000  lr 2.99e-04  (6.1 it/s)
    qrl push 15.659 sq_dev 0.0716 lam 1.218 d_step 1.234 d_rand 1.686 var 0.000
step 200  loss 15.8456  train_top1 0.000  lr 2.96e-04  (6.2 it/s)
    qrl push 15.584 sq_dev 0.2191 lam 1.788 d_step 1.155 d_rand 1.798 var 0.000
step 300  loss 15.7505  train_top1 0.000  lr 2.91e-04  (6.2 it/s)
    qrl push 15.446 sq_dev 0.2030 lam 1.615 d_step 1.385 d_rand 1.958 var 0.000
step 400  loss 14.6305  train_top1 0.000  lr 2.83e-04  (6.3 it/s)
    qrl push 14.470 sq_dev 0.2101 lam 1.661 d_step 1.099 d_rand 3.299 var 0.000
step 500  loss 13.8051  train_top1 0.000  lr 2.74e-04  (6.3 it/s)
    qrl push 13.774 sq_dev 0.2290 lam 2.000 d_step 1.363 d_rand 4.834 var 0.000
step 600  loss 13.7647  train_top1 0.000  lr 2.64e-04  (6.3 it/s)
    qrl push 12.353 sq_dev 1.0292 lam 3.346 d_step 1.274 d_rand 7.236 var 0.000
step 700  loss 14.9805  train_top1 0.000  lr 2.51e-04  (6.3 it/s)
    qrl push 14.994 sq_dev 0.1044 lam 2.321 d_step 1.099 d_rand 2.795 var 0.000
step 800  loss 16.0980  train_top1 0.000  lr 2.37e-04  (6.3 it/s)
    qrl push 15.907 sq_dev 0.0045 lam 2.274 d_step 0.124 d_rand 1.460 var 0.000
step 900  loss 14.4555  train_top1 0.000  lr 2.23e-04  (6.3 it/s)
    qrl push 14.736 sq_dev 0.0800 lam 2.610 d_step 0.845 d_rand 3.084 var 0.000
step 1000  loss 12.2797  train_top1 0.000  lr 2.07e-04  (6.3 it/s)
    qrl push 11.645 sq_dev 0.1432 lam 2.205 d_step 0.831 d_rand 9.066 var 0.000
step 1100  loss 13.1362  train_top1 0.000  lr 1.90e-04  (6.3 it/s)
    qrl push 13.907 sq_dev 0.0382 lam 2.748 d_step 1.002 d_rand 4.917 var 0.000
step 1200  loss 16.3010  train_top1 0.000  lr 1.74e-04  (6.3 it/s)
    qrl push 15.473 sq_dev 0.0756 lam 2.501 d_step 1.143 d_rand 1.966 var 0.000
