shards=lichess_db_standard_rated_2019-01.prefix4gb device=mps steps=2500 batch=128 d=512 quasimetric=True ply_gap_weight=0.05 asym_weight=0.0 two_horizon=False
model params: 9.1M (d=512 channels=128 blocks=10 enc_out=512)
holdout: 8 batches of 128
committor-base ON: phead 66051 params, phead-weight=1.0 (no pole term, no goal vectors)
/Users/kav/code/remote/github/catspace/catspace/nn/fb.py:569: UserWarning: Converting a tensor with requires_grad=True to a scalar may lead to unexpected behavior.
Consider using tensor.detach() first. (Triggered internally at /Users/runner/work/pytorch/pytorch/torch/csrc/autograd/generated/python_variable_methods.cpp:823.)
  stats = {"push": float(push), "sq_dev": float(sq_dev), "lam": float(lam),
    qrl push 127.572 sq_dev 0.3134 lam 1.630 d_step 0.443 d_rand 0.428 var 0.936
    phead 1.1262
step 100  loss 127.3077  train_top1 0.000  lr 2.99e-04  (4.2 it/s)
    qrl push 126.002 sq_dev 0.2215 lam 1.640 d_step 1.257 d_rand 1.998 var 0.210
    phead 0.8596
step 200  loss 127.0728  train_top1 0.000  lr 2.96e-04  (4.2 it/s)
    qrl push 125.367 sq_dev 0.1186 lam 1.582 d_step 1.249 d_rand 2.633 var 0.060
    phead 1.0114
step 300  loss 128.0571  train_top1 0.000  lr 2.91e-04  (4.3 it/s)
    qrl push 126.772 sq_dev 0.0826 lam 1.909 d_step 1.208 d_rand 1.228 var 0.171
    phead 0.7388
step 400  loss 125.0691  train_top1 0.000  lr 2.83e-04  (4.2 it/s)
    qrl push 123.629 sq_dev 0.5068 lam 2.873 d_step 1.096 d_rand 4.371 var 0.005
    phead 0.8462
step 500  loss 128.3265  train_top1 0.000  lr 2.74e-04  (4.2 it/s)
    qrl push 124.457 sq_dev 2.3284 lam 6.526 d_step 1.562 d_rand 3.543 var 0.008
    phead 1.7702
step 600  loss 127.6248  train_top1 0.000  lr 2.64e-04  (4.2 it/s)
    qrl push 126.412 sq_dev 0.1255 lam 2.557 d_step 1.337 d_rand 1.588 var 0.059
    phead 0.8022
step 700  loss 127.4020  train_top1 0.000  lr 2.51e-04  (4.3 it/s)
    qrl push 126.612 sq_dev 0.1441 lam 2.860 d_step 1.198 d_rand 1.388 var 0.009
    phead 0.8706
step 800  loss 127.3472  train_top1 0.000  lr 2.37e-04  (4.3 it/s)
    qrl push 126.351 sq_dev 0.6556 lam 4.218 d_step 1.421 d_rand 1.649 var 0.036
    phead 0.8153
step 900  loss 123.0252  train_top1 0.000  lr 2.23e-04  (4.3 it/s)
    qrl push 123.942 sq_dev 0.2887 lam 3.582 d_step 1.113 d_rand 4.058 var 0.000
    phead 0.7392
step 1000  loss 129.8284  train_top1 0.000  lr 2.07e-04  (4.3 it/s)
    qrl push 126.340 sq_dev 0.0487 lam 1.702 d_step 0.879 d_rand 1.660 var 0.058
    phead 2.9726
step 1100  loss 127.9599  train_top1 0.000  lr 1.90e-04  (4.3 it/s)
    qrl push 126.987 sq_dev 0.0327 lam 3.397 d_step 1.022 d_rand 1.013 var 0.088
    phead 0.7970
step 1200  loss 128.9886  train_top1 0.000  lr 1.74e-04  (4.3 it/s)
    qrl push 126.523 sq_dev 0.0259 lam 2.688 d_step 1.113 d_rand 1.477 var 0.042
    phead 0.7970
step 1300  loss 127.2411  train_top1 0.000  lr 1.57e-04  (4.3 it/s)
    qrl push 125.928 sq_dev 0.0525 lam 3.453 d_step 1.125 d_rand 2.072 var 0.013
    phead 0.7152
step 1400  loss 126.0053  train_top1 0.000  lr 1.40e-04  (4.3 it/s)
    qrl push 125.479 sq_dev 0.0180 lam 3.536 d_step 1.035 d_rand 2.521 var 0.005
    phead 0.8065
step 1500  loss 126.0977  train_top1 0.000  lr 1.23e-04  (4.3 it/s)
    qrl push 125.306 sq_dev 0.0395 lam 3.708 d_step 1.093 d_rand 2.694 var 0.006
    phead 0.7359
step 1600  loss 126.6937  train_top1 0.000  lr 1.08e-04  (4.2 it/s)
    qrl push 125.642 sq_dev 0.1849 lam 4.313 d_step 0.883 d_rand 2.358 var 0.003
    phead 0.7392
step 1700  loss 129.8630  train_top1 0.000  lr 9.28e-05  (4.3 it/s)
    qrl push 126.754 sq_dev 0.2530 lam 4.002 d_step 0.903 d_rand 1.246 var 0.025
    phead 1.0433
