[stage] stratified perfect-play gen: 11 materials, 8 workers, 88 chunks to run (0 already done -> shards in data/derived/stratified_perfect.npz.shards)
  krrkbp   +  500  total 500  (3 pos/s, 159s)
  krrkbp   +  500  total 1000  (6 pos/s, 160s)
  krrkbp   +  500  total 1500  (9 pos/s, 162s)
  krrkbp   +  500  total 2000  (12 pos/s, 166s)
  krrkbp   +  500  total 2500  (15 pos/s, 166s)
  krrkbp   +  500  total 3000  (18 pos/s, 168s)
  krrkbp   +  500  total 3500  (20 pos/s, 173s)
  krrkbp   +  500  total 4000  (23 pos/s, 174s)
  krrkb    +  500  total 4500  (17 pos/s, 265s)
  krrkb    +  500  total 5000  (19 pos/s, 267s)
  krrkb    +  500  total 5500  (20 pos/s, 271s)
  krrkb    +  500  total 6000  (22 pos/s, 271s)
  krrkb    +  500  total 6500  (24 pos/s, 272s)
  krrkb    +  500  total 7000  (25 pos/s, 275s)
  krrkb    +  500  total 7500  (27 pos/s, 278s)
  krrkb    +  500  total 8000  (28 pos/s, 286s)
  krrkp    +  500  total 8500  (22 pos/s, 382s)
  krrkp    +  500  total 9000  (23 pos/s, 386s)
  krrkp    +  500  total 9500  (24 pos/s, 389s)
  krrkp    +  500  total 10000  (26 pos/s, 390s)
  krrkp    +  500  total 10500  (27 pos/s, 394s)
  krrkp    +  500  total 11000  (28 pos/s, 396s)
  krrkp    +  500  total 11500  (29 pos/s, 397s)
  krrkp    +  500  total 12000  (30 pos/s, 402s)
  krkbp    +  500  total 12500  (28 pos/s, 441s)
  krkbp    +  500  total 13000  (29 pos/s, 449s)
  krkbp    +  500  total 13500  (30 pos/s, 451s)
  krkbp    +  500  total 14000  (31 pos/s, 454s)
  krkbp    +  500  total 14500  (32 pos/s, 459s)
  krkbp    +  500  total 15000  (33 pos/s, 460s)
  krkbp    +  500  total 15500  (34 pos/s, 460s)
  krkbp    +  500  total 16000  (35 pos/s, 461s)
  krrk     +  500  total 16500  (32 pos/s, 516s)
  krrk     +  500  total 17000  (32 pos/s, 527s)
  krrk     +  500  total 17500  (33 pos/s, 529s)
  krrk     +  500  total 18000  (34 pos/s, 537s)
  krrk     +  500  total 18500  (34 pos/s, 538s)
  krrk     +  500  total 19000  (35 pos/s, 540s)
  krrk     +  500  total 19500  (36 pos/s, 541s)
  krkb     +  500  total 20000  (37 pos/s, 541s)
  krrk     +  500  total 20500  (38 pos/s, 542s)
  krkb     +  500  total 21000  (38 pos/s, 552s)
  krkb     +  500  total 21500  (39 pos/s, 555s)
  krkb     +  500  total 22000  (39 pos/s, 563s)
  krkb     +  500  total 22500  (40 pos/s, 564s)
  krkb     +  500  total 23000  (41 pos/s, 567s)
  krkb     +  500  total 23500  (41 pos/s, 567s)
  krkb     +  500  total 24000  (42 pos/s, 567s)
  krkp     +  500  total 24500  (39 pos/s, 628s)
  krkp     +  500  total 25000  (39 pos/s, 640s)
  krkp     +  500  total 25500  (40 pos/s, 642s)
  krkp     +  500  total 26000  (40 pos/s, 645s)
  krkp     +  500  total 26500  (41 pos/s, 653s)
  krkp     +  500  total 27000  (41 pos/s, 653s)
  krkp     +  500  total 27500  (42 pos/s, 653s)
  krkp     +  500  total 28000  (43 pos/s, 656s)
  kbpk     +  500  total 28500  (43 pos/s, 669s)
  kbpk     +  500  total 29000  (43 pos/s, 680s)
  kbpk     +  500  total 29500  (43 pos/s, 683s)
  kbpk     +  500  total 30000  (44 pos/s, 686s)
  kbpk     +  500  total 30500  (44 pos/s, 691s)
  kbpk     +  500  total 31000  (45 pos/s, 692s)
  kbpk     +  500  total 31500  (45 pos/s, 693s)
  kbpk     +  500  total 32000  (46 pos/s, 698s)
  krk      +  500  total 32500  (45 pos/s, 727s)
  krk      +  500  total 33000  (44 pos/s, 742s)
  krk      +  500  total 33500  (45 pos/s, 742s)
  krk      +  500  total 34000  (46 pos/s, 746s)
  kpk      +  500  total 34500  (46 pos/s, 750s)
  krk      +  500  total 35000  (47 pos/s, 751s)
  krk      +  500  total 35500  (47 pos/s, 752s)
  krk      +  500  total 36000  (48 pos/s, 754s)
  krk      +  500  total 36500  (48 pos/s, 756s)
  kpk      +  500  total 37000  (48 pos/s, 765s)
  kpk      +  500  total 37500  (49 pos/s, 767s)
  kpk      +  500  total 38000  (49 pos/s, 769s)
  kpk      +  500  total 38500  (50 pos/s, 774s)
  kpk      +  500  total 39000  (50 pos/s, 774s)
  kpk      +  500  total 39500  (51 pos/s, 776s)
  kpk      +  500  total 40000  (51 pos/s, 777s)
  kbk      +    0  total 40000  (29 pos/s, 1360s)
  kbk      +    0  total 40000  (29 pos/s, 1367s)
  kbk      +    0  total 40000  (29 pos/s, 1368s)
  kbk      +    0  total 40000  (29 pos/s, 1372s)
  kbk      +    0  total 40000  (29 pos/s, 1372s)
/opt/homebrew/Cellar/python@3.14/3.14.5/Frameworks/Python.framework/Versions/3.14/lib/python3.14/multiprocessing/resource_tracker.py:475: UserWarning: resource_tracker: There appear to be 5 leaked semaphore objects to clean up at shutdown: {'/mp-dldh_1ur', '/mp-o0n0r_s7', '/mp-0r9a4dbi', '/mp-9gofzof3', '/mp-jdw70yxd'}
  warnings.warn(
