[stage] stratified perfect-play gen: 13 materials, 8 workers, 104 chunks
  krrkbp   +  500  total 500  (3 pos/s, 158s)
  krrkbp   +  500  total 1000  (6 pos/s, 159s)
  krrkbp   +  500  total 1500  (9 pos/s, 161s)
  krrkbp   +  500  total 2000  (12 pos/s, 164s)
  krrkbp   +  500  total 2500  (15 pos/s, 165s)
  krrkbp   +  500  total 3000  (18 pos/s, 168s)
  krrkbp   +  500  total 3500  (20 pos/s, 171s)
  krrkbp   +  500  total 4000  (23 pos/s, 172s)
  krrkb    +  500  total 4500  (17 pos/s, 263s)
  krrkb    +  500  total 5000  (19 pos/s, 266s)
  krrkb    +  500  total 5500  (21 pos/s, 268s)
  krrkb    +  500  total 6000  (22 pos/s, 269s)
  krrkb    +  500  total 6500  (24 pos/s, 272s)
  krrkb    +  500  total 7000  (26 pos/s, 273s)
  krrkb    +  500  total 7500  (27 pos/s, 276s)
  krrkb    +  500  total 8000  (28 pos/s, 283s)
  krrkp    +  500  total 8500  (22 pos/s, 386s)
  krrkp    +  500  total 9000  (23 pos/s, 391s)
  krrkp    +  500  total 9500  (24 pos/s, 392s)
  krrkp    +  500  total 10000  (25 pos/s, 393s)
  krrkp    +  500  total 10500  (26 pos/s, 396s)
  krrkp    +  500  total 11000  (28 pos/s, 400s)
  krrkp    +  500  total 11500  (29 pos/s, 401s)
  krrkp    +  500  total 12000  (30 pos/s, 405s)
  krkbp    +  500  total 12500  (28 pos/s, 449s)
  krkbp    +  500  total 13000  (29 pos/s, 456s)
  krkbp    +  500  total 13500  (30 pos/s, 456s)
  krkbp    +  500  total 14000  (31 pos/s, 459s)
  krkbp    +  500  total 14500  (31 pos/s, 462s)
  krkbp    +  500  total 15000  (32 pos/s, 464s)
  krkbp    +  500  total 15500  (33 pos/s, 465s)
  krkbp    +  500  total 16000  (34 pos/s, 467s)
  krrk     +  500  total 16500  (31 pos/s, 525s)
  krrk     +  500  total 17000  (32 pos/s, 535s)
  krrk     +  500  total 17500  (33 pos/s, 535s)
  krrk     +  500  total 18000  (33 pos/s, 542s)
  krrk     +  500  total 18500  (34 pos/s, 543s)
  krrk     +  500  total 19000  (35 pos/s, 545s)
  krrk     +  500  total 19500  (36 pos/s, 545s)
  krrk     +  500  total 20000  (36 pos/s, 549s)
  krkb     +  500  total 20500  (37 pos/s, 550s)
  krkb     +  500  total 21000  (38 pos/s, 559s)
  krkb     +  500  total 21500  (38 pos/s, 561s)
  krkb     +  500  total 22000  (39 pos/s, 568s)
  krkb     +  500  total 22500  (40 pos/s, 569s)
  krkb     +  500  total 23000  (40 pos/s, 571s)
  krkb     +  500  total 23500  (41 pos/s, 571s)
  krkb     +  500  total 24000  (42 pos/s, 575s)
  krkp     +  500  total 24500  (38 pos/s, 637s)
  krkp     +  500  total 25000  (39 pos/s, 648s)
  krkp     +  500  total 25500  (39 pos/s, 650s)
  krkp     +  500  total 26000  (40 pos/s, 651s)
  krkp     +  500  total 26500  (40 pos/s, 658s)
  krkp     +  500  total 27000  (41 pos/s, 659s)
  krkp     +  500  total 27500  (42 pos/s, 659s)
  krkp     +  500  total 28000  (42 pos/s, 665s)
  kbpk     +  500  total 28500  (42 pos/s, 678s)
  kbpk     +  500  total 29000  (42 pos/s, 689s)
  kbpk     +  500  total 29500  (43 pos/s, 691s)
  kbpk     +  500  total 30000  (43 pos/s, 692s)
  kbpk     +  500  total 30500  (44 pos/s, 697s)
  kbpk     +  500  total 31000  (44 pos/s, 697s)
  kbpk     +  500  total 31500  (45 pos/s, 699s)
  kbpk     +  500  total 32000  (45 pos/s, 707s)
  krk      +  500  total 32500  (44 pos/s, 737s)
  krk      +  500  total 33000  (44 pos/s, 750s)
  krk      +  500  total 33500  (45 pos/s, 751s)
  krk      +  500  total 34000  (45 pos/s, 752s)
  krk      +  500  total 34500  (46 pos/s, 757s)
  krk      +  500  total 35000  (46 pos/s, 757s)
  krk      +  500  total 35500  (47 pos/s, 760s)
  kpk      +  500  total 36000  (47 pos/s, 760s)
  krk      +  500  total 36500  (48 pos/s, 765s)
  kpk      +  500  total 37000  (48 pos/s, 774s)
  kpk      +  500  total 37500  (48 pos/s, 775s)
  kpk      +  500  total 38000  (49 pos/s, 776s)
  kpk      +  500  total 38500  (49 pos/s, 781s)
  kpk      +  500  total 39000  (50 pos/s, 781s)
  kpk      +  500  total 39500  (51 pos/s, 782s)
  kpk      +  500  total 40000  (51 pos/s, 784s)
  kbk      +    0  total 40000  (29 pos/s, 1375s)
  kbk      +    0  total 40000  (29 pos/s, 1384s)
  kbk      +    0  total 40000  (29 pos/s, 1385s)
  kbk      +    0  total 40000  (29 pos/s, 1386s)
  kbk      +    0  total 40000  (29 pos/s, 1391s)
  kbk      +    0  total 40000  (29 pos/s, 1391s)
  kbk      +    0  total 40000  (29 pos/s, 1393s)
  kbk      +    0  total 40000  (29 pos/s, 1395s)
/opt/homebrew/Cellar/python@3.14/3.14.5/Frameworks/Python.framework/Versions/3.14/lib/python3.14/multiprocessing/resource_tracker.py:475: UserWarning: resource_tracker: There appear to be 5 leaked semaphore objects to clean up at shutdown: {'/mp-nda10dib', '/mp-qao6wzh0', '/mp-uzkummt6', '/mp-sdk0b1pn', '/mp-rixcja1e'}
  warnings.warn(
